CV False ('hohonet__encoder_stage2__global', 0.57)
CV False ('hohonet__encoder_stage4__global', 0.65)
CV False ('hohonet__encoder_stage2__regions', 1.13)
CV False ('hohonet__compressed__global', 0.92)
CV False ('hohonet__refined__global', 0.76)
CV False ('hohonet__encoder_stage4__regions', 2.41)
CV False ('hohonet__shared__global', 0.5)
CV False ('hohonet__shared__regions', 1.11)
CV False ('hohonet__legacy_current', 0.51)
CV False ('hohonet__compressed__regions', 4.37)
CV False ('bilayout__fc__global', 0.56)
CV False ('bilayout__fg_enclosed__global', 0.65)
CV False ('hohonet__refined__regions', 4.43)
CV False ('bilayout__fc__regions', 1.79)
CV False ('bilayout__fg_extended__global', 0.65)
CV False ('ulayout__compressed__global', 0.68)
CV False ('bilayout__fg_enclosed__regions', 2.25)
CV False ('bilayout__fg_extended__regions', 1.88)
CV False ('ulayout__transformer__global', 0.7)
CV False ('dinov3__block3__panorama_global', 0.66)
CV False ('ulayout__compressed__local16', 4.37)
CV False ('dinov3__block3__panorama_local16', 2.95)
CV False ('dinov3__block3__panorama_mean', 0.53)
CV False ('ulayout__transformer__local16', 4.25)
CV False ('dinov3__block3__faces_global', 0.61)
CV False ('dinov3__block6__panorama_global', 0.67)
CV False ('dinov3__block3__faces_concat', 1.23)
CV False ('dinov3__block6__panorama_mean', 0.58)
CV False ('dinov3__block6__faces_global', 0.62)
CV False ('dinov3__block3__faces_local16', 2.97)
CV False ('dinov3__block6__faces_concat', 1.27)
CV False ('dinov3__block6__panorama_local16', 3.2)
CV False ('dinov3__block9__panorama_global', 0.61)
CV False ('dinov3__block9__panorama_mean', 0.56)
CV False ('dinov3__block6__faces_local16', 2.94)
CV False ('dinov3__block9__faces_global', 0.6)
CV False ('dinov3__block9__faces_concat', 1.22)
CV False ('dinov3__block9__panorama_local16', 3.25)
CV False ('dinov3__block11__panorama_global', 0.56)
CV False ('dinov3__block11__panorama_mean', 0.55)
CV False ('dinov3__block11__faces_global', 0.56)
CV False ('dinov3__block9__faces_local16', 3.18)
CV False ('dinov3__block11__faces_concat', 1.2)
CV False ('dinov3__block11__panorama_local16', 3.11)
CV False ('dinov3__block12__panorama_global', 0.62)
CV False ('dinov3__block12__panorama_mean', 0.53)
CV False ('dinov3__block11__faces_local16', 3.0)
CV False ('dinov3__block12__faces_global', 0.6)
CV False ('dinov3__block12__faces_concat', 1.23)
CV False ('dinov3__cls__panorama', 0.52)
CV False ('dinov3__block12__panorama_local16', 3.22)
CV False ('dinov3__cls__faces_global', 0.52)
CV False ('dinov3__cls__faces_concat', 0.83)
CV False ('da3__layer5__faces_global', 0.6)
CV False ('dinov3__block12__faces_local16', 3.17)
CV False ('da3__layer7__faces_global', 0.57)
CV False ('da3__layer5__faces_concat', 1.14)
CV False ('da3__layer7__faces_concat', 1.16)
CV False ('da3__layer9__faces_global', 0.56)
CV False ('da3__layer5__faces_local16', 3.0)
CV False ('da3__layer7__faces_local16', 2.94)
CV False ('da3__layer9__faces_concat', 1.16)
CV False ('da3__layer11__faces_global', 0.59)
CV False ('da3__layer11__faces_concat', 1.16)
CV False ('da3__layer9__faces_local16', 2.98)
CV False ('semantic__main_keywords', 0.47)
CV False ('semantic__position_keywords', 0.44)
CV False ('semantic__ai_fine_functions', 0.5)
CV False ('semantic__coarse', 0.41)
CV False ('semantic__main_primary', 0.53)
CV False ('semantic__traits', 0.41)
CV False ('da3__layer11__faces_local16', 3.07)
CV False ('semantic__traits_recheck', 0.46)
CV False ('semantic__main_text', 0.63)
