concurrent.futures.process._RemoteTraceback: 
"""
Traceback (most recent call last):
  File "/usr/lib/python3.13/concurrent/futures/process.py", line 254, in _process_worker
    r = call_item.fn(*call_item.args, **call_item.kwargs)
  File "/mnt/data/portrait_round3/repo/tools/thesis_main/analysis/image_portrait/difficulty_stratified_cv.py", line 134, in run_feature
    settings.append(dict(building=b,stratum=d.scene_category.iloc[subte[0]]if within else'all',feature=name,baseline=mode,algorithm=algorithm,grid=choice,inner_rps=min(losses),n_local_training=len(seltrain),train_class_counts=json.dumps(np.bincount(y[seltrain],minlength=3).tolist()),**GRID[choice]))
                    ~~~~^^^^^^^^^^^^^^^^^^^^^^^^^^^^^^^^^^^^^^^^^^^^^^^^^^^^^^^^^^^^^^^^^^^^^^^^^^^^^^^^^^^^^^^^^^^^^^^^^^^^^^^^^^^^^^^^^^^^^^^^^^^^^^^^^^^^^^^^^^^^^^^^^^^^^^^^^^^^^^^^^^^^^^^^^^^^^^^^^^^^^^^^^^^^^^^^^^^^^^^^^^^^^^^^^^^^^^^^^^^^^^^^^^^^^^^^^^^^^^^^^^^^^^^^^^^^^^^^^^^^^^^^^^^^^^^^^^^
TypeError: dict() got multiple values for keyword argument 'algorithm'
"""

The above exception was the direct cause of the following exception:

Traceback (most recent call last):
  File "<frozen runpy>", line 198, in _run_module_as_main
  File "<frozen runpy>", line 88, in _run_code
  File "/mnt/data/portrait_round3/repo/tools/thesis_main/analysis/image_portrait/difficulty_stratified_cv.py", line 156, in <module>
    for f in concurrent.futures.as_completed(jobs):print('CV',args.within,f.result(),flush=True)
                                                                          ~~~~~~~~^^
  File "/usr/lib/python3.13/concurrent/futures/_base.py", line 449, in result
    return self.__get_result()
           ~~~~~~~~~~~~~~~~~^^
  File "/usr/lib/python3.13/concurrent/futures/_base.py", line 401, in __get_result
    raise self._exception
TypeError: dict() got multiple values for keyword argument 'algorithm'
