CV True ('hohonet__encoder_stage4__global', 0.15)
CV True ('hohonet__encoder_stage2__global', 0.16)
CV True ('hohonet__encoder_stage2__regions', 0.18)
CV True ('hohonet__compressed__global', 0.18)
CV True ('hohonet__encoder_stage4__regions', 0.28)
CV True ('hohonet__refined__global', 0.16)
CV True ('hohonet__shared__global', 0.15)
CV True ('hohonet__compressed__regions', 0.47)
CV True ('hohonet__legacy_current', 0.14)
CV True ('hohonet__refined__regions', 0.42)
CV True ('hohonet__shared__regions', 0.21)
CV True ('bilayout__fc__global', 0.14)
CV True ('bilayout__fg_enclosed__global', 0.15)
CV True ('bilayout__fc__regions', 0.2)
CV True ('bilayout__fg_enclosed__regions', 0.21)
CV True ('bilayout__fg_extended__global', 0.14)
CV True ('bilayout__fg_extended__regions', 0.2)
CV True ('ulayout__compressed__global', 0.15)
CV True ('ulayout__transformer__global', 0.14)
CV True ('dinov3__block3__panorama_global', 0.14)
CV True ('ulayout__compressed__local16', 0.45)
CV True ('ulayout__transformer__local16', 0.38)
CV True ('dinov3__block3__panorama_mean', 0.14)
CV True ('dinov3__block3__faces_global', 0.14)
CV True ('dinov3__block3__panorama_local16', 0.3)
CV True ('dinov3__block3__faces_concat', 0.18)
CV True ('dinov3__block6__panorama_global', 0.14)
CV True ('dinov3__block3__faces_local16', 0.31)
CV True ('dinov3__block6__panorama_mean', 0.14)
CV True ('dinov3__block6__faces_global', 0.14)
CV True ('dinov3__block6__panorama_local16', 0.31)
CV True ('dinov3__block6__faces_concat', 0.19)
CV True ('dinov3__block6__faces_local16', 0.3)
CV True ('dinov3__block9__panorama_global', 0.14)
CV True ('dinov3__block9__panorama_mean', 0.14)
CV True ('dinov3__block9__faces_global', 0.14)
CV True ('dinov3__block9__panorama_local16', 0.32)
CV True ('dinov3__block9__faces_concat', 0.18)
CV True ('dinov3__block11__panorama_global', 0.14)
CV True ('dinov3__block9__faces_local16', 0.3)
CV True ('dinov3__block11__panorama_mean', 0.14)
CV True ('dinov3__block11__faces_global', 0.14)
CV True ('dinov3__block11__panorama_local16', 0.3)
CV True ('dinov3__block11__faces_concat', 0.18)
CV True ('dinov3__block12__panorama_global', 0.14)
CV True ('dinov3__block11__faces_local16', 0.32)
CV True ('dinov3__block12__panorama_mean', 0.14)
CV True ('dinov3__block12__faces_global', 0.15)
CV True ('dinov3__block12__panorama_local16', 0.3)
CV True ('dinov3__block12__faces_concat', 0.17)
CV True ('dinov3__cls__panorama', 0.14)
CV True ('dinov3__block12__faces_local16', 0.31)
CV True ('dinov3__cls__faces_global', 0.14)
CV True ('dinov3__cls__faces_concat', 0.15)
CV True ('da3__layer5__faces_global', 0.14)
CV True ('da3__layer7__faces_global', 0.14)
CV True ('da3__layer5__faces_concat', 0.18)
CV True ('da3__layer5__faces_local16', 0.31)
CV True ('da3__layer7__faces_concat', 0.18)
CV True ('da3__layer9__faces_global', 0.14)
CV True ('da3__layer7__faces_local16', 0.3)
CV True ('da3__layer11__faces_global', 0.14)
CV True ('da3__layer9__faces_concat', 0.19)
CV True ('da3__layer9__faces_local16', 0.3)
CV True ('da3__layer11__faces_concat', 0.18)
CV True ('feedback__all', 0.16)
CV True ('feedback__point_counts', 0.13)
CV True ('da3__layer11__faces_local16', 0.33)
CV True ('feedback__rotation', 0.13)
CV True ('feedback__between_models', 0.13)
CV True ('feedback__bi_scope', 0.14)
CV True ('feedback__da3', 0.13)
CV True ('semantic__main_keywords', 0.13)
CV True ('semantic__position_keywords', 0.14)
CV True ('semantic__ai_fine_functions', 0.13)
CV True ('semantic__coarse', 0.13)
CV True ('semantic__traits', 0.13)
CV True ('semantic__main_primary', 0.14)
CV True ('semantic__traits_recheck', 0.13)
CV True ('semantic__main_text', 0.17)
