condition  confirmation     process_tier                                           
manual     suffix_and_tail  early_one_or_two_supported_modes                           10
                            insufficient_horizon_or_other_trajectory                   78
                            insufficient_observed_people                               51
                            intermediate_or_order_sensitive                            17
                            invalid_records_preclude_process_tier                      12
                            observed_fragmented_confirmation_not_a_convergence_test    10
                            singleton_support_insufficient                              9
           suffix_only      early_one_or_two_supported_modes                           15
                            insufficient_horizon_or_other_trajectory                   73
                            insufficient_observed_people                               51
                            intermediate_or_order_sensitive                            15
                            invalid_records_preclude_process_tier                      12
                            later_few_supported_modes                                   1
                            observed_fragmented_confirmation_not_a_convergence_test    10
                            singleton_support_insufficient                              9
                            stable_many_supported_modes                                 1
semi       suffix_and_tail  early_one_or_two_supported_modes                            2
                            insufficient_horizon_or_other_trajectory                   22
                            intermediate_or_order_sensitive                            10
                            invalid_records_preclude_process_tier                       4
                            observed_fragmented_confirmation_not_a_convergence_test     1
                            singleton_support_insufficient                              4
           suffix_only      early_one_or_two_supported_modes                            3
                            insufficient_horizon_or_other_trajectory                   21
                            intermediate_or_order_sensitive                            10
                            invalid_records_preclude_process_tier                       4
                            observed_fragmented_confirmation_not_a_convergence_test     1
                            singleton_support_insufficient                              4
