{
  "input_rosters": {
    "2t7WUuJeko7-06": 3,
    "7y3sRwLe3Va-04": 24,
    "rPc6DW4iMge-06": 24,
    "uNb9QFRL6hY-67": 15
  },
  "record_count": 66,
  "distinct_workers": 24,
  "original_corner_pairs": 400,
  "settings": 36,
  "local_matches": 606,
  "compatible_matches": 262,
  "candidate_records": 524,
  "mv_evaluation_rows": 135,
  "patch_evaluation_rows": 524,
  "post_center_statuses": {
    "within_previous_local_gate": 470,
    "outside_previous_local_gate": 54
  }
}
Artifact comparison: 200 published; 200 rerun; 2 byte differences
Numerical/structural differences: {"total_numeric_differences": 0, "max_absolute_difference": 0.0, "max_relative_difference": 0.0, "non_numeric_differences": 1, "examples": [{"path": "evaluation/pre_reference_candidate_digest.json/analysis/automatic_candidates_frozen_before_human_read.json", "published": "ead1438e480e3d23907b1c22f5e1405e6bbab079545b8b8a40dd68c57a8ac257", "rerun": "c0610cb2e9c30e96eb232abb9ff0f9bd36723578090c4968ce533ebc7147d393"}]}
