{
  "checks": {
    "unchanged_prior_input_files": 4,
    "immutable_source_nodes": 400,
    "valid_full_pool_identity_groups": 1826,
    "complete_partitions_with_unfilled_actual_votes": 108,
    "exhaustive_declared_candidate_ledgers": 36,
    "source_path_order_and_interiors_preserved": 1592,
    "candidate_construction_and_support_scope": 524,
    "valid_saved_pre_read_hash_manifests": 2
  },
  "counts": {
    "all_logged_cross_worker_candidate_pairs": 31522,
    "numerically_unresolved_witness_rows": 24,
    "rPc6DW4iMge-06:5:within_previous_local_gate": 58,
    "rPc6DW4iMge-06:5:outside_previous_local_gate": 2,
    "rPc6DW4iMge-06:9:outside_previous_local_gate": 30,
    "rPc6DW4iMge-06:9:within_previous_local_gate": 118,
    "rPc6DW4iMge-06:12:within_previous_local_gate": 260,
    "rPc6DW4iMge-06:12:outside_previous_local_gate": 20,
    "uNb9QFRL6hY-67:5:outside_previous_local_gate": 2,
    "uNb9QFRL6hY-67:5:within_previous_local_gate": 2,
    "uNb9QFRL6hY-67:9:within_previous_local_gate": 16,
    "uNb9QFRL6hY-67:12:within_previous_local_gate": 16
  },
  "max_independent_vector_haversine_diameter_difference_deg": 2.7977620220553945e-14,
  "source_integrity": {
    "existing_published_files": 265,
    "changed_or_missing_existing_files": [],
    "added_files_observed_during_concurrent_checks": [
      "src/__pycache__/baseline.cpython-312.pyc",
      "src/__pycache__/controls.cpython-312.pyc",
      "src/__pycache__/frechet.cpython-312.pyc",
      "src/__pycache__/run.cpython-312.pyc",
      "src/__pycache__/structure.cpython-312.pyc"
    ],
    "all_additions_python_cache": true
  },
  "scope": "Four supplied previous-image rosters only; no missing latest-local data or semantic truth inferred."
}
