IMAGE 2t7WUuJeko7-06 3 12
pair_5 {'image': '2t7WUuJeko7-06', 'metric': 'pair', 'threshold_deg': 5, 'n': 3, 'tested_node_pairs': 12, 'witnessed': 12, 'numeric_unresolved': 0, 'no_witness': 0, 'raw_selected': 4, 'path_selected': 4, 'raw_groups': 4, 'path_groups': 4, 'lost_relations': 0, 'new_relations': 0, 'affected_observations': 0} seconds 1.84
pair_9 {'image': '2t7WUuJeko7-06', 'metric': 'pair', 'threshold_deg': 9, 'n': 3, 'tested_node_pairs': 12, 'witnessed': 12, 'numeric_unresolved': 0, 'no_witness': 0, 'raw_selected': 4, 'path_selected': 4, 'raw_groups': 4, 'path_groups': 4, 'lost_relations': 0, 'new_relations': 0, 'affected_observations': 0} seconds 0.01
pair_12 {'image': '2t7WUuJeko7-06', 'metric': 'pair', 'threshold_deg': 12, 'n': 3, 'tested_node_pairs': 12, 'witnessed': 12, 'numeric_unresolved': 0, 'no_witness': 0, 'raw_selected': 4, 'path_selected': 4, 'raw_groups': 4, 'path_groups': 4, 'lost_relations': 0, 'new_relations': 0, 'affected_observations': 0} seconds 0.01
bottom_5 {'image': '2t7WUuJeko7-06', 'metric': 'bottom', 'threshold_deg': 5, 'n': 3, 'tested_node_pairs': 12, 'witnessed': 12, 'numeric_unresolved': 0, 'no_witness': 0, 'raw_selected': 4, 'path_selected': 4, 'raw_groups': 4, 'path_groups': 4, 'lost_relations': 0, 'new_relations': 0, 'affected_observations': 0} seconds 0.01
bottom_9 {'image': '2t7WUuJeko7-06', 'metric': 'bottom', 'threshold_deg': 9, 'n': 3, 'tested_node_pairs': 12, 'witnessed': 12, 'numeric_unresolved': 0, 'no_witness': 0, 'raw_selected': 4, 'path_selected': 4, 'raw_groups': 4, 'path_groups': 4, 'lost_relations': 0, 'new_relations': 0, 'affected_observations': 0} seconds 0.01
bottom_12 {'image': '2t7WUuJeko7-06', 'metric': 'bottom', 'threshold_deg': 12, 'n': 3, 'tested_node_pairs': 12, 'witnessed': 12, 'numeric_unresolved': 0, 'no_witness': 0, 'raw_selected': 4, 'path_selected': 4, 'raw_groups': 4, 'path_groups': 4, 'lost_relations': 0, 'new_relations': 0, 'affected_observations': 0} seconds 0.01
top_5 {'image': '2t7WUuJeko7-06', 'metric': 'top', 'threshold_deg': 5, 'n': 3, 'tested_node_pairs': 12, 'witnessed': 12, 'numeric_unresolved': 0, 'no_witness': 0, 'raw_selected': 4, 'path_selected': 4, 'raw_groups': 4, 'path_groups': 4, 'lost_relations': 0, 'new_relations': 0, 'affected_observations': 0} seconds 0.01
top_9 {'image': '2t7WUuJeko7-06', 'metric': 'top', 'threshold_deg': 9, 'n': 3, 'tested_node_pairs': 12, 'witnessed': 12, 'numeric_unresolved': 0, 'no_witness': 0, 'raw_selected': 4, 'path_selected': 4, 'raw_groups': 4, 'path_groups': 4, 'lost_relations': 0, 'new_relations': 0, 'affected_observations': 0} seconds 0.02
top_12 {'image': '2t7WUuJeko7-06', 'metric': 'top', 'threshold_deg': 12, 'n': 3, 'tested_node_pairs': 12, 'witnessed': 12, 'numeric_unresolved': 0, 'no_witness': 0, 'raw_selected': 4, 'path_selected': 4, 'raw_groups': 4, 'path_groups': 4, 'lost_relations': 0, 'new_relations': 0, 'affected_observations': 0} seconds 0.01
IMAGE 7y3sRwLe3Va-04 24 96
pair_5 {'image': '7y3sRwLe3Va-04', 'metric': 'pair', 'threshold_deg': 5, 'n': 24, 'tested_node_pairs': 1098, 'witnessed': 1086, 'numeric_unresolved': 0, 'no_witness': 12, 'raw_selected': 4, 'path_selected': 4, 'raw_groups': 5, 'path_groups': 7, 'lost_relations': 247, 'new_relations': 0, 'affected_observations': 48} seconds 1.01
pair_9 {'image': '7y3sRwLe3Va-04', 'metric': 'pair', 'threshold_deg': 9, 'n': 24, 'tested_node_pairs': 1104, 'witnessed': 1104, 'numeric_unresolved': 0, 'no_witness': 0, 'raw_selected': 4, 'path_selected': 4, 'raw_groups': 4, 'path_groups': 4, 'lost_relations': 0, 'new_relations': 0, 'affected_observations': 0} seconds 0.39
pair_12 {'image': '7y3sRwLe3Va-04', 'metric': 'pair', 'threshold_deg': 12, 'n': 24, 'tested_node_pairs': 1104, 'witnessed': 1104, 'numeric_unresolved': 0, 'no_witness': 0, 'raw_selected': 4, 'path_selected': 4, 'raw_groups': 4, 'path_groups': 4, 'lost_relations': 0, 'new_relations': 0, 'affected_observations': 0} seconds 0.38
bottom_5 {'image': '7y3sRwLe3Va-04', 'metric': 'bottom', 'threshold_deg': 5, 'n': 24, 'tested_node_pairs': 1103, 'witnessed': 1101, 'numeric_unresolved': 0, 'no_witness': 2, 'raw_selected': 4, 'path_selected': 4, 'raw_groups': 5, 'path_groups': 7, 'lost_relations': 223, 'new_relations': 0, 'affected_observations': 48} seconds 0.37
bottom_9 {'image': '7y3sRwLe3Va-04', 'metric': 'bottom', 'threshold_deg': 9, 'n': 24, 'tested_node_pairs': 1104, 'witnessed': 1104, 'numeric_unresolved': 0, 'no_witness': 0, 'raw_selected': 4, 'path_selected': 4, 'raw_groups': 4, 'path_groups': 4, 'lost_relations': 0, 'new_relations': 0, 'affected_observations': 0} seconds 0.38
bottom_12 {'image': '7y3sRwLe3Va-04', 'metric': 'bottom', 'threshold_deg': 12, 'n': 24, 'tested_node_pairs': 1104, 'witnessed': 1104, 'numeric_unresolved': 0, 'no_witness': 0, 'raw_selected': 4, 'path_selected': 4, 'raw_groups': 4, 'path_groups': 4, 'lost_relations': 0, 'new_relations': 0, 'affected_observations': 0} seconds 0.36
top_5 {'image': '7y3sRwLe3Va-04', 'metric': 'top', 'threshold_deg': 5, 'n': 24, 'tested_node_pairs': 1098, 'witnessed': 1086, 'numeric_unresolved': 0, 'no_witness': 12, 'raw_selected': 4, 'path_selected': 4, 'raw_groups': 5, 'path_groups': 7, 'lost_relations': 199, 'new_relations': 0, 'affected_observations': 48} seconds 0.37
top_9 {'image': '7y3sRwLe3Va-04', 'metric': 'top', 'threshold_deg': 9, 'n': 24, 'tested_node_pairs': 1104, 'witnessed': 1104, 'numeric_unresolved': 0, 'no_witness': 0, 'raw_selected': 4, 'path_selected': 4, 'raw_groups': 4, 'path_groups': 4, 'lost_relations': 0, 'new_relations': 0, 'affected_observations': 0} seconds 0.36
top_12 {'image': '7y3sRwLe3Va-04', 'metric': 'top', 'threshold_deg': 12, 'n': 24, 'tested_node_pairs': 1104, 'witnessed': 1104, 'numeric_unresolved': 0, 'no_witness': 0, 'raw_selected': 4, 'path_selected': 4, 'raw_groups': 4, 'path_groups': 4, 'lost_relations': 0, 'new_relations': 0, 'affected_observations': 0} seconds 0.38
IMAGE rPc6DW4iMge-06 24 224
pair_5 {'image': 'rPc6DW4iMge-06', 'metric': 'pair', 'threshold_deg': 5, 'n': 24, 'tested_node_pairs': 1662, 'witnessed': 876, 'numeric_unresolved': 0, 'no_witness': 786, 'raw_selected': 7, 'path_selected': 0, 'raw_groups': 44, 'path_groups': 99, 'lost_relations': 725, 'new_relations': 26, 'affected_observations': 196} seconds 1.93
pair_9 {'image': 'rPc6DW4iMge-06', 'metric': 'pair', 'threshold_deg': 9, 'n': 24, 'tested_node_pairs': 2113, 'witnessed': 1366, 'numeric_unresolved': 0, 'no_witness': 747, 'raw_selected': 9, 'path_selected': 7, 'raw_groups': 22, 'path_groups': 53, 'lost_relations': 780, 'new_relations': 110, 'affected_observations': 215} seconds 1.32
pair_12 {'image': 'rPc6DW4iMge-06', 'metric': 'pair', 'threshold_deg': 12, 'n': 24, 'tested_node_pairs': 2222, 'witnessed': 1563, 'numeric_unresolved': 12, 'no_witness': 647, 'raw_selected': 9, 'path_selected': 7, 'raw_groups': 21, 'path_groups': 50, 'lost_relations': 837, 'new_relations': 31, 'affected_observations': 201} seconds 1.17
bottom_5 {'image': 'rPc6DW4iMge-06', 'metric': 'bottom', 'threshold_deg': 5, 'n': 24, 'tested_node_pairs': 1873, 'witnessed': 1045, 'numeric_unresolved': 0, 'no_witness': 828, 'raw_selected': 7, 'path_selected': 3, 'raw_groups': 31, 'path_groups': 75, 'lost_relations': 710, 'new_relations': 40, 'affected_observations': 193} seconds 0.86
bottom_9 {'image': 'rPc6DW4iMge-06', 'metric': 'bottom', 'threshold_deg': 9, 'n': 24, 'tested_node_pairs': 2178, 'witnessed': 1427, 'numeric_unresolved': 0, 'no_witness': 751, 'raw_selected': 8, 'path_selected': 7, 'raw_groups': 21, 'path_groups': 50, 'lost_relations': 713, 'new_relations': 80, 'affected_observations': 218} seconds 1.03
bottom_12 {'image': 'rPc6DW4iMge-06', 'metric': 'bottom', 'threshold_deg': 12, 'n': 24, 'tested_node_pairs': 2276, 'witnessed': 1653, 'numeric_unresolved': 12, 'no_witness': 611, 'raw_selected': 8, 'path_selected': 6, 'raw_groups': 19, 'path_groups': 50, 'lost_relations': 998, 'new_relations': 22, 'affected_observations': 204} seconds 1.27
top_5 {'image': 'rPc6DW4iMge-06', 'metric': 'top', 'threshold_deg': 5, 'n': 24, 'tested_node_pairs': 1837, 'witnessed': 1155, 'numeric_unresolved': 0, 'no_witness': 682, 'raw_selected': 6, 'path_selected': 4, 'raw_groups': 34, 'path_groups': 82, 'lost_relations': 591, 'new_relations': 43, 'affected_observations': 215} seconds 1.55
top_9 {'image': 'rPc6DW4iMge-06', 'metric': 'top', 'threshold_deg': 9, 'n': 24, 'tested_node_pairs': 2168, 'witnessed': 1573, 'numeric_unresolved': 0, 'no_witness': 595, 'raw_selected': 9, 'path_selected': 7, 'raw_groups': 20, 'path_groups': 48, 'lost_relations': 862, 'new_relations': 66, 'affected_observations': 220} seconds 1.7
top_12 {'image': 'rPc6DW4iMge-06', 'metric': 'top', 'threshold_deg': 12, 'n': 24, 'tested_node_pairs': 2396, 'witnessed': 1826, 'numeric_unresolved': 0, 'no_witness': 570, 'raw_selected': 9, 'path_selected': 8, 'raw_groups': 17, 'path_groups': 44, 'lost_relations': 814, 'new_relations': 55, 'affected_observations': 219} seconds 1.41
IMAGE uNb9QFRL6hY-67 15 68
pair_5 {'image': 'uNb9QFRL6hY-67', 'metric': 'pair', 'threshold_deg': 5, 'n': 15, 'tested_node_pairs': 259, 'witnessed': 77, 'numeric_unresolved': 0, 'no_witness': 182, 'raw_selected': 2, 'path_selected': 0, 'raw_groups': 16, 'path_groups': 33, 'lost_relations': 183, 'new_relations': 0, 'affected_observations': 57} seconds 0.39
pair_9 {'image': 'uNb9QFRL6hY-67', 'metric': 'pair', 'threshold_deg': 9, 'n': 15, 'tested_node_pairs': 310, 'witnessed': 147, 'numeric_unresolved': 0, 'no_witness': 163, 'raw_selected': 3, 'path_selected': 1, 'raw_groups': 12, 'path_groups': 21, 'lost_relations': 166, 'new_relations': 0, 'affected_observations': 52} seconds 0.21
pair_12 {'image': 'uNb9QFRL6hY-67', 'metric': 'pair', 'threshold_deg': 12, 'n': 15, 'tested_node_pairs': 323, 'witnessed': 177, 'numeric_unresolved': 0, 'no_witness': 146, 'raw_selected': 3, 'path_selected': 1, 'raw_groups': 11, 'path_groups': 19, 'lost_relations': 166, 'new_relations': 0, 'affected_observations': 47} seconds 0.22
bottom_5 {'image': 'uNb9QFRL6hY-67', 'metric': 'bottom', 'threshold_deg': 5, 'n': 15, 'tested_node_pairs': 295, 'witnessed': 163, 'numeric_unresolved': 0, 'no_witness': 132, 'raw_selected': 4, 'path_selected': 4, 'raw_groups': 13, 'path_groups': 24, 'lost_relations': 131, 'new_relations': 0, 'affected_observations': 45} seconds 0.15
bottom_9 {'image': 'uNb9QFRL6hY-67', 'metric': 'bottom', 'threshold_deg': 9, 'n': 15, 'tested_node_pairs': 325, 'witnessed': 192, 'numeric_unresolved': 0, 'no_witness': 133, 'raw_selected': 4, 'path_selected': 4, 'raw_groups': 11, 'path_groups': 18, 'lost_relations': 126, 'new_relations': 0, 'affected_observations': 43} seconds 0.13
bottom_12 {'image': 'uNb9QFRL6hY-67', 'metric': 'bottom', 'threshold_deg': 12, 'n': 15, 'tested_node_pairs': 329, 'witnessed': 195, 'numeric_unresolved': 0, 'no_witness': 134, 'raw_selected': 4, 'path_selected': 4, 'raw_groups': 10, 'path_groups': 16, 'lost_relations': 126, 'new_relations': 0, 'affected_observations': 38} seconds 0.22
top_5 {'image': 'uNb9QFRL6hY-67', 'metric': 'top', 'threshold_deg': 5, 'n': 15, 'tested_node_pairs': 288, 'witnessed': 102, 'numeric_unresolved': 0, 'no_witness': 186, 'raw_selected': 2, 'path_selected': 0, 'raw_groups': 13, 'path_groups': 27, 'lost_relations': 187, 'new_relations': 5, 'affected_observations': 60} seconds 0.18
top_9 {'image': 'uNb9QFRL6hY-67', 'metric': 'top', 'threshold_deg': 9, 'n': 15, 'tested_node_pairs': 314, 'witnessed': 150, 'numeric_unresolved': 0, 'no_witness': 164, 'raw_selected': 3, 'path_selected': 1, 'raw_groups': 11, 'path_groups': 19, 'lost_relations': 170, 'new_relations': 0, 'affected_observations': 49} seconds 0.15
top_12 {'image': 'uNb9QFRL6hY-67', 'metric': 'top', 'threshold_deg': 12, 'n': 15, 'tested_node_pairs': 323, 'witnessed': 177, 'numeric_unresolved': 0, 'no_witness': 146, 'raw_selected': 3, 'path_selected': 1, 'raw_groups': 11, 'path_groups': 19, 'lost_relations': 170, 'new_relations': 0, 'affected_observations': 49} seconds 0.16
SUMMARY 36 states 524 path candidate rings
Completed. This is not acceptance of the missing latest-local-worktree package.
