ORIGINAL_COUNTEREXAMPLE not_witnessed -> witnessed
WINDOW synthetic_square done
WINDOW rpc_AB done
WINDOW rpc_AC done
WINDOW rpc_BC done
WINDOW unb_patch_start done
WINDOW unb_patch_end done
WINDOW rpc_drift_start done
WINDOW rpc_drift_end done
{
  "source_files_unchanged": true,
  "original_counterexample_exactly_reproduced": true,
  "original_counterexample_event_status": "witnessed",
  "fixed_windows": 8,
  "source_real_windows": 7,
  "base_settings": 72,
  "total_variant_settings": 504,
  "nonbaseline_invariance_comparisons": 432,
  "invariance_mismatches": [],
  "unresolved_event_domains": 0,
  "maximum_subdivision_arc_additivity_error_deg": 2.1316282072803006e-14,
  "GT_or_reference_files_read": false,
  "human_labels_read_by_construction": false,
  "identity_or_vote_updates_performed": false,
  "policy_sha256": "ac0e7a41f073b2676adf04938aeef0314483563cc401a726cb30eefe9a974ab1"
}
