{
  "seed": 704031,
  "iteration": 23,
  "full_maps": {
    "0-1": [
      1,
      0,
      2
    ],
    "0-2": [
      0,
      1,
      2
    ],
    "1-2": [
      1,
      0,
      2
    ]
  },
  "partial_maps": {
    "0-1": [
      0,
      1,
      2
    ],
    "0-2": [
      0,
      1,
      2
    ],
    "1-2": [
      1,
      0,
      2
    ]
  },
  "selected_anchor": 0,
  "induced_actual_donor_diameters_deg": {
    "0-1": 4.308107930032738,
    "0-2": 2.9269172974028415,
    "1-2": 5.579437932904212
  },
  "scope": "synthetic existence counterexample; exploratory search, not frequency estimate"
}
