CONDITIONED 2t7WUuJeko7_3be66dc4f0fb46449d63b07d92c74f3f manual rows 0
CONDITIONED 2t7WUuJeko7_7b017f053981438a9c075e599f2c5866 manual rows 0
CONDITIONED 2t7WUuJeko7_976c954bc5944db493d6149ee4bc7a2a manual rows 0
CONDITIONED 7y3sRwLe3Va_112edb40f34e470da3a5b04599e71211 manual rows 0
CONDITIONED S9hNv5qa7GM_0c2a97f049db4a429776940850fedf2e manual rows 1020
CONDITIONED S9hNv5qa7GM_2ea5348654d24115bba3dcdb21fa655e manual rows 1020
CONDITIONED S9hNv5qa7GM_322a5d3bbca1428fb92d39bfc6e603ee manual rows 1020
CONDITIONED S9hNv5qa7GM_53d54b73e58940019b731673e65c1902 manual rows 1020
CONDITIONED S9hNv5qa7GM_625eb179629b45f280c01d3f6ec74b4f manual rows 1020
CONDITIONED S9hNv5qa7GM_8b55e4f095374cfe8ddb0fda0f0dfa02 manual rows 1020
CONDITIONED Z6MFQCViBuw_fbef2c9afec642c88d01cf09c90aec12 semi rows 2025
CONDITIONED e9zR4mvMWw7_f7ab5b3ece274b48be57eb65bb6d4814 semi rows 3015
CONDITIONED jh4fc5c5qoQ_30cdb6fe9aa6449788e271f2e24d76ec manual rows 3015
CONDITIONED jh4fc5c5qoQ_4547d37b305e41bdad0de45ade6971ca manual rows 3015
CONDITIONED jh4fc5c5qoQ_77e6cfabf32d46fc9398ce824843adaa manual rows 3015
CONDITIONED jh4fc5c5qoQ_855bc326ad174253b57626daf123c608 manual rows 3015
CONDITIONED jh4fc5c5qoQ_a59a3a61089343a8ba2834e7d3cd1066 manual rows 3015
CONDITIONED jh4fc5c5qoQ_abbdc7ac89204f23a935fcb9ccae887c manual rows 3015
CONDITIONED jh4fc5c5qoQ_b000c5baa76b454caa1c58c9aac585f6 manual rows 3015
CONDITIONED jtcxE69GiFV_0aa01000f1934e73b35c348fa8d15040 manual rows 3015
CONDITIONED jtcxE69GiFV_1df105f34ccf4844877be7e8e2d90fad manual rows 3015
CONDITIONED jtcxE69GiFV_27535f650b78489abcf2397c1eaa3037 manual rows 3015
CONDITIONED jtcxE69GiFV_3fb4bb890d7f4964b496a46db647e72a manual rows 3015
CONDITIONED jtcxE69GiFV_44661972414d44fabc0799f237e4d7f0 manual rows 3015
CONDITIONED jtcxE69GiFV_4d7ce55eeb6643079aba3b10360de8d8 manual rows 3015
CONDITIONED jtcxE69GiFV_539fb3f6f19b442285b593628a8ce14e manual rows 3015
CONDITIONED jtcxE69GiFV_5d3af9ad575b4be88587967ff8114c36 manual rows 3015
CONDITIONED jtcxE69GiFV_6723e18211d244f8b17ced91aae64d99 manual rows 3015
CONDITIONED jtcxE69GiFV_67790605390f4d439c3c59395967ec84 manual rows 3015
CONDITIONED jtcxE69GiFV_9f0e2562fcf447f5a7c5e44e85978148 manual rows 3015
CONDITIONED jtcxE69GiFV_a197694b62d249968f88ae32a1b49d10 manual rows 3015
CONDITIONED jtcxE69GiFV_c90412ad99334d3aa7a1ec74d8e543a1 manual rows 3015
CONDITIONED jtcxE69GiFV_dce110162b244b2ab76a0804fc830a9e manual rows 3015
CONDITIONED jtcxE69GiFV_f473cf5a09a64090acec3bfe8fccaacd manual rows 3015
CONDITIONED jtcxE69GiFV_f4dc4040df5a4f038dd2b35f2bb65266 manual rows 3015
CONDITIONED pRbA3pwrgk9_0350fc96e88c4a52886d4eb50b2d52c6 manual rows 3015
CONDITIONED pRbA3pwrgk9_03de6e2562bb4f56a88db3ceb681af78 manual rows 3015
CONDITIONED pRbA3pwrgk9_0dad4bd3fa7e4349a5325596c10d6fdf manual rows 3015
CONDITIONED pRbA3pwrgk9_16beb21e65a84850a509972190038d0e manual rows 3015
CONDITIONED pRbA3pwrgk9_285b697fed754f86a09602c93628cfb4 manual rows 3015
CONDITIONED pRbA3pwrgk9_2a3810bc7ecc491e81ff1e8a17692ec1 manual rows 3015
CONDITIONED pRbA3pwrgk9_4fe4474e9bf9429ea92d202bdea4dce5 manual rows 3015
CONDITIONED SUMMARY {'status': 'executed', 'real_subset_rows': 8130, 'target_images': 64, 'profiles_source_condition_separated': True, 'outside_target_building': True, 'qualified_condition_worker_scores': 1550, 'orders_per_subset': 30, 'unknown_is_not_type': True, 'main_use': 'condition-specific scores and contrasts here; E/ pooled Q/T scores are superseded for primary reporting', 'valid_main_E_common_people_file': 'E/same_room_exact_common_people.csv', 'limits': ['Observed panel, not independently randomized worker assignment.', 'Time never interpreted as care.', 'Reference-alignment scores do not adjudicate semantic legitimacy.', 'Subset observations are not independent samples; intervals resample buildings.']}
