{
  "images": 10,
  "workers": 24,
  "buildings": 8,
  "annotations": 260,
  "references": 14,
  "candidates": 240,
  "records": 274,
  "available_coordinates": 254,
  "unavailable_coordinates": 20,
  "s2_record_mismatches": 0,
  "s2_image_mismatches": 0,
  "preparation_changed_records": 0,
  "max_footprint_coordinate_delta": 4.440892098500626e-16,
  "state_mismatches": 0,
  "difficulty": {
    "未记录": 9,
    "简单": 1
  },
  "order_used": {
    "default_x_unreviewed": 144,
    "unavailable": 20,
    "original_gt_reference": 10,
    "human_confirmed": 100
  },
  "warning_count": 0,
  "all_distinct_subsets_and_masks_correct": true,
  "all_target_mutations_isolated": true,
  "all_composition_counts_correct": true
}
