COLD N_only rows 6064 seconds 1.4
COLD scene rows 6064 seconds 1.8
COLD scene_AI rows 6064 seconds 2.0
COLD model_points rows 6064 seconds 2.0
COLD model_feedback rows 6064 seconds 2.5
COLD scene_feedback rows 6064 seconds 2.3
COLD C_hohonet_encoder_stage2_global rows 6064 seconds 4.4
COLD C_hohonet_encoder_stage4_global rows 6064 seconds 6.7
COLD C_hohonet_shared_global rows 6064 seconds 5.2
COLD C_hohonet_shared_local16 rows 6064 seconds 34.2
COLD C_bilayout_fc_global rows 6064 seconds 6.7
COLD C_bilayout_fg_enclosed_global rows 6064 seconds 7.0
COLD C_bilayout_fg_extended_global rows 6064 seconds 6.7
COLD C_ulayout_compressed_global rows 6064 seconds 9.6
COLD C_ulayout_transformer_global rows 6064 seconds 9.3
COLD C_da3_layer5_global rows 6064 seconds 7.8
COLD C_da3_layer7_global rows 6064 seconds 8.2
COLD C_da3_layer9_global rows 6064 seconds 7.4
COLD C_da3_layer11_global rows 6064 seconds 7.3
COLD points_plus_shared rows 6064 seconds 4.9
COLD scene_feedback_shared rows 6064 seconds 4.7
COLD scene_points rows 6064 seconds 1.6
