PREFIX FIT manual 2 cold_portrait
PREFIX FIT manual 2 prefix_only
PREFIX FIT manual 2 portrait_plus_prefix
PREFIX FIT manual 2 horizon_only
PREFIX FIT manual 3 cold_portrait
PREFIX FIT manual 3 prefix_only
PREFIX FIT manual 3 portrait_plus_prefix
PREFIX FIT manual 3 horizon_only
PREFIX FIT manual 5 cold_portrait
PREFIX FIT manual 5 prefix_only
PREFIX FIT manual 5 portrait_plus_prefix
PREFIX FIT manual 5 horizon_only
PREFIX FIT semi 2 cold_portrait
PREFIX FIT semi 2 prefix_only
PREFIX FIT semi 2 portrait_plus_prefix
PREFIX FIT semi 2 horizon_only
PREFIX FIT semi 3 cold_portrait
PREFIX FIT semi 3 prefix_only
PREFIX FIT semi 3 portrait_plus_prefix
PREFIX FIT semi 3 horizon_only
PREFIX FIT semi 5 cold_portrait
PREFIX FIT semi 5 prefix_only
PREFIX FIT semi 5 portrait_plus_prefix
PREFIX FIT semi 5 horizon_only
