SUBGROUP TRAIN 1 2t7WUuJeko7 groups 1124 selected 6
SUBGROUP TRAIN 2 7y3sRwLe3Va groups 2248 selected 13
SUBGROUP TRAIN 3 B6ByNegPMKs groups 3372 selected 18
SUBGROUP TRAIN 4 S9hNv5qa7GM groups 4496 selected 26
SUBGROUP TRAIN 5 UwV83HsGsw3 groups 5620 selected 34
SUBGROUP TRAIN 6 VFuaQ6m2Qom groups 6744 selected 41
SUBGROUP TRAIN 7 VLzqgDo317F groups 7868 selected 49
SUBGROUP TRAIN 8 X7HyMhZNoso groups 8992 selected 55
SUBGROUP TRAIN 9 Z6MFQCViBuw groups 10116 selected 63
SUBGROUP TRAIN 10 ZMojNkEp431 groups 11240 selected 70
SUBGROUP TRAIN 11 b8cTxDM8gDG groups 12364 selected 77
SUBGROUP TRAIN 12 e9zR4mvMWw7 groups 13488 selected 80
SUBGROUP TRAIN 13 jh4fc5c5qoQ groups 14612 selected 86
SUBGROUP TRAIN 14 jtcxE69GiFV groups 15736 selected 94
SUBGROUP TRAIN 15 kEZ7cmS4wCh groups 16860 selected 102
SUBGROUP TRAIN 16 pRbA3pwrgk9 groups 17984 selected 110
SUBGROUP TRAIN 17 pa4otMbVnkk groups 19108 selected 116
SUBGROUP TRAIN 18 q9vSo1VnCiC groups 20232 selected 122
SUBGROUP TRAIN 19 rPc6DW4iMge groups 21356 selected 125
SUBGROUP TRAIN 20 rqfALeAoiTq groups 22480 selected 133
SUBGROUP TRAIN 21 uNb9QFRL6hY groups 23604 selected 139
SUBGROUP TRAIN 22 wc2JMjhGNzB groups 24728 selected 147
SUBGROUP TRAIN 23 x8F5xyUWy9e groups 25852 selected 154
SUBGROUP TRAIN 24 yqstnuAEVhm groups 26976 selected 161
SUBGROUP TRAIN 25 zsNo4HB9uLZ groups 28100 selected 169
