1 jtcxE69GiFV-05
2 uNb9QFRL6hY-40
3 uNb9QFRL6hY-45
4 7y3sRwLe3Va-08
5 7y3sRwLe3Va-12
6 B6ByNegPMKs-11
7 B6ByNegPMKs-21
8 B6ByNegPMKs-22
9 UwV83HsGsw3-06
10 UwV83HsGsw3-08
11 UwV83HsGsw3-23
12 X7HyMhZNoso-19
13 b8cTxDM8gDG-19
14 e9zR4mvMWw7-03
15 e9zR4mvMWw7-10
16 e9zR4mvMWw7-16
17 e9zR4mvMWw7-32
18 q9vSo1VnCiC-09
19 q9vSo1VnCiC-23
20 q9vSo1VnCiC-32
21 rPc6DW4iMge-05
22 rPc6DW4iMge-06
23 rPc6DW4iMge-13
24 rPc6DW4iMge-15
25 rPc6DW4iMge-17
26 rPc6DW4iMge-20
27 rPc6DW4iMge-22
28 uNb9QFRL6hY-36
29 uNb9QFRL6hY-52
30 uNb9QFRL6hY-56
31 uNb9QFRL6hY-63
32 uNb9QFRL6hY-70
33 wc2JMjhGNzB-30
34 wc2JMjhGNzB-59
35 wc2JMjhGNzB-60
36 wc2JMjhGNzB-67
37 yqstnuAEVhm-15
38 yqstnuAEVhm-32
39 yqstnuAEVhm-34
             clusters  singletons  noise_n
method                                    
A0_legacy         249         143        0
A1_mask           203          91        0
A2_local          279         157        0
A3_cyclic         262         121        0
A4_adaptive       262         122        0
A5_density        394         210      210
A6_spectral       112           0        0
A7_event          306         174        0
native        threshold_flips  partition_changed
gate                                     
False               26                  5
True                26                  2
