FOLD manual 2t7WUuJeko7 targets 2 rows 16
FOLD manual 7y3sRwLe3Va targets 9 rows 1600
FOLD manual B6ByNegPMKs targets 9 rows 3832
FOLD manual S9hNv5qa7GM targets 7 rows 4752
FOLD manual UwV83HsGsw3 targets 8 rows 6760
FOLD manual VFuaQ6m2Qom targets 5 rows 7556
FOLD manual VLzqgDo317F targets 1 rows 7564
FOLD manual X7HyMhZNoso targets 3 rows 8236
FOLD manual Z6MFQCViBuw targets 3 rows 8584
FOLD manual b8cTxDM8gDG targets 3 rows 9364
FOLD manual e9zR4mvMWw7 targets 4 rows 10476
FOLD manual jh4fc5c5qoQ targets 6 rows 10632
FOLD manual jtcxE69GiFV targets 9 rows 11244
FOLD manual pRbA3pwrgk9 targets 9 rows 12072
FOLD manual pa4otMbVnkk targets 5 rows 12328
FOLD manual q9vSo1VnCiC targets 14 rows 15356
FOLD manual rPc6DW4iMge targets 9 rows 18452
FOLD manual uNb9QFRL6hY targets 26 rows 25356
FOLD manual wc2JMjhGNzB targets 11 rows 28252
FOLD manual x8F5xyUWy9e targets 4 rows 29040
FOLD manual yqstnuAEVhm targets 14 rows 32932
FOLD manual zsNo4HB9uLZ targets 5 rows 33296
FOLD semi 7y3sRwLe3Va targets 3 rows 33968
FOLD semi B6ByNegPMKs targets 5 rows 35196
FOLD semi UwV83HsGsw3 targets 2 rows 35428
FOLD semi X7HyMhZNoso targets 2 rows 35984
FOLD semi Z6MFQCViBuw targets 3 rows 36656
FOLD semi b8cTxDM8gDG targets 1 rows 37096
FOLD semi e9zR4mvMWw7 targets 5 rows 39296
FOLD semi q9vSo1VnCiC targets 4 rows 39976
FOLD semi rPc6DW4iMge targets 1 rows 40416
FOLD semi uNb9QFRL6hY targets 7 rows 41552
FOLD semi wc2JMjhGNzB targets 8 rows 43776
FOLD semi yqstnuAEVhm targets 2 rows 44008
FOLD oos_geometry 7y3sRwLe3Va targets 2 rows 44888
FOLD oos_geometry UwV83HsGsw3 targets 3 rows 46208
FOLD oos_geometry b8cTxDM8gDG targets 1 rows 46648
FOLD oos_geometry q9vSo1VnCiC targets 1 rows 47088
FOLD oos_geometry uNb9QFRL6hY targets 1 rows 47528
FOLD oos_geometry yqstnuAEVhm targets 1 rows 47968
