ACTUAL_SCORE_SUMMARY
   condition  k                  method  images  buildings  kernel_score  count_brier  count_tv  uncovered_count  abs_pair_disagreement_error
      manual  0   cold_context_personal     166         22      1.283161     0.806212  0.483125         0.419031                     0.290451
      manual  0 cold_context_population     166         22      1.283307     0.806381  0.483373         0.419031                     0.290276
      manual  0           cold_personal     166         22      1.283843     0.805896  0.483181         0.419031                     0.290264
      manual  0         cold_population     166         22      1.284161     0.806332  0.483619         0.419031                     0.290109
      manual  0              cold_type2     166         22      1.284146     0.806334  0.483612         0.419031                     0.290101
      manual  0              cold_type3     166         22      1.284108     0.806261  0.483524         0.419031                     0.290119
      manual  0              cold_type4     166         22      1.284120     0.806203  0.483523         0.419031                     0.290095
      manual  0            cold_uniform     166         22      1.291351     0.811576  0.485519         0.419031                     0.289837
      manual  2           joint_model10     133         20      1.044880     0.548988  0.326414         0.201356                     0.259157
      manual  2           joint_model25     133         20      0.981270     0.524293  0.331181         0.201356                     0.239622
      manual  2        seed_context_t01     133         20      1.118936     0.580713  0.326997         0.273923                     0.291076
      manual  2       seed_context_t025     133         20      1.110427     0.581723  0.330018         0.273923                     0.288202
      manual  2        seed_context_t05     133         20      1.112087     0.584954  0.331482         0.273923                     0.287655
      manual  2              seed_equal     133         20      1.116680     0.590023  0.332996         0.273923                     0.287462
      manual  2    seed_model_uniform10     133         20      1.050907     0.556581  0.330044         0.201356                     0.258876
      manual  2    seed_model_uniform25     133         20      0.987136     0.531026  0.334566         0.201356                     0.239356
      manual  2         seed_person_t01     133         20      1.127982     0.581275  0.326148         0.273923                     0.295476
      manual  2        seed_person_t025     133         20      1.109021     0.578766  0.328366         0.273923                     0.289097
      manual  2         seed_person_t05     133         20      1.109920     0.582642  0.330593         0.273923                     0.287894
      manual  2              seed_type2     133         20      1.120598     0.591358  0.331574         0.273923                     0.289289
      manual  2              seed_type3     133         20      1.120531     0.583951  0.326793         0.273923                     0.291801
      manual  2              seed_type4     133         20      1.125258     0.581101  0.324061         0.273923                     0.292436
      manual  2        selected_context     133         20      1.111007     0.581816  0.330060         0.273923                     0.288190
      manual  2        selected_mixture     133         20      0.981270     0.524293  0.331181         0.201356                     0.239622
      manual  2         selected_person     133         20      1.109920     0.582642  0.330593         0.273923                     0.287894
      manual  2           selected_type     133         20      1.116680     0.590023  0.332996         0.273923                     0.287462
      manual  4           joint_model10      71         17      0.871905     0.422365  0.243487         0.127492                     0.184532
      manual  4           joint_model25      71         17      0.854060     0.419677  0.264797         0.127492                     0.190928
      manual  4        seed_context_t01      71         17      0.901026     0.433837  0.236025         0.173065                     0.200306
      manual  4       seed_context_t025      71         17      0.901893     0.438328  0.242804         0.173065                     0.199922
      manual  4        seed_context_t05      71         17      0.905823     0.441896  0.245523         0.173065                     0.200105
      manual  4              seed_equal      71         17      0.911667     0.446589  0.248355         0.173065                     0.200395
      manual  4    seed_model_uniform10      71         17      0.881504     0.430428  0.249557         0.127492                     0.185361
      manual  4    seed_model_uniform25      71         17      0.863325     0.427382  0.270550         0.127492                     0.191262
      manual  4         seed_person_t01      71         17      0.904614     0.430182  0.232199         0.173065                     0.202417
      manual  4        seed_person_t025      71         17      0.898152     0.434105  0.240113         0.173065                     0.200304
      manual  4         seed_person_t05      71         17      0.902860     0.439161  0.243987         0.173065                     0.200195
      manual  4              seed_type2      71         17      0.913111     0.446042  0.246133         0.173065                     0.199497
      manual  4              seed_type3      71         17      0.914526     0.441886  0.239452         0.173065                     0.197841
      manual  4              seed_type4      71         17      0.914508     0.440705  0.238501         0.173065                     0.199106
      manual  4        selected_context      71         17      0.898152     0.434105  0.240113         0.173065                     0.200304
      manual  4        selected_mixture      71         17      0.854060     0.419677  0.264797         0.127492                     0.190928
      manual  4         selected_person      71         17      0.898504     0.434203  0.240233         0.173065                     0.200423
      manual  4           selected_type      71         17      0.911667     0.446589  0.248355         0.173065                     0.200395
      manual  6           joint_model10      46         15      0.857974     0.405803  0.195135         0.121598                     0.115972
      manual  6           joint_model25      46         15      0.850221     0.408544  0.211615         0.121598                     0.113249
      manual  6        seed_context_t01      46         15      0.881283     0.417325  0.198505         0.148833                     0.149218
      manual  6       seed_context_t025      46         15      0.878318     0.416186  0.200282         0.148833                     0.148207
      manual  6        seed_context_t05      46         15      0.879503     0.417182  0.201408         0.148833                     0.148350
      manual  6              seed_equal      46         15      0.881934     0.418954  0.202772         0.148833                     0.148808
      manual  6    seed_model_uniform10      46         15      0.861595     0.408510  0.197903         0.121598                     0.117175
      manual  6    seed_model_uniform25      46         15      0.853884     0.411150  0.213737         0.121598                     0.113509
      manual  6         seed_person_t01      46         15      0.884105     0.417312  0.198858         0.148833                     0.151089
      manual  6        seed_person_t025      46         15      0.876530     0.414965  0.199395         0.148833                     0.148214
      manual  6         seed_person_t05      46         15      0.878037     0.416257  0.200785         0.148833                     0.148176
      manual  6              seed_type2      46         15      0.882605     0.418650  0.200885         0.148833                     0.146443
      manual  6              seed_type3      46         15      0.884521     0.418327  0.199294         0.148833                     0.146644
      manual  6              seed_type4      46         15      0.884509     0.417927  0.197159         0.148833                     0.146886
      manual  6        selected_context      46         15      0.877065     0.415087  0.199689         0.148833                     0.148645
      manual  6        selected_mixture      46         15      0.850221     0.408544  0.211615         0.121598                     0.113249
      manual  6         selected_person      46         15      0.876530     0.414965  0.199395         0.148833                     0.148214
      manual  6           selected_type      46         15      0.881934     0.418954  0.202772         0.148833                     0.148808
      manual  8           joint_model10      46         15      0.831399     0.390292  0.178939         0.095561                     0.101573
      manual  8           joint_model25      46         15      0.831344     0.397786  0.199418         0.095561                     0.102989
      manual  8        seed_context_t01      46         15      0.845741     0.397720  0.181019         0.118784                     0.126878
      manual  8       seed_context_t025      46         15      0.845787     0.396954  0.182291         0.118784                     0.125882
      manual  8        seed_context_t05      46         15      0.847608     0.397973  0.183093         0.118784                     0.126084
      manual  8              seed_equal      46         15      0.850431     0.399699  0.183993         0.118784                     0.126578
      manual  8    seed_model_uniform10      46         15      0.835898     0.393016  0.181549         0.095561                     0.102694
      manual  8    seed_model_uniform25      46         15      0.835678     0.400452  0.200518         0.095561                     0.103105
      manual  8         seed_person_t01      46         15      0.844362     0.397232  0.182673         0.118784                     0.128679
      manual  8        seed_person_t025      46         15      0.842889     0.395594  0.181798         0.118784                     0.124945
      manual  8         seed_person_t05      46         15      0.845729     0.397000  0.182692         0.118784                     0.125422
      manual  8              seed_type2      46         15      0.850975     0.400012  0.183878         0.118784                     0.125306
      manual  8              seed_type3      46         15      0.851652     0.399937  0.183388         0.118784                     0.125828
      manual  8              seed_type4      46         15      0.852019     0.399273  0.179945         0.118784                     0.123935
      manual  8        selected_context      46         15      0.843122     0.395563  0.181724         0.118784                     0.125096
      manual  8        selected_mixture      46         15      0.831399     0.390292  0.178939         0.095561                     0.101573
      manual  8         selected_person      46         15      0.842889     0.395594  0.181798         0.118784                     0.124945
      manual  8           selected_type      46         15      0.850431     0.399699  0.183993         0.118784                     0.126578
oos_geometry  0   cold_context_personal       9          6      1.518370     1.145890  0.664847         0.579509                     0.277767
oos_geometry  0 cold_context_population       9          6      1.518401     1.146052  0.665152         0.579509                     0.277894
oos_geometry  0           cold_personal       9          6      1.517716     1.143989  0.664579         0.579509                     0.276399
oos_geometry  0         cold_population       9          6      1.517547     1.143923  0.664804         0.579509                     0.276541
oos_geometry  0              cold_type2       9          6      1.517112     1.142568  0.663955         0.579509                     0.276201
oos_geometry  0              cold_type3       9          6      1.516878     1.141870  0.663792         0.579509                     0.276130
oos_geometry  0              cold_type4       9          6      1.516825     1.141481  0.663657         0.579509                     0.276036
oos_geometry  0            cold_uniform       9          6      1.540472     1.181696  0.684380         0.579509                     0.290502
oos_geometry  2           joint_model10       9          6      1.263492     0.872543  0.493885         0.381634                     0.234513
oos_geometry  2           joint_model25       9          6      1.184343     0.822471  0.489391         0.381634                     0.186737
oos_geometry  2        seed_context_t01       9          6      1.345755     0.922354  0.514455         0.477674                     0.288900
oos_geometry  2       seed_context_t025       9          6      1.343253     0.927204  0.517990         0.477674                     0.288621
oos_geometry  2        seed_context_t05       9          6      1.343579     0.929579  0.519435         0.477674                     0.288581
oos_geometry  2              seed_equal       9          6      1.344529     0.932339  0.520883         0.477674                     0.288568
oos_geometry  2    seed_model_uniform10       9          6      1.265036     0.878254  0.497451         0.381634                     0.234312
oos_geometry  2    seed_model_uniform25       9          6      1.187046     0.830112  0.495070         0.381634                     0.186910
oos_geometry  2         seed_person_t01       9          6      1.391821     0.931730  0.506484         0.477674                     0.297284
oos_geometry  2        seed_person_t025       9          6      1.350372     0.921537  0.510969         0.477674                     0.289477
oos_geometry  2         seed_person_t05       9          6      1.343986     0.924564  0.515682         0.477674                     0.288796
oos_geometry  2              seed_type2       9          6      1.377255     0.934924  0.512584         0.477674                     0.294730
oos_geometry  2              seed_type3       9          6      1.376326     0.925379  0.505158         0.477674                     0.300625
oos_geometry  2              seed_type4       9          6      1.386399     0.942006  0.510848         0.477674                     0.302270
oos_geometry  2        selected_context       9          6      1.343636     0.929468  0.519310         0.477674                     0.288674
oos_geometry  2        selected_mixture       9          6      1.184343     0.822471  0.489391         0.381634                     0.186737
oos_geometry  2         selected_person       9          6      1.343779     0.930894  0.519986         0.477674                     0.288700
oos_geometry  2           selected_type       9          6      1.344529     0.932339  0.520883         0.477674                     0.288568
oos_geometry  4           joint_model10       9          6      1.076432     0.692020  0.365835         0.250585                     0.181807
oos_geometry  4           joint_model25       9          6      1.055121     0.685090  0.378721         0.250585                     0.151807
oos_geometry  4        seed_context_t01       9          6      1.112540     0.712483  0.379682         0.286306                     0.218482
oos_geometry  4       seed_context_t025       9          6      1.111785     0.714901  0.380486         0.286306                     0.216403
oos_geometry  4        seed_context_t05       9          6      1.112438     0.716216  0.381078         0.286306                     0.215868
oos_geometry  4              seed_equal       9          6      1.113545     0.717763  0.381676         0.286306                     0.215348
oos_geometry  4    seed_model_uniform10       9          6      1.078316     0.695622  0.368161         0.250585                     0.181116
oos_geometry  4    seed_model_uniform25       9          6      1.057989     0.690911  0.384007         0.250585                     0.153022
oos_geometry  4         seed_person_t01       9          6      1.149253     0.716007  0.378116         0.286306                     0.229893
oos_geometry  4        seed_person_t025       9          6      1.114669     0.707398  0.378348         0.286306                     0.219175
oos_geometry  4         seed_person_t05       9          6      1.111381     0.710956  0.379297         0.286306                     0.216912
oos_geometry  4              seed_type2       9          6      1.136171     0.729930  0.382558         0.286306                     0.220707
oos_geometry  4              seed_type3       9          6      1.133084     0.720725  0.379959         0.286306                     0.225629
oos_geometry  4              seed_type4       9          6      1.142840     0.725316  0.377120         0.286306                     0.223376
oos_geometry  4        selected_context       9          6      1.112388     0.715937  0.380803         0.286306                     0.217332
oos_geometry  4        selected_mixture       9          6      1.055121     0.685090  0.378721         0.250585                     0.151807
oos_geometry  4         selected_person       9          6      1.112932     0.716319  0.381216         0.286306                     0.217903
oos_geometry  4           selected_type       9          6      1.113545     0.717763  0.381676         0.286306                     0.215348
oos_geometry  6           joint_model10       9          6      1.011364     0.638428  0.323474         0.199467                     0.156271
oos_geometry  6           joint_model25       9          6      1.010080     0.649307  0.343766         0.199467                     0.138729
oos_geometry  6        seed_context_t01       9          6      1.030957     0.642310  0.326224         0.217441                     0.174538
oos_geometry  6       seed_context_t025       9          6      1.031330     0.647559  0.328588         0.217441                     0.172408
oos_geometry  6        seed_context_t05       9          6      1.032093     0.649620  0.329485         0.217441                     0.171661
oos_geometry  6              seed_equal       9          6      1.033176     0.651820  0.330428         0.217441                     0.171145
oos_geometry  6    seed_model_uniform10       9          6      1.013311     0.643099  0.326319         0.199467                     0.154772
oos_geometry  6    seed_model_uniform25       9          6      1.012983     0.655789  0.348554         0.199467                     0.137951
oos_geometry  6         seed_person_t01       9          6      1.054461     0.637645  0.321895         0.217441                     0.187267
oos_geometry  6        seed_person_t025       9          6      1.030149     0.638483  0.324498         0.217441                     0.177435
oos_geometry  6         seed_person_t05       9          6      1.029723     0.644219  0.327217         0.217441                     0.174180
oos_geometry  6              seed_type2       9          6      1.047828     0.658238  0.331494         0.217441                     0.179979
oos_geometry  6              seed_type3       9          6      1.043982     0.649994  0.329841         0.217441                     0.186378
oos_geometry  6              seed_type4       9          6      1.049576     0.649555  0.325827         0.217441                     0.183579
oos_geometry  6        selected_context       9          6      1.030207     0.638511  0.324718         0.217441                     0.177139
oos_geometry  6        selected_mixture       9          6      1.010080     0.649307  0.343766         0.199467                     0.138729
oos_geometry  6         selected_person       9          6      1.030448     0.639913  0.324496         0.217441                     0.176540
oos_geometry  6           selected_type       9          6      1.035059     0.651486  0.330073         0.217441                     0.176040
oos_geometry  8           joint_model10       9          6      0.979947     0.615294  0.287050         0.185108                     0.122310
oos_geometry  8           joint_model25       9          6      0.987744     0.631748  0.320890         0.185108                     0.118037
oos_geometry  8        seed_context_t01       9          6      0.991389     0.614614  0.284481         0.199383                     0.136083
oos_geometry  8       seed_context_t025       9          6      0.993000     0.620362  0.285936         0.199383                     0.135579
oos_geometry  8        seed_context_t05       9          6      0.993973     0.622336  0.286548         0.199383                     0.135561
oos_geometry  8              seed_equal       9          6      0.995156     0.624325  0.287191         0.199383                     0.135621
oos_geometry  8    seed_model_uniform10       9          6      0.982146     0.619560  0.289660         0.185108                     0.122759
oos_geometry  8    seed_model_uniform25       9          6      0.990821     0.637710  0.326389         0.185108                     0.119608
oos_geometry  8         seed_person_t01       9          6      1.005994     0.600899  0.283141         0.199383                     0.146845
oos_geometry  8        seed_person_t025       9          6      0.989910     0.610220  0.283497         0.199383                     0.139131
oos_geometry  8         seed_person_t05       9          6      0.991235     0.617091  0.285260         0.199383                     0.137201
oos_geometry  8              seed_type2       9          6      1.005678     0.626544  0.289748         0.199383                     0.138457
oos_geometry  8              seed_type3       9          6      1.002083     0.620808  0.292325         0.199383                     0.144153
oos_geometry  8              seed_type4       9          6      1.005556     0.620101  0.287011         0.199383                     0.145088
oos_geometry  8        selected_context       9          6      0.989910     0.610220  0.283497         0.199383                     0.139131
oos_geometry  8        selected_mixture       9          6      0.979947     0.615294  0.287050         0.185108                     0.122310
oos_geometry  8         selected_person       9          6      0.989910     0.610220  0.283497         0.199383                     0.139131
oos_geometry  8           selected_type       9          6      0.998935     0.627354  0.289486         0.199383                     0.138837
        semi  0   cold_context_personal      43         12      1.005896     0.461116  0.274142         0.180122                     0.259378
        semi  0 cold_context_population      43         12      1.007240     0.464621  0.274435         0.180122                     0.259332
        semi  0           cold_personal      43         12      1.007895     0.468798  0.279845         0.180122                     0.258244
        semi  0         cold_population      43         12      1.008696     0.473600  0.280265         0.180122                     0.258122
        semi  0              cold_type2      43         12      1.008168     0.470727  0.279425         0.180122                     0.258470
        semi  0              cold_type3      43         12      1.008164     0.470712  0.279873         0.180122                     0.258325
        semi  0              cold_type4      43         12      1.008166     0.471143  0.280157         0.180122                     0.258245
        semi  0            cold_uniform      43         12      1.021783     0.473963  0.276583         0.180122                     0.258406
        semi  2           joint_model10      42         12      0.833076     0.405109  0.253210         0.128795                     0.300465
        semi  2           joint_model25      42         12      0.785733     0.380509  0.246605         0.128795                     0.291276
        semi  2        seed_context_t01      42         12      0.879541     0.423734  0.255270         0.188264                     0.306981
        semi  2       seed_context_t025      42         12      0.881744     0.429440  0.259083         0.188264                     0.307891
        semi  2        seed_context_t05      42         12      0.883868     0.432250  0.260488         0.188264                     0.308039
        semi  2              seed_equal      42         12      0.886742     0.435519  0.261909         0.188264                     0.308089
        semi  2    seed_model_uniform10      42         12      0.838081     0.410431  0.256708         0.128795                     0.301216
        semi  2    seed_model_uniform25      42         12      0.791291     0.385249  0.251153         0.128795                     0.292409
        semi  2         seed_person_t01      42         12      0.885388     0.416221  0.244877         0.188264                     0.298725
        semi  2        seed_person_t025      42         12      0.877656     0.421452  0.253669         0.188264                     0.306052
        semi  2         seed_person_t05      42         12      0.880231     0.427149  0.257533         0.188264                     0.307551
        semi  2              seed_type2      42         12      0.893152     0.428645  0.255791         0.188264                     0.305254
        semi  2              seed_type3      42         12      0.897597     0.426323  0.251227         0.188264                     0.304734
        semi  2              seed_type4      42         12      0.895294     0.426049  0.249940         0.188264                     0.302781
        semi  2        selected_context      42         12      0.879965     0.422332  0.254371         0.188264                     0.306494
        semi  2        selected_mixture      42         12      0.785733     0.380509  0.246605         0.128795                     0.291276
        semi  2         selected_person      42         12      0.877656     0.421452  0.253669         0.188264                     0.306052
        semi  2           selected_type      42         12      0.897680     0.431789  0.255318         0.188264                     0.307541
        semi  4           joint_model10      18         10      0.678024     0.260671  0.139515         0.072366                     0.130128
        semi  4           joint_model25      18         10      0.656549     0.253012  0.130516         0.072366                     0.114731
        semi  4        seed_context_t01      18         10      0.693715     0.262896  0.143091         0.094515                     0.139553
        semi  4       seed_context_t025      18         10      0.700181     0.268375  0.147509         0.094515                     0.141625
        semi  4        seed_context_t05      18         10      0.703334     0.270923  0.149390         0.094515                     0.142297
        semi  4              seed_equal      18         10      0.707105     0.273922  0.151400         0.094515                     0.142911
        semi  4    seed_model_uniform10      18         10      0.684349     0.265654  0.143298         0.072366                     0.130965
        semi  4    seed_model_uniform25      18         10      0.662490     0.257432  0.134617         0.072366                     0.114375
        semi  4         seed_person_t01      18         10      0.693631     0.260148  0.136229         0.094515                     0.138109
        semi  4        seed_person_t025      18         10      0.695366     0.263860  0.142671         0.094515                     0.140174
        semi  4         seed_person_t05      18         10      0.699836     0.267793  0.146387         0.094515                     0.141430
        semi  4              seed_type2      18         10      0.704610     0.265002  0.142829         0.094515                     0.138274
        semi  4              seed_type3      18         10      0.705503     0.265923  0.138438         0.094515                     0.138017
        semi  4              seed_type4      18         10      0.700003     0.266501  0.139354         0.094515                     0.137764
        semi  4        selected_context      18         10      0.694743     0.264056  0.143595         0.094515                     0.140615
        semi  4        selected_mixture      18         10      0.656549     0.253012  0.130516         0.072366                     0.114731
        semi  4         selected_person      18         10      0.692471     0.258445  0.136101         0.094515                     0.138291
        semi  4           selected_type      18         10      0.702005     0.267302  0.140304         0.094515                     0.136839
        semi  6           joint_model10      18         10      0.644497     0.247171  0.121762         0.062394                     0.115618
        semi  6           joint_model25      18         10      0.632604     0.242344  0.116765         0.062394                     0.104388
        semi  6        seed_context_t01      18         10      0.652445     0.246486  0.124967         0.078284                     0.121533
        semi  6       seed_context_t025      18         10      0.659377     0.252820  0.128526         0.078284                     0.124748
        semi  6        seed_context_t05      18         10      0.662584     0.255651  0.130339         0.078284                     0.126781
        semi  6              seed_equal      18         10      0.666393     0.258962  0.132395         0.078284                     0.128999
        semi  6    seed_model_uniform10      18         10      0.650873     0.252553  0.125450         0.062394                     0.119765
        semi  6    seed_model_uniform25      18         10      0.638530     0.246893  0.120351         0.062394                     0.107929
        semi  6         seed_person_t01      18         10      0.652352     0.244785  0.122677         0.078284                     0.123818
        semi  6        seed_person_t025      18         10      0.655480     0.249104  0.125986         0.078284                     0.124750
        semi  6         seed_person_t05      18         10      0.659812     0.253087  0.128395         0.078284                     0.125881
        semi  6              seed_type2      18         10      0.660527     0.247416  0.126620         0.078284                     0.125175
        semi  6              seed_type3      18         10      0.662253     0.248466  0.124858         0.078284                     0.126928
        semi  6              seed_type4      18         10      0.657153     0.248513  0.125159         0.078284                     0.125496
        semi  6        selected_context      18         10      0.653967     0.248462  0.126114         0.078284                     0.123053
        semi  6        selected_mixture      18         10      0.632604     0.242344  0.116765         0.062394                     0.104388
        semi  6         selected_person      18         10      0.655657     0.249236  0.124831         0.078284                     0.125068
        semi  6           selected_type      18         10      0.660113     0.248442  0.125259         0.078284                     0.125057
        semi  8           joint_model10      18         10      0.624631     0.242828  0.114554         0.058934                     0.109507
        semi  8           joint_model25      18         10      0.619283     0.240550  0.114475         0.058934                     0.107275
        semi  8        seed_context_t01      18         10      0.626801     0.240095  0.114827         0.070040                     0.114531
        semi  8       seed_context_t025      18         10      0.634580     0.246566  0.117311         0.070040                     0.113968
        semi  8        seed_context_t05      18         10      0.637781     0.249244  0.118416         0.070040                     0.114586
        semi  8              seed_equal      18         10      0.641417     0.252311  0.119615         0.070040                     0.115415
        semi  8    seed_model_uniform10      18         10      0.631002     0.248036  0.117422         0.058934                     0.112457
        semi  8    seed_model_uniform25      18         10      0.625406     0.245195  0.117422         0.058934                     0.110585
        semi  8         seed_person_t01      18         10      0.623530     0.237658  0.114658         0.070040                     0.120549
        semi  8        seed_person_t025      18         10      0.630234     0.243435  0.115865         0.070040                     0.116526
        semi  8         seed_person_t05      18         10      0.635028     0.247201  0.117441         0.070040                     0.115394
        semi  8              seed_type2      18         10      0.635222     0.241060  0.116212         0.070040                     0.116005
        semi  8              seed_type3      18         10      0.636858     0.242812  0.116005         0.070040                     0.117939
        semi  8              seed_type4      18         10      0.631569     0.241421  0.115477         0.070040                     0.118342
        semi  8        selected_context      18         10      0.628880     0.242978  0.115466         0.070040                     0.115253
        semi  8        selected_mixture      18         10      0.619283     0.240550  0.114475         0.058934                     0.107275
        semi  8         selected_person      18         10      0.629216     0.243380  0.115910         0.070040                     0.119392
        semi  8           selected_type      18         10      0.633196     0.242109  0.116095         0.070040                     0.117994
