2t7WUuJeko7-06 {'image': '2t7WUuJeko7-06', 'n': 3, 'blob_matches_current_handoff': True, 'arc_status': 'ok_conditional_representation', 'arc_individual_pass': 3, 'failures': [], 'lee_status': 'ok', 'lee_area': 1.587876922026489, 'exact_pairs': 25, 'lee_symmetric_difference_h2': 8.098471228917609e-16, 'serialization_error_px': 5.684341886080802e-14}
7y3sRwLe3Va-04 {'image': '7y3sRwLe3Va-04', 'n': 24, 'blob_matches_current_handoff': True, 'arc_status': 'ok_conditional_representation', 'arc_individual_pass': 24, 'failures': [], 'lee_status': 'ok', 'lee_area': 2.497573740519943, 'exact_pairs': 66, 'lee_symmetric_difference_h2': 0.0, 'serialization_error_px': 1.1368683772161603e-13}
rPc6DW4iMge-06 {'image': 'rPc6DW4iMge-06', 'n': 24, 'blob_matches_current_handoff': True, 'arc_status': 'unsupported_entire_selected_roster', 'arc_individual_pass': 21, 'failures': [{'id': 'R00020', 'worker': 'P002', 'reason': 'source_ring_not_single_valued_one_turn'}, {'id': 'R01518', 'worker': 'P017', 'reason': 'source_ring_not_single_valued_one_turn'}, {'id': 'R01557', 'worker': 'P023', 'reason': 'source_ring_not_single_valued_one_turn'}], 'lee_status': 'ok', 'lee_area': 4.201210744384999}
uNb9QFRL6hY-67 {'image': 'uNb9QFRL6hY-67', 'n': 15, 'blob_matches_current_handoff': True, 'arc_status': 'unsupported_entire_selected_roster', 'arc_individual_pass': 13, 'failures': [{'id': 'R02928', 'worker': 'P010', 'reason': 'source_ring_not_single_valued_one_turn'}, {'id': 'R02929', 'worker': 'P005', 'reason': 'source_ring_not_single_valued_one_turn'}], 'lee_status': 'ok', 'lee_area': 0.959488670048615}
keys dict_keys(['status', 'n', 'erp_threshold', 'knot_provenance', 'equivalent_bev_threshold', 'points', 'footprint', 'pair_count', 'ring_confirmed', 'representation', 'connections', 'provenance_intervals', 'source_pair_residuals', 'source_record_ids', 'source_workers', 'shared_top_bottom_donor_longitude_fraction', 'different_top_bottom_donor_longitude_fraction', 'height_proxy', 'bottom_xyz', 'top_xyz', 'roof_interior', 'max_serialization_error_px', 'geometry_valid', 'camera_inside', 'numerical_epsilon_radians', 'uncertainty'])
2t7WUuJeko7-06 costs 0.47420692443847656
2t7WUuJeko7-06 envelope pieces 11
2t7WUuJeko7-06 pixel_only_0.25px nodes 20 h 0.0018249244188313085 witness loss 0.05257279786297983
2t7WUuJeko7-06 bottom_locked_0.25px nodes 21 h 0.0018249244188313085 witness loss 0
2t7WUuJeko7-06 pixel_only_0.5px nodes 15 h 0.006170237933373235 witness loss 0.03393797178594183
2t7WUuJeko7-06 bottom_locked_0.5px nodes 20 h 0.0033201010692831545 witness loss 0
2t7WUuJeko7-06 pixel_only_1px nodes 11 h 0.01844190289831693 witness loss 0.12410730678583938
2t7WUuJeko7-06 bottom_locked_1px nodes 16 h 0.0101895416607245 witness loss 0
2t7WUuJeko7-06 pixel_only_2px nodes 6 h 0.022630770639603837 witness loss 0.4489233860313962
2t7WUuJeko7-06 bottom_locked_2px nodes 12 h 0.022935192200746135 witness loss 0.044799181754656116
DONE 2t7WUuJeko7-06 1.122147560119629
keys dict_keys(['status', 'n', 'erp_threshold', 'knot_provenance', 'equivalent_bev_threshold', 'points', 'footprint', 'pair_count', 'ring_confirmed', 'representation', 'connections', 'provenance_intervals', 'source_pair_residuals', 'source_record_ids', 'source_workers', 'shared_top_bottom_donor_longitude_fraction', 'different_top_bottom_donor_longitude_fraction', 'height_proxy', 'bottom_xyz', 'top_xyz', 'roof_interior', 'max_serialization_error_px', 'geometry_valid', 'camera_inside', 'numerical_epsilon_radians', 'uncertainty'])
7y3sRwLe3Va-04 costs 8.522166013717651
7y3sRwLe3Va-04 envelope pieces 15
7y3sRwLe3Va-04 pixel_only_0.25px nodes 28 h 0.004464235599830113 witness loss 0
7y3sRwLe3Va-04 bottom_locked_0.25px nodes 36 h 0.0023772387880811596 witness loss 0
7y3sRwLe3Va-04 pixel_only_0.5px nodes 17 h 0.005472866785922625 witness loss 0
7y3sRwLe3Va-04 bottom_locked_0.5px nodes 33 h 0.003793445269811624 witness loss 0
7y3sRwLe3Va-04 pixel_only_1px nodes 10 h 0.00963885555612698 witness loss 0.0030067069130326543
7y3sRwLe3Va-04 bottom_locked_1px nodes 32 h 0.007242852517987619 witness loss 0
7y3sRwLe3Va-04 pixel_only_2px nodes 5 h 0.01690286314599121 witness loss 0.12009297122341323
7y3sRwLe3Va-04 bottom_locked_2px nodes 30 h 0.012066634031899892 witness loss 0
DONE 7y3sRwLe3Va-04 21.523361444473267
2t7WUuJeko7-06 0.25 nodes 21 witness_loss 0
2t7WUuJeko7-06 0.5 nodes 19 witness_loss 0.2331160308157023
2t7WUuJeko7-06 1.0 nodes 15 witness_loss 0
2t7WUuJeko7-06 2.0 nodes 11 witness_loss 0.3245910721808054
7y3sRwLe3Va-04 0.25 nodes 35 witness_loss 0
7y3sRwLe3Va-04 0.5 nodes 32 witness_loss 0
7y3sRwLe3Va-04 1.0 nodes 31 witness_loss 0
7y3sRwLe3Va-04 2.0 nodes 29 witness_loss 0
2t7WUuJeko7-06 R00227 iou 0.7866219629909041 yaw 3.2968205710153975
2t7WUuJeko7-06 R00539 iou 0.8273923975400435 yaw 4.361491473505914
2t7WUuJeko7-06 R01831 iou 0.8943463727743911 yaw 3.6344524268943257
2t7WUuJeko7-06 exact iou 0.8315891468753996 yaw 4.019535433210544
2t7WUuJeko7-06 point_5deg iou 0.8512509462773056 yaw 3.7538993124044517
2t7WUuJeko7-06 2t7WUuJeko7-06_bottom_locked_0.25px iou 0.8315891468753995 yaw 4.019205423335491
2t7WUuJeko7-06 2t7WUuJeko7-06_bottom_locked_0.5px iou 0.8315891468753995 yaw 4.019326502030418
2t7WUuJeko7-06 2t7WUuJeko7-06_bottom_locked_1px iou 0.8315891468753993 yaw 3.9671956762373264
2t7WUuJeko7-06 2t7WUuJeko7-06_bottom_locked_2px iou 0.8315891468753992 yaw 3.8952644974595425
2t7WUuJeko7-06 2t7WUuJeko7-06_bottom_locked_mandatory_anchor_0.25px iou 0.8315891468753996 yaw 4.019205423335491
2t7WUuJeko7-06 2t7WUuJeko7-06_bottom_locked_mandatory_anchor_0.5px iou 0.8315891468753996 yaw 3.986708610889905
2t7WUuJeko7-06 2t7WUuJeko7-06_bottom_locked_mandatory_anchor_1px iou 0.8315891468753993 yaw 3.967195676237328
2t7WUuJeko7-06 2t7WUuJeko7-06_bottom_locked_mandatory_anchor_2px iou 0.8315891468753992 yaw 3.8351217204293686
2t7WUuJeko7-06 2t7WUuJeko7-06_pixel_only_0.25px iou 0.8317476798196431 yaw 4.020106098660439
2t7WUuJeko7-06 2t7WUuJeko7-06_pixel_only_0.5px iou 0.8316052517105864 yaw 4.01960872857355
2t7WUuJeko7-06 2t7WUuJeko7-06_pixel_only_1px iou 0.8328959035253146 yaw 3.878204230750231
2t7WUuJeko7-06 2t7WUuJeko7-06_pixel_only_2px iou 0.8401059382454396 yaw 3.7719079851027266
7y3sRwLe3Va-04 R00194 iou 0.9515535245882882 yaw 1.6390179471917097
7y3sRwLe3Va-04 R00332 iou 0.9875468736048629 yaw 0.43972198551573366
7y3sRwLe3Va-04 R00441 iou 0.9161965592127229 yaw 2.3794416024197265
7y3sRwLe3Va-04 R00478 iou 0.9524952014266315 yaw 1.794829727255468
7y3sRwLe3Va-04 R00755 iou 0.8742837094057865 yaw 2.1841506785718203
7y3sRwLe3Va-04 R00862 iou 0.9441898207694098 yaw 1.6353693167746122
7y3sRwLe3Va-04 R00917 iou 0.9523178220875175 yaw 3.7808542480091116
7y3sRwLe3Va-04 R00992 iou 0.9365429516217718 yaw 5.473600740420763
7y3sRwLe3Va-04 R01020 iou 0.9483731779734206 yaw 2.0465361311300776
7y3sRwLe3Va-04 R01041 iou 0.9485214435539427 yaw 1.5010247596891495
7y3sRwLe3Va-04 R01300 iou 0.9572176428626469 yaw 1.924346522143405
7y3sRwLe3Va-04 R01441 iou 0.9649257011520864 yaw 3.4591381277177393
7y3sRwLe3Va-04 R01449 iou 0.90891494098987 yaw 2.315295550085296
7y3sRwLe3Va-04 R01550 iou 0.9441898207694098 yaw 1.6353693167746122
7y3sRwLe3Va-04 R01553 iou 0.914227743298246 yaw 9.581373063229996
7y3sRwLe3Va-04 R01556 iou 0.9706652511439136 yaw 2.255099139848707
7y3sRwLe3Va-04 R01649 iou 0.9441898207694098 yaw 1.6353693167746122
7y3sRwLe3Va-04 R01787 iou 0.9649257011520864 yaw 3.4591381277177393
7y3sRwLe3Va-04 R01837 iou 0.9553789751221258 yaw 2.2075519904058045
7y3sRwLe3Va-04 R01896 iou 0.9130530844981016 yaw 5.849413928029845
7y3sRwLe3Va-04 R02003 iou 0.9485214435539427 yaw 1.5010247596891495
7y3sRwLe3Va-04 R02226 iou 0.9132734656962849 yaw 4.855550769335338
7y3sRwLe3Va-04 R02365 iou 0.9583046748406279 yaw 7.045905929813546
7y3sRwLe3Va-04 R02398 iou 0.9553789751221258 yaw 2.2075519904058045
7y3sRwLe3Va-04 exact iou 0.9564726693677658 yaw 1.9544827294799205
7y3sRwLe3Va-04 point_5deg iou 0.9585107967125783 yaw 2.0919374156997446
7y3sRwLe3Va-04 7y3sRwLe3Va-04_bottom_locked_0.25px iou 0.9564726693677652 yaw 1.9536222128995233
7y3sRwLe3Va-04 7y3sRwLe3Va-04_bottom_locked_0.5px iou 0.9564726693677656 yaw 1.9304565412002612
7y3sRwLe3Va-04 7y3sRwLe3Va-04_bottom_locked_1px iou 0.9564726693677656 yaw 1.9080422039947285
7y3sRwLe3Va-04 7y3sRwLe3Va-04_bottom_locked_2px iou 0.9564726693677654 yaw 1.8031490606028657
7y3sRwLe3Va-04 7y3sRwLe3Va-04_bottom_locked_mandatory_anchor_0.25px iou 0.9564726693677656 yaw 1.9551517866695771
7y3sRwLe3Va-04 7y3sRwLe3Va-04_bottom_locked_mandatory_anchor_0.5px iou 0.9564726693677656 yaw 1.9319861149703152
7y3sRwLe3Va-04 7y3sRwLe3Va-04_bottom_locked_mandatory_anchor_1px iou 0.9564726693677656 yaw 1.9095717777647825
7y3sRwLe3Va-04 7y3sRwLe3Va-04_bottom_locked_mandatory_anchor_2px iou 0.9564726693677654 yaw 1.8046786343729202
7y3sRwLe3Va-04 7y3sRwLe3Va-04_pixel_only_0.25px iou 0.9566187285195444 yaw 1.958362334047001
7y3sRwLe3Va-04 7y3sRwLe3Va-04_pixel_only_0.5px iou 0.9570264939104111 yaw 1.874892280185868
7y3sRwLe3Va-04 7y3sRwLe3Va-04_pixel_only_1px iou 0.9596241973775905 yaw 1.8207423018807987
7y3sRwLe3Va-04 7y3sRwLe3Va-04_pixel_only_2px iou 0.9610451562279126 yaw 1.7146900465452735
rPc6DW4iMge-06 R00020 iou 0.8121141081543231 yaw None
rPc6DW4iMge-06 R00233 iou 0.5216551707406962 yaw None
rPc6DW4iMge-06 R00500 iou 0.539620427634584 yaw None
rPc6DW4iMge-06 R00525 iou 0.48022134078945294 yaw None
rPc6DW4iMge-06 R00553 iou 0.4821738381996862 yaw None
rPc6DW4iMge-06 R00634 iou 0.5190529455840601 yaw None
rPc6DW4iMge-06 R01341 iou 0.4807440622889931 yaw None
rPc6DW4iMge-06 R01489 iou 0.5276137605621032 yaw None
rPc6DW4iMge-06 R01518 iou 0.9836954917675392 yaw None
rPc6DW4iMge-06 R01557 iou 0.467007763159518 yaw None
rPc6DW4iMge-06 R01662 iou 0.5113466119380263 yaw None
rPc6DW4iMge-06 R01695 iou 0.5118627233684413 yaw None
rPc6DW4iMge-06 R01784 iou 0.5436040682558249 yaw None
rPc6DW4iMge-06 R01798 iou 0.4807440622889931 yaw None
rPc6DW4iMge-06 R01886 iou 0.3338041603328648 yaw None
rPc6DW4iMge-06 R01905 iou 0.5430693130427278 yaw None
rPc6DW4iMge-06 R01986 iou 0.45372183240104286 yaw None
rPc6DW4iMge-06 R02094 iou 0.347633105411879 yaw None
rPc6DW4iMge-06 R02165 iou 0.4816420569765751 yaw None
rPc6DW4iMge-06 R02190 iou 0.5710605576930446 yaw None
rPc6DW4iMge-06 R02407 iou 0.48022134078945294 yaw None
rPc6DW4iMge-06 R02452 iou 0.4807440622889931 yaw None
rPc6DW4iMge-06 R02456 iou 0.551356716682099 yaw None
rPc6DW4iMge-06 R02468 iou 0.44785047596042876 yaw None
uNb9QFRL6hY-67 R00144 iou 0.1121948051165592 yaw None
uNb9QFRL6hY-67 R00526 iou 0.1035903928803736 yaw None
uNb9QFRL6hY-67 R00854 iou 0.634240193792232 yaw None
uNb9QFRL6hY-67 R01956 iou 0.09786391690056416 yaw None
uNb9QFRL6hY-67 R02210 iou 0.10852197742255708 yaw None
uNb9QFRL6hY-67 R02928 iou 0.703316748091283 yaw None
uNb9QFRL6hY-67 R02929 iou 0.8582571039330373 yaw None
uNb9QFRL6hY-67 R02930 iou 0.10721994722272235 yaw None
uNb9QFRL6hY-67 R02931 iou 0.10683248931822809 yaw None
uNb9QFRL6hY-67 R02932 iou 0.10683248931822809 yaw None
uNb9QFRL6hY-67 R03192 iou 0.31728542789464914 yaw None
uNb9QFRL6hY-67 R03194 iou 0.11294633347923812 yaw None
uNb9QFRL6hY-67 R03195 iou 0.6486001558124651 yaw None
uNb9QFRL6hY-67 R03196 iou 0.10302832201565897 yaw None
uNb9QFRL6hY-67 R03197 iou 0.3142552658217502 yaw None
lee fields dict_keys(['image', 'n', 'threshold', 'geometry', 'area', 'valid', 'geometry_type', 'gt_used'])
lee fields dict_keys(['image', 'n', 'threshold', 'geometry', 'area', 'valid', 'geometry_type', 'gt_used'])
lee fields dict_keys(['image', 'n', 'threshold', 'geometry', 'area', 'valid', 'geometry_type', 'gt_used'])
lee fields dict_keys(['image', 'n', 'threshold', 'geometry', 'area', 'valid', 'geometry_type', 'gt_used'])
