done 0 2t7WUuJeko7-06 manual 3
done 30 B6ByNegPMKs-50 manual 5
done 60 X7HyMhZNoso-05 semi 24
done 90 jh4fc5c5qoQ-13 manual 1
done 120 pa4otMbVnkk-06 manual 1
done 150 rPc6DW4iMge-05 manual 5
done 180 uNb9QFRL6hY-60 manual 23
done 210 wc2JMjhGNzB-67 manual 5
                  clusters  singletons
method                                
A0_legacy              882         509
A1_mask                743         366
A1_mask_cut0.050      1183         788
A1_mask_cut0.075       914         522
A1_mask_cut0.125       629         271
A1_mask_cut0.150       550         207
A1_mask_cut0.200       430         124
A2_local               983         602
A3_cyclic              887         473
A3_cyclic_cut06       1594        1241
A3_cyclic_cut08       1394        1007
A3_cyclic_cut10       1154         727
A3_cyclic_cut14        648         258
A3_cyclic_cut16        452         123
A4_adaptive            910         488
A5_density            1253         680
A6_spectral            428          65
A7_event              1068         653
