{
  "images": 214,
  "human_distance_rows": 2299,
  "all_four_available_rows": 2294,
  "head_gap_quantiles": {
    "0.0": 2.5407233697816167e-05,
    "0.25": 0.00048315433468182345,
    "0.5": 0.002395198121758646,
    "0.75": 0.010446643990970755,
    "0.9": 0.059635365344746345,
    "1.0": 0.40626827522065745
  },
  "head_gaps_below_002": 175,
  "direction_status": {
    "heads_too_close": 1860,
    "enclosed_closer": 170,
    "both_far": 160,
    "extended_closer": 77,
    "near_tie": 32
  },
  "bi_states_010": {
    "both": 1566,
    "neither": 544,
    "enclosed_only": 138,
    "extended_only": 51
  },
  "primary_source_yaw": 0,
  "heads_are_human_votes": false,
  "semantic_validation": false
}
                                                  image_condition_mean  covered  denominator
candidates                                                                                  
bi_enclosed                                                   0.733996     1704         2294
bi_enclosed+bi_extended                                       0.765026     1755         2294
bi_enclosed+bi_extended+hohonet+ulayout_boundary              0.831843     1883         2294
bi_extended                                                   0.716559     1617         2294
hohonet                                                       0.739980     1685         2294
hohonet+ulayout_boundary                                      0.781248     1773         2294
ulayout_boundary                                              0.721011     1594         2294
