{
  "finite_grid_rank_and_support_checks": 28602,
  "min_support_achieved": {
    "1,1": 1,
    "2,1": 0,
    "2,2": 2,
    "3,1": 0,
    "3,2": 1,
    "3,3": 3,
    "4,1": 0,
    "4,2": 0,
    "4,3": 2,
    "4,4": 4
  },
  "fine_quality_control": [
    {
      "n": 0,
      "candidate_length_deg": 331.57188147452,
      "candidate_mean_deg": 2.194846689908398,
      "reference_mean_deg": 2.2338550943513713,
      "equal_direction_mean_deg": 2.2143508921298847,
      "equal_direction_quadrature_bound_deg": 0.006249673377545381,
      "candidate_integral_deg_squared": 727.7494465210499,
      "fixed_error_region_change_px": 0.0,
      "outside_wiggle_region_change_px": 0.0,
      "uniform_longitude_mean_abs_error_px": 6.599477365458126,
      "max_uniform_longitude_abs_error_px": 22.255356455477738,
      "error_reduction_at_any_longitude_px": 0.0
    },
    {
      "n": 1000,
      "candidate_length_deg": 914.9146700372247,
      "candidate_mean_deg": 0.929748518008171,
      "reference_mean_deg": 2.246302487002806,
      "equal_direction_mean_deg": 1.5880255025054886,
      "equal_direction_quadrature_bound_deg": 0.0062497241113076115,
      "candidate_integral_deg_squared": 850.6405585710445,
      "fixed_error_region_change_px": 0.0,
      "outside_wiggle_region_change_px": 0.0,
      "uniform_longitude_mean_abs_error_px": 6.794792473195362,
      "max_uniform_longitude_abs_error_px": 22.255356455477738,
      "error_reduction_at_any_longitude_px": 0.0
    }
  ],
  "input_quality_result_unchanged": true,
  "method_note": "Independent order-statistic enumeration; package metric rerun at 0.025-degree step versus original 0.05. Source geometry and local error rechecked on 65,536 longitude midpoints. Mathematical proof is separate."
}
