IMAGE 2t7WUuJeko7-06 3 12
pair_5 {'image': '2t7WUuJeko7-06', 'metric': 'pair', 'threshold_deg': 5, 'n': 3, 'tested_node_pairs': 12, 'witnessed': 12, 'numeric_unresolved': 0, 'no_witness': 0, 'raw_selected': 4, 'path_selected': 4, 'raw_groups': 4, 'path_groups': 4, 'lost_relations': 0, 'new_relations': 0, 'affected_observations': 0} seconds 1.23
pair_9 {'image': '2t7WUuJeko7-06', 'metric': 'pair', 'threshold_deg': 9, 'n': 3, 'tested_node_pairs': 12, 'witnessed': 12, 'numeric_unresolved': 0, 'no_witness': 0, 'raw_selected': 4, 'path_selected': 4, 'raw_groups': 4, 'path_groups': 4, 'lost_relations': 0, 'new_relations': 0, 'affected_observations': 0} seconds 0.01
pair_12 {'image': '2t7WUuJeko7-06', 'metric': 'pair', 'threshold_deg': 12, 'n': 3, 'tested_node_pairs': 12, 'witnessed': 12, 'numeric_unresolved': 0, 'no_witness': 0, 'raw_selected': 4, 'path_selected': 4, 'raw_groups': 4, 'path_groups': 4, 'lost_relations': 0, 'new_relations': 0, 'affected_observations': 0} seconds 0.01
bottom_5 {'image': '2t7WUuJeko7-06', 'metric': 'bottom', 'threshold_deg': 5, 'n': 3, 'tested_node_pairs': 12, 'witnessed': 12, 'numeric_unresolved': 0, 'no_witness': 0, 'raw_selected': 4, 'path_selected': 4, 'raw_groups': 4, 'path_groups': 4, 'lost_relations': 0, 'new_relations': 0, 'affected_observations': 0} seconds 0.0
bottom_9 {'image': '2t7WUuJeko7-06', 'metric': 'bottom', 'threshold_deg': 9, 'n': 3, 'tested_node_pairs': 12, 'witnessed': 12, 'numeric_unresolved': 0, 'no_witness': 0, 'raw_selected': 4, 'path_selected': 4, 'raw_groups': 4, 'path_groups': 4, 'lost_relations': 0, 'new_relations': 0, 'affected_observations': 0} seconds 0.0
bottom_12 {'image': '2t7WUuJeko7-06', 'metric': 'bottom', 'threshold_deg': 12, 'n': 3, 'tested_node_pairs': 12, 'witnessed': 12, 'numeric_unresolved': 0, 'no_witness': 0, 'raw_selected': 4, 'path_selected': 4, 'raw_groups': 4, 'path_groups': 4, 'lost_relations': 0, 'new_relations': 0, 'affected_observations': 0} seconds 0.01
top_5 {'image': '2t7WUuJeko7-06', 'metric': 'top', 'threshold_deg': 5, 'n': 3, 'tested_node_pairs': 12, 'witnessed': 12, 'numeric_unresolved': 0, 'no_witness': 0, 'raw_selected': 4, 'path_selected': 4, 'raw_groups': 4, 'path_groups': 4, 'lost_relations': 0, 'new_relations': 0, 'affected_observations': 0} seconds 0.01
top_9 {'image': '2t7WUuJeko7-06', 'metric': 'top', 'threshold_deg': 9, 'n': 3, 'tested_node_pairs': 12, 'witnessed': 12, 'numeric_unresolved': 0, 'no_witness': 0, 'raw_selected': 4, 'path_selected': 4, 'raw_groups': 4, 'path_groups': 4, 'lost_relations': 0, 'new_relations': 0, 'affected_observations': 0} seconds 0.01
top_12 {'image': '2t7WUuJeko7-06', 'metric': 'top', 'threshold_deg': 12, 'n': 3, 'tested_node_pairs': 12, 'witnessed': 12, 'numeric_unresolved': 0, 'no_witness': 0, 'raw_selected': 4, 'path_selected': 4, 'raw_groups': 4, 'path_groups': 4, 'lost_relations': 0, 'new_relations': 0, 'affected_observations': 0} seconds 0.01
IMAGE 7y3sRwLe3Va-04 24 96
pair_5 {'image': '7y3sRwLe3Va-04', 'metric': 'pair', 'threshold_deg': 5, 'n': 24, 'tested_node_pairs': 1098, 'witnessed': 1086, 'numeric_unresolved': 0, 'no_witness': 12, 'raw_selected': 4, 'path_selected': 4, 'raw_groups': 5, 'path_groups': 7, 'lost_relations': 247, 'new_relations': 0, 'affected_observations': 48} seconds 0.67
pair_9 {'image': '7y3sRwLe3Va-04', 'metric': 'pair', 'threshold_deg': 9, 'n': 24, 'tested_node_pairs': 1104, 'witnessed': 1104, 'numeric_unresolved': 0, 'no_witness': 0, 'raw_selected': 4, 'path_selected': 4, 'raw_groups': 4, 'path_groups': 4, 'lost_relations': 0, 'new_relations': 0, 'affected_observations': 0} seconds 0.26
pair_12 {'image': '7y3sRwLe3Va-04', 'metric': 'pair', 'threshold_deg': 12, 'n': 24, 'tested_node_pairs': 1104, 'witnessed': 1104, 'numeric_unresolved': 0, 'no_witness': 0, 'raw_selected': 4, 'path_selected': 4, 'raw_groups': 4, 'path_groups': 4, 'lost_relations': 0, 'new_relations': 0, 'affected_observations': 0} seconds 0.39
bottom_5 {'image': '7y3sRwLe3Va-04', 'metric': 'bottom', 'threshold_deg': 5, 'n': 24, 'tested_node_pairs': 1103, 'witnessed': 1101, 'numeric_unresolved': 0, 'no_witness': 2, 'raw_selected': 4, 'path_selected': 4, 'raw_groups': 5, 'path_groups': 7, 'lost_relations': 223, 'new_relations': 0, 'affected_observations': 48} seconds 0.25
bottom_9 {'image': '7y3sRwLe3Va-04', 'metric': 'bottom', 'threshold_deg': 9, 'n': 24, 'tested_node_pairs': 1104, 'witnessed': 1104, 'numeric_unresolved': 0, 'no_witness': 0, 'raw_selected': 4, 'path_selected': 4, 'raw_groups': 4, 'path_groups': 4, 'lost_relations': 0, 'new_relations': 0, 'affected_observations': 0} seconds 0.25
bottom_12 {'image': '7y3sRwLe3Va-04', 'metric': 'bottom', 'threshold_deg': 12, 'n': 24, 'tested_node_pairs': 1104, 'witnessed': 1104, 'numeric_unresolved': 0, 'no_witness': 0, 'raw_selected': 4, 'path_selected': 4, 'raw_groups': 4, 'path_groups': 4, 'lost_relations': 0, 'new_relations': 0, 'affected_observations': 0} seconds 0.38
top_5 {'image': '7y3sRwLe3Va-04', 'metric': 'top', 'threshold_deg': 5, 'n': 24, 'tested_node_pairs': 1098, 'witnessed': 1086, 'numeric_unresolved': 0, 'no_witness': 12, 'raw_selected': 4, 'path_selected': 4, 'raw_groups': 5, 'path_groups': 7, 'lost_relations': 199, 'new_relations': 0, 'affected_observations': 48} seconds 0.25
top_9 {'image': '7y3sRwLe3Va-04', 'metric': 'top', 'threshold_deg': 9, 'n': 24, 'tested_node_pairs': 1104, 'witnessed': 1104, 'numeric_unresolved': 0, 'no_witness': 0, 'raw_selected': 4, 'path_selected': 4, 'raw_groups': 4, 'path_groups': 4, 'lost_relations': 0, 'new_relations': 0, 'affected_observations': 0} seconds 0.26
top_12 {'image': '7y3sRwLe3Va-04', 'metric': 'top', 'threshold_deg': 12, 'n': 24, 'tested_node_pairs': 1104, 'witnessed': 1104, 'numeric_unresolved': 0, 'no_witness': 0, 'raw_selected': 4, 'path_selected': 4, 'raw_groups': 4, 'path_groups': 4, 'lost_relations': 0, 'new_relations': 0, 'affected_observations': 0} seconds 0.39
IMAGE rPc6DW4iMge-06 24 224
Traceback (most recent call last):
  File "/mnt/data/structure_paths_20261006/src/run.py", line 61, in <module>
    run(args.out,args.images)
    ~~~^^^^^^^^^^^^^^^^^^^^^^
  File "/mnt/data/structure_paths_20261006/src/run.py", line 38, in run
    state[name]={'groups':gg,'ring':ring_diagnostics(records,nodes,gg,lut)}
                                    ~~~~~~~~~~~~~~~~^^^^^^^^^^^^^^^^^^^^^^
  File "/mnt/data/structure_paths_20261006/src/structure.py", line 162, in ring_diagnostics
    x=candidate(ordered);x['role']='unconfirmed_center_x_diagnostic_not_source_ring_reordering'
  File "/mnt/data/structure_paths_20261006/src/structure.py", line 154, in candidate
    rr=rays(np.asarray(pts)[1::2]);poly=None;reason=None;xy=None
  File "/mnt/data/structure_paths_20261006/src/frechet.py", line 98, in rays
    p=np.asarray(points,float);u=2*np.pi*(p[:,0]/1024-.5);v=np.pi*(.5-p[:,1]/512)
                                          ~^^^^^
IndexError: too many indices for array: array is 1-dimensional, but 2 were indexed
