IMAGE 2t7WUuJeko7-06 3 12
pair_5 {'image': '2t7WUuJeko7-06', 'metric': 'pair', 'threshold_deg': 5, 'n': 3, 'tested_node_pairs': 12, 'witnessed': 12, 'numeric_unresolved': 0, 'no_witness': 0, 'raw_selected': 4, 'path_selected': 4, 'raw_groups': 4, 'path_groups': 4, 'lost_relations': 0, 'new_relations': 0, 'affected_observations': 0} seconds 1.19
pair_9 {'image': '2t7WUuJeko7-06', 'metric': 'pair', 'threshold_deg': 9, 'n': 3, 'tested_node_pairs': 12, 'witnessed': 12, 'numeric_unresolved': 0, 'no_witness': 0, 'raw_selected': 4, 'path_selected': 4, 'raw_groups': 4, 'path_groups': 4, 'lost_relations': 0, 'new_relations': 0, 'affected_observations': 0} seconds 0.01
pair_12 {'image': '2t7WUuJeko7-06', 'metric': 'pair', 'threshold_deg': 12, 'n': 3, 'tested_node_pairs': 12, 'witnessed': 12, 'numeric_unresolved': 0, 'no_witness': 0, 'raw_selected': 4, 'path_selected': 4, 'raw_groups': 4, 'path_groups': 4, 'lost_relations': 0, 'new_relations': 0, 'affected_observations': 0} seconds 0.01
bottom_5 {'image': '2t7WUuJeko7-06', 'metric': 'bottom', 'threshold_deg': 5, 'n': 3, 'tested_node_pairs': 12, 'witnessed': 12, 'numeric_unresolved': 0, 'no_witness': 0, 'raw_selected': 4, 'path_selected': 4, 'raw_groups': 4, 'path_groups': 4, 'lost_relations': 0, 'new_relations': 0, 'affected_observations': 0} seconds 0.0
bottom_9 {'image': '2t7WUuJeko7-06', 'metric': 'bottom', 'threshold_deg': 9, 'n': 3, 'tested_node_pairs': 12, 'witnessed': 12, 'numeric_unresolved': 0, 'no_witness': 0, 'raw_selected': 4, 'path_selected': 4, 'raw_groups': 4, 'path_groups': 4, 'lost_relations': 0, 'new_relations': 0, 'affected_observations': 0} seconds 0.0
bottom_12 {'image': '2t7WUuJeko7-06', 'metric': 'bottom', 'threshold_deg': 12, 'n': 3, 'tested_node_pairs': 12, 'witnessed': 12, 'numeric_unresolved': 0, 'no_witness': 0, 'raw_selected': 4, 'path_selected': 4, 'raw_groups': 4, 'path_groups': 4, 'lost_relations': 0, 'new_relations': 0, 'affected_observations': 0} seconds 0.01
top_5 {'image': '2t7WUuJeko7-06', 'metric': 'top', 'threshold_deg': 5, 'n': 3, 'tested_node_pairs': 12, 'witnessed': 12, 'numeric_unresolved': 0, 'no_witness': 0, 'raw_selected': 4, 'path_selected': 4, 'raw_groups': 4, 'path_groups': 4, 'lost_relations': 0, 'new_relations': 0, 'affected_observations': 0} seconds 0.01
top_9 {'image': '2t7WUuJeko7-06', 'metric': 'top', 'threshold_deg': 9, 'n': 3, 'tested_node_pairs': 12, 'witnessed': 12, 'numeric_unresolved': 0, 'no_witness': 0, 'raw_selected': 4, 'path_selected': 4, 'raw_groups': 4, 'path_groups': 4, 'lost_relations': 0, 'new_relations': 0, 'affected_observations': 0} seconds 0.01
top_12 {'image': '2t7WUuJeko7-06', 'metric': 'top', 'threshold_deg': 12, 'n': 3, 'tested_node_pairs': 12, 'witnessed': 12, 'numeric_unresolved': 0, 'no_witness': 0, 'raw_selected': 4, 'path_selected': 4, 'raw_groups': 4, 'path_groups': 4, 'lost_relations': 0, 'new_relations': 0, 'affected_observations': 0} seconds 0.01
IMAGE 7y3sRwLe3Va-04 24 96
pair_5 {'image': '7y3sRwLe3Va-04', 'metric': 'pair', 'threshold_deg': 5, 'n': 24, 'tested_node_pairs': 1098, 'witnessed': 1086, 'numeric_unresolved': 0, 'no_witness': 12, 'raw_selected': 4, 'path_selected': 4, 'raw_groups': 5, 'path_groups': 7, 'lost_relations': 247, 'new_relations': 0, 'affected_observations': 48} seconds 0.68
pair_9 {'image': '7y3sRwLe3Va-04', 'metric': 'pair', 'threshold_deg': 9, 'n': 24, 'tested_node_pairs': 1104, 'witnessed': 1104, 'numeric_unresolved': 0, 'no_witness': 0, 'raw_selected': 4, 'path_selected': 4, 'raw_groups': 4, 'path_groups': 4, 'lost_relations': 0, 'new_relations': 0, 'affected_observations': 0} seconds 0.25
pair_12 {'image': '7y3sRwLe3Va-04', 'metric': 'pair', 'threshold_deg': 12, 'n': 24, 'tested_node_pairs': 1104, 'witnessed': 1104, 'numeric_unresolved': 0, 'no_witness': 0, 'raw_selected': 4, 'path_selected': 4, 'raw_groups': 4, 'path_groups': 4, 'lost_relations': 0, 'new_relations': 0, 'affected_observations': 0} seconds 0.39
bottom_5 {'image': '7y3sRwLe3Va-04', 'metric': 'bottom', 'threshold_deg': 5, 'n': 24, 'tested_node_pairs': 1103, 'witnessed': 1101, 'numeric_unresolved': 0, 'no_witness': 2, 'raw_selected': 4, 'path_selected': 4, 'raw_groups': 5, 'path_groups': 7, 'lost_relations': 223, 'new_relations': 0, 'affected_observations': 48} seconds 0.24
bottom_9 {'image': '7y3sRwLe3Va-04', 'metric': 'bottom', 'threshold_deg': 9, 'n': 24, 'tested_node_pairs': 1104, 'witnessed': 1104, 'numeric_unresolved': 0, 'no_witness': 0, 'raw_selected': 4, 'path_selected': 4, 'raw_groups': 4, 'path_groups': 4, 'lost_relations': 0, 'new_relations': 0, 'affected_observations': 0} seconds 0.24
bottom_12 {'image': '7y3sRwLe3Va-04', 'metric': 'bottom', 'threshold_deg': 12, 'n': 24, 'tested_node_pairs': 1104, 'witnessed': 1104, 'numeric_unresolved': 0, 'no_witness': 0, 'raw_selected': 4, 'path_selected': 4, 'raw_groups': 4, 'path_groups': 4, 'lost_relations': 0, 'new_relations': 0, 'affected_observations': 0} seconds 0.37
top_5 {'image': '7y3sRwLe3Va-04', 'metric': 'top', 'threshold_deg': 5, 'n': 24, 'tested_node_pairs': 1098, 'witnessed': 1086, 'numeric_unresolved': 0, 'no_witness': 12, 'raw_selected': 4, 'path_selected': 4, 'raw_groups': 5, 'path_groups': 7, 'lost_relations': 199, 'new_relations': 0, 'affected_observations': 48} seconds 0.24
top_9 {'image': '7y3sRwLe3Va-04', 'metric': 'top', 'threshold_deg': 9, 'n': 24, 'tested_node_pairs': 1104, 'witnessed': 1104, 'numeric_unresolved': 0, 'no_witness': 0, 'raw_selected': 4, 'path_selected': 4, 'raw_groups': 4, 'path_groups': 4, 'lost_relations': 0, 'new_relations': 0, 'affected_observations': 0} seconds 0.24
top_12 {'image': '7y3sRwLe3Va-04', 'metric': 'top', 'threshold_deg': 12, 'n': 24, 'tested_node_pairs': 1104, 'witnessed': 1104, 'numeric_unresolved': 0, 'no_witness': 0, 'raw_selected': 4, 'path_selected': 4, 'raw_groups': 4, 'path_groups': 4, 'lost_relations': 0, 'new_relations': 0, 'affected_observations': 0} seconds 0.39
IMAGE rPc6DW4iMge-06 24 224
pair_5 {'image': 'rPc6DW4iMge-06', 'metric': 'pair', 'threshold_deg': 5, 'n': 24, 'tested_node_pairs': 1662, 'witnessed': 876, 'numeric_unresolved': 0, 'no_witness': 786, 'raw_selected': 7, 'path_selected': 0, 'raw_groups': 44, 'path_groups': 99, 'lost_relations': 725, 'new_relations': 26, 'affected_observations': 196} seconds 1.08
pair_9 {'image': 'rPc6DW4iMge-06', 'metric': 'pair', 'threshold_deg': 9, 'n': 24, 'tested_node_pairs': 2113, 'witnessed': 1366, 'numeric_unresolved': 0, 'no_witness': 747, 'raw_selected': 9, 'path_selected': 7, 'raw_groups': 22, 'path_groups': 53, 'lost_relations': 780, 'new_relations': 110, 'affected_observations': 215} seconds 0.94
pair_12 {'image': 'rPc6DW4iMge-06', 'metric': 'pair', 'threshold_deg': 12, 'n': 24, 'tested_node_pairs': 2222, 'witnessed': 1563, 'numeric_unresolved': 12, 'no_witness': 647, 'raw_selected': 9, 'path_selected': 7, 'raw_groups': 21, 'path_groups': 50, 'lost_relations': 837, 'new_relations': 31, 'affected_observations': 201} seconds 0.89
bottom_5 {'image': 'rPc6DW4iMge-06', 'metric': 'bottom', 'threshold_deg': 5, 'n': 24, 'tested_node_pairs': 1873, 'witnessed': 1045, 'numeric_unresolved': 0, 'no_witness': 828, 'raw_selected': 7, 'path_selected': 3, 'raw_groups': 31, 'path_groups': 75, 'lost_relations': 710, 'new_relations': 40, 'affected_observations': 193} seconds 0.72
bottom_9 {'image': 'rPc6DW4iMge-06', 'metric': 'bottom', 'threshold_deg': 9, 'n': 24, 'tested_node_pairs': 2178, 'witnessed': 1427, 'numeric_unresolved': 0, 'no_witness': 751, 'raw_selected': 8, 'path_selected': 7, 'raw_groups': 21, 'path_groups': 50, 'lost_relations': 713, 'new_relations': 80, 'affected_observations': 218} seconds 0.81
bottom_12 {'image': 'rPc6DW4iMge-06', 'metric': 'bottom', 'threshold_deg': 12, 'n': 24, 'tested_node_pairs': 2276, 'witnessed': 1653, 'numeric_unresolved': 12, 'no_witness': 611, 'raw_selected': 8, 'path_selected': 6, 'raw_groups': 19, 'path_groups': 50, 'lost_relations': 998, 'new_relations': 22, 'affected_observations': 204} seconds 0.63
top_5 {'image': 'rPc6DW4iMge-06', 'metric': 'top', 'threshold_deg': 5, 'n': 24, 'tested_node_pairs': 1837, 'witnessed': 1155, 'numeric_unresolved': 0, 'no_witness': 682, 'raw_selected': 6, 'path_selected': 4, 'raw_groups': 34, 'path_groups': 82, 'lost_relations': 591, 'new_relations': 43, 'affected_observations': 215} seconds 0.71
top_9 {'image': 'rPc6DW4iMge-06', 'metric': 'top', 'threshold_deg': 9, 'n': 24, 'tested_node_pairs': 2168, 'witnessed': 1573, 'numeric_unresolved': 0, 'no_witness': 595, 'raw_selected': 9, 'path_selected': 7, 'raw_groups': 20, 'path_groups': 48, 'lost_relations': 862, 'new_relations': 66, 'affected_observations': 220} seconds 0.8
