{'raw_candidates': 324, 'valid_geometry': 144, 'admissible': 110, 'admissible_geometries': 70, 'geometric_failures': 180, 'known_incompatible': 52, 'unknown_among_admissible': 25, 'policy_outputs': 67, 'truth_opened': False, 'inputs_sha256': {'domain.json': '338f5170682bd20bab27d0c258dcd7106597e81b212c3a8693f4f14a67fd533c', 'evidence_streams.json': '1779d72b5eee1dde4409d8e06ac8e30a53b8c87689fa5ef42f9fd2fc7569e21b', 'rPc6DW4iMge-06.json': '70503d4e650a7c0ee9c966f69286a678a33f4db8d30bad4713ff7fdabc1d325e', 'probes.json': '4eca443b7525cc50d219e353daef2137d755ea22d10616df355602d7999f1f8d', 'policies.json': '2ccca8ff194670661049589291a1770b20c1f154793302b241a0a945123891ad', 'uNb9QFRL6hY-67.json': 'cf9f9319045a6883a6bb8582997dbb89d25eb89179d6679d74f4d65250577069'}}
[
  {
    "policy": "budget_005",
    "stream": "observations_only",
    "worlds": 4,
    "single_geometries": 4,
    "multiple": 0,
    "empty": 0,
    "true_geometry_covered": 0,
    "true_detail_event_denominator": 8,
    "wrong_decisive_detail_deletions": 6,
    "wrong_decisive_deletions": 9,
    "wrong_decisive_retentions": 2,
    "event_pending_rate": 0.0
  },
  {
    "policy": "budget_020",
    "stream": "observations_only",
    "worlds": 4,
    "single_geometries": 4,
    "multiple": 0,
    "empty": 0,
    "true_geometry_covered": 1,
    "true_detail_event_denominator": 8,
    "wrong_decisive_detail_deletions": 8,
    "wrong_decisive_deletions": 11,
    "wrong_decisive_retentions": 0,
    "event_pending_rate": 0.0
  },
  {
    "policy": "carrier_pareto",
    "stream": "observations_only",
    "worlds": 4,
    "single_geometries": 0,
    "multiple": 4,
    "empty": 0,
    "true_geometry_covered": 1,
    "true_detail_event_denominator": 8,
    "wrong_decisive_detail_deletions": 0,
    "wrong_decisive_deletions": 0,
    "wrong_decisive_retentions": 3,
    "event_pending_rate": 0.8571428571428571
  },
  {
    "policy": "evidence_b0",
    "stream": "clean_geometric_probes_upper",
    "worlds": 4,
    "single_geometries": 4,
    "multiple": 0,
    "empty": 0,
    "true_geometry_covered": 4,
    "true_detail_event_denominator": 8,
    "wrong_decisive_detail_deletions": 0,
    "wrong_decisive_deletions": 0,
    "wrong_decisive_retentions": 0,
    "event_pending_rate": 0.0
  },
  {
    "policy": "evidence_b0",
    "stream": "conflicting_checks",
    "worlds": 4,
    "single_geometries": 0,
    "multiple": 0,
    "empty": 4,
    "true_geometry_covered": 0,
    "true_detail_event_denominator": 8,
    "wrong_decisive_detail_deletions": 0,
    "wrong_decisive_deletions": 0,
    "wrong_decisive_retentions": 0,
    "event_pending_rate": 1.0
  },
  {
    "policy": "evidence_b0",
    "stream": "misclassified_probe0",
    "worlds": 4,
    "single_geometries": 3,
    "multiple": 0,
    "empty": 1,
    "true_geometry_covered": 0,
    "true_detail_event_denominator": 8,
    "wrong_decisive_detail_deletions": 2,
    "wrong_decisive_deletions": 2,
    "wrong_decisive_retentions": 1,
    "event_pending_rate": 0.25
  },
  {
    "policy": "evidence_b0",
    "stream": "misclassified_probe1",
    "worlds": 4,
    "single_geometries": 3,
    "multiple": 0,
    "empty": 1,
    "true_geometry_covered": 0,
    "true_detail_event_denominator": 8,
    "wrong_decisive_detail_deletions": 2,
    "wrong_decisive_deletions": 2,
    "wrong_decisive_retentions": 1,
    "event_pending_rate": 0.25
  },
  {
    "policy": "evidence_b0",
    "stream": "observations_only",
    "worlds": 4,
    "single_geometries": 0,
    "multiple": 4,
    "empty": 0,
    "true_geometry_covered": 4,
    "true_detail_event_denominator": 8,
    "wrong_decisive_detail_deletions": 0,
    "wrong_decisive_deletions": 0,
    "wrong_decisive_retentions": 0,
    "event_pending_rate": 1.0
  },
  {
    "policy": "evidence_b0",
    "stream": "shared_wrong_evidence_twice",
    "worlds": 4,
    "single_geometries": 3,
    "multiple": 0,
    "empty": 1,
    "true_geometry_covered": 0,
    "true_detail_event_denominator": 8,
    "wrong_decisive_detail_deletions": 2,
    "wrong_decisive_deletions": 2,
    "wrong_decisive_retentions": 1,
    "event_pending_rate": 0.25
  },
  {
    "policy": "evidence_b0",
    "stream": "sparse_local",
    "worlds": 4,
    "single_geometries": 0,
    "multiple": 4,
    "empty": 0,
    "true_geometry_covered": 4,
    "true_detail_event_denominator": 8,
    "wrong_decisive_detail_deletions": 0,
    "wrong_decisive_deletions": 0,
    "wrong_decisive_retentions": 0,
    "event_pending_rate": 0.6785714285714286
  },
  {
    "policy": "evidence_b0",
    "stream": "two_wrong_source_groups",
    "worlds": 4,
    "single_geometries": 3,
    "multiple": 0,
    "empty": 1,
    "true_geometry_covered": 0,
    "true_detail_event_denominator": 8,
    "wrong_decisive_detail_deletions": 2,
    "wrong_decisive_deletions": 2,
    "wrong_decisive_retentions": 1,
    "event_pending_rate": 0.25
  },
  {
    "policy": "evidence_b1",
    "stream": "clean_geometric_probes_upper",
    "worlds": 4,
    "single_geometries": 0,
    "multiple": 4,
    "empty": 0,
    "true_geometry_covered": 4,
    "true_detail_event_denominator": 8,
    "wrong_decisive_detail_deletions": 0,
    "wrong_decisive_deletions": 0,
    "wrong_decisive_retentions": 0,
    "event_pending_rate": 0.7142857142857143
  },
  {
    "policy": "evidence_b1",
    "stream": "conflicting_checks",
    "worlds": 4,
    "single_geometries": 1,
    "multiple": 3,
    "empty": 0,
    "true_geometry_covered": 4,
    "true_detail_event_denominator": 8,
    "wrong_decisive_detail_deletions": 0,
    "wrong_decisive_deletions": 0,
    "wrong_decisive_retentions": 0,
    "event_pending_rate": 0.10714285714285714
  },
  {
    "policy": "evidence_b1",
    "stream": "misclassified_probe0",
    "worlds": 4,
    "single_geometries": 0,
    "multiple": 4,
    "empty": 0,
    "true_geometry_covered": 4,
    "true_detail_event_denominator": 8,
    "wrong_decisive_detail_deletions": 0,
    "wrong_decisive_deletions": 0,
    "wrong_decisive_retentions": 0,
    "event_pending_rate": 0.75
  },
  {
    "policy": "evidence_b1",
    "stream": "misclassified_probe1",
    "worlds": 4,
    "single_geometries": 0,
    "multiple": 4,
    "empty": 0,
    "true_geometry_covered": 4,
    "true_detail_event_denominator": 8,
    "wrong_decisive_detail_deletions": 0,
    "wrong_decisive_deletions": 0,
    "wrong_decisive_retentions": 0,
    "event_pending_rate": 0.75
  },
  {
    "policy": "evidence_b1",
    "stream": "observations_only",
    "worlds": 4,
    "single_geometries": 0,
    "multiple": 4,
    "empty": 0,
    "true_geometry_covered": 4,
    "true_detail_event_denominator": 8,
    "wrong_decisive_detail_deletions": 0,
    "wrong_decisive_deletions": 0,
    "wrong_decisive_retentions": 0,
    "event_pending_rate": 1.0
  },
  {
    "policy": "evidence_b1",
    "stream": "shared_wrong_evidence_twice",
    "worlds": 4,
    "single_geometries": 0,
    "multiple": 4,
    "empty": 0,
    "true_geometry_covered": 4,
    "true_detail_event_denominator": 8,
    "wrong_decisive_detail_deletions": 0,
    "wrong_decisive_deletions": 0,
    "wrong_decisive_retentions": 0,
    "event_pending_rate": 0.75
  },
  {
    "policy": "evidence_b1",
    "stream": "sparse_local",
    "worlds": 4,
    "single_geometries": 0,
    "multiple": 4,
    "empty": 0,
    "true_geometry_covered": 4,
    "true_detail_event_denominator": 8,
    "wrong_decisive_detail_deletions": 0,
    "wrong_decisive_deletions": 0,
    "wrong_decisive_retentions": 0,
    "event_pending_rate": 1.0
  },
  {
    "policy": "evidence_b1",
    "stream": "two_wrong_source_groups",
    "worlds": 4,
    "single_geometries": 0,
    "multiple": 4,
    "empty": 0,
    "true_geometry_covered": 0,
    "true_detail_event_denominator": 8,
    "wrong_decisive_detail_deletions": 2,
    "wrong_decisive_deletions": 2,
    "wrong_decisive_retentions": 2,
    "event_pending_rate": 0.6071428571428571
  }
]
R01557 {'top': {'path_to_chord_max_h': 0.04894999233674527, 'same_longitude_3d_error_h': 0.1664336982042443, 'same_longitude_dy_px': 5.114690188599752, 'incidence_abs_sin': 0.2592054288936169}, 'bottom': {'path_to_chord_max_h': 0.04262336129230223, 'same_longitude_3d_error_h': 0.1644385361611993, 'same_longitude_dy_px': -8.829622144546931, 'incidence_abs_sin': 0.2592054288936169}}
max curves {'top': 5.114690188599752, 'bottom': 8.829622144546931}
R02928 {'top': {'path_to_chord_max_h': 1.0818415433694653, 'same_longitude_3d_error_h': 2.0704035861806753, 'same_longitude_dy_px': -120.46540714200364, 'incidence_abs_sin': 0.5221943232305638}, 'bottom': {'path_to_chord_max_h': 1.0805627236281834, 'same_longitude_3d_error_h': 2.0692732102931806, 'same_longitude_dy_px': 126.07936863765866, 'incidence_abs_sin': 0.5221943232305638}}
max curves {'top': 120.46540714200367, 'bottom': 126.07936863765866}
Completed all finite-domain and real diagnostic stages; no visual review.
