{
  "independent_spherical_3d": {
    "maximum_difference": 5.551115123125783e-15
  },
  "finite_pool_exact_rational": {
    "subsets": 4095,
    "max_float_difference": 5.551115123125783e-17
  },
  "known_correspondence_noise": {
    "pair_trials": 100000,
    "scalar_gaussian_draws": 3680000
  },
  "independent_complete_link": {
    "settings": 4,
    "repetitions_per_setting": 300,
    "total": 1200,
    "all_aggregate_values_equal": true
  },
  "fresh_18_prefix_inference": {
    "orders": 6,
    "prefix_calls": 18,
    "distinct_subsets": 7
  }
}
