[
  {
    "method": "complete",
    "epsilon": 0.1,
    "tail": 2,
    "profile": "uncapped",
    "scope": "all",
    "images": 219,
    "statuses": {
      "not_reached": 120,
      "identified": 50,
      "insufficient_tail": 31,
      "possible_only": 18
    },
    "median_identified_onset": 10.0
  },
  {
    "method": "complete",
    "epsilon": 0.1,
    "tail": 2,
    "profile": "uncapped",
    "scope": "N_ge8",
    "images": 110,
    "statuses": {
      "not_reached": 70,
      "identified": 36,
      "possible_only": 4
    },
    "median_identified_onset": 13.0
  },
  {
    "method": "complete",
    "epsilon": 0.1,
    "tail": 2,
    "profile": "uncapped",
    "scope": "N_ge15",
    "images": 78,
    "statuses": {
      "not_reached": 52,
      "identified": 26
    },
    "median_identified_onset": 20.0
  },
  {
    "method": "complete",
    "epsilon": 0.1,
    "tail": 3,
    "profile": "uncapped",
    "scope": "all",
    "images": 219,
    "statuses": {
      "not_reached": 127,
      "insufficient_tail": 39,
      "identified": 34,
      "possible_only": 19
    },
    "median_identified_onset": 2.0
  },
  {
    "method": "complete",
    "epsilon": 0.1,
    "tail": 3,
    "profile": "uncapped",
    "scope": "N_ge8",
    "images": 110,
    "statuses": {
      "not_reached": 86,
      "identified": 20,
      "possible_only": 4
    },
    "median_identified_onset": 11.0
  },
  {
    "method": "complete",
    "epsilon": 0.1,
    "tail": 3,
    "profile": "uncapped",
    "scope": "N_ge15",
    "images": 78,
    "statuses": {
      "not_reached": 65,
      "identified": 13
    },
    "median_identified_onset": 14.0
  },
  {
    "method": "complete",
    "epsilon": 0.1,
    "tail": 5,
    "profile": "uncapped",
    "scope": "all",
    "images": 219,
    "statuses": {
      "insufficient_tail": 106,
      "not_reached": 89,
      "identified": 16,
      "possible_only": 8
    },
    "median_identified_onset": 2.0
  },
  {
    "method": "complete",
    "epsilon": 0.1,
    "tail": 5,
    "profile": "uncapped",
    "scope": "N_ge8",
    "images": 110,
    "statuses": {
      "not_reached": 89,
      "identified": 14,
      "possible_only": 7
    },
    "median_identified_onset": 4.5
  },
  {
    "method": "complete",
    "epsilon": 0.1,
    "tail": 5,
    "profile": "uncapped",
    "scope": "N_ge15",
    "images": 78,
    "statuses": {
      "not_reached": 70,
      "identified": 8
    },
    "median_identified_onset": 12.5
  },
  {
    "method": "representative",
    "epsilon": 0.1,
    "tail": 2,
    "profile": "uncapped",
    "scope": "all",
    "images": 219,
    "statuses": {
      "not_reached": 97,
      "identified": 72,
      "insufficient_tail": 31,
      "possible_only": 18,
      "bounded_unknown": 1
    },
    "median_identified_onset": 10.5
  },
  {
    "method": "representative",
    "epsilon": 0.1,
    "tail": 2,
    "profile": "uncapped",
    "scope": "N_ge8",
    "images": 110,
    "statuses": {
      "identified": 56,
      "not_reached": 50,
      "possible_only": 4
    },
    "median_identified_onset": 12.5
  },
  {
    "method": "representative",
    "epsilon": 0.1,
    "tail": 2,
    "profile": "uncapped",
    "scope": "N_ge15",
    "images": 78,
    "statuses": {
      "identified": 44,
      "not_reached": 34
    },
    "median_identified_onset": 13.5
  },
  {
    "method": "representative",
    "epsilon": 0.1,
    "tail": 3,
    "profile": "uncapped",
    "scope": "all",
    "images": 219,
    "statuses": {
      "not_reached": 108,
      "identified": 51,
      "insufficient_tail": 39,
      "possible_only": 21
    },
    "median_identified_onset": 2.0
  },
  {
    "method": "representative",
    "epsilon": 0.1,
    "tail": 3,
    "profile": "uncapped",
    "scope": "N_ge8",
    "images": 110,
    "statuses": {
      "not_reached": 71,
      "identified": 35,
      "possible_only": 4
    },
    "median_identified_onset": 11.0
  },
  {
    "method": "representative",
    "epsilon": 0.1,
    "tail": 3,
    "profile": "uncapped",
    "scope": "N_ge15",
    "images": 78,
    "statuses": {
      "not_reached": 51,
      "identified": 27
    },
    "median_identified_onset": 12.0
  },
  {
    "method": "representative",
    "epsilon": 0.1,
    "tail": 5,
    "profile": "uncapped",
    "scope": "all",
    "images": 219,
    "statuses": {
      "insufficient_tail": 106,
      "not_reached": 75,
      "identified": 30,
      "possible_only": 8
    },
    "median_identified_onset": 7.0
  },
  {
    "method": "representative",
    "epsilon": 0.1,
    "tail": 5,
    "profile": "uncapped",
    "scope": "N_ge8",
    "images": 110,
    "statuses": {
      "not_reached": 75,
      "identified": 28,
      "possible_only": 7
    },
    "median_identified_onset": 7.5
  },
  {
    "method": "representative",
    "epsilon": 0.1,
    "tail": 5,
    "profile": "uncapped",
    "scope": "N_ge15",
    "images": 78,
    "statuses": {
      "not_reached": 57,
      "identified": 21
    },
    "median_identified_onset": 11.0
  }
]
