/mnt/data/panorama_research_20260921/code/03_workers.py:48: FutureWarning: Downcasting object dtype arrays on .fillna, .ffill, .bfill is deprecated and will change in a future version. Call result.infer_objects(copy=False) instead. To opt-in to the future behavior, set `pd.set_option('future.no_silent_downcasting', True)`
  add('continuous_current_shrink20',te.worker.map(eff).fillna(0),te.worker.map(qualified).fillna(False))
/mnt/data/panorama_research_20260921/code/03_workers.py:53: FutureWarning: Downcasting object dtype arrays on .fillna, .ffill, .bfill is deprecated and will change in a future version. Call result.infer_objects(copy=False) instead. To opt-in to the future behavior, set `pd.set_option('future.no_silent_downcasting', True)`
  add('current_sign_discrete',te.worker.map(sign).fillna('unclassified').map(effect).fillna(0),te.worker.map(qualified).fillna(False))
/mnt/data/panorama_research_20260921/code/03_workers.py:48: FutureWarning: Downcasting object dtype arrays on .fillna, .ffill, .bfill is deprecated and will change in a future version. Call result.infer_objects(copy=False) instead. To opt-in to the future behavior, set `pd.set_option('future.no_silent_downcasting', True)`
  add('continuous_current_shrink20',te.worker.map(eff).fillna(0),te.worker.map(qualified).fillna(False))
/mnt/data/panorama_research_20260921/code/03_workers.py:53: FutureWarning: Downcasting object dtype arrays on .fillna, .ffill, .bfill is deprecated and will change in a future version. Call result.infer_objects(copy=False) instead. To opt-in to the future behavior, set `pd.set_option('future.no_silent_downcasting', True)`
  add('current_sign_discrete',te.worker.map(sign).fillna('unclassified').map(effect).fillna(0),te.worker.map(qualified).fillna(False))
[
  {
    "outcome": "count_disagreement",
    "model": "continuous_current_shrink20",
    "responses": 2350,
    "images": 188,
    "buildings": 21,
    "MSE": 0.02770497707951051,
    "baseline_MSE": 0.029786107922686492,
    "relative_MSE_gain": 0.069869176885339,
    "absolute_gain_interval95": [
      0.0003590906018817705,
      0.004061688475739627
    ],
    "unclassified_rows": 2,
    "per_building_gain": {
      "2t7WUuJeko7": -0.002676254271777083,
      "7y3sRwLe3Va": 0.003441840210813965,
      "B6ByNegPMKs": 0.004453015416788546,
      "S9hNv5qa7GM": -0.0014230499387259607,
      "UwV83HsGsw3": -3.097071749162683e-05,
      "VFuaQ6m2Qom": 0.003172638782479406,
      "X7HyMhZNoso": 0.012686206135082874,
      "Z6MFQCViBuw": -0.002409908420760291,
      "b8cTxDM8gDG": -0.0014723358317944163,
      "e9zR4mvMWw7": -0.001565428475721946,
      "jh4fc5c5qoQ": 0.0037040075942748538,
      "jtcxE69GiFV": -0.0005986157426929282,
      "pRbA3pwrgk9": -0.0011717468856983458,
      "pa4otMbVnkk": 0.014063463433451068,
      "q9vSo1VnCiC": 0.0010846877714070086,
      "rPc6DW4iMge": 0.003936069943043213,
      "uNb9QFRL6hY": 0.0026513445564672194,
      "wc2JMjhGNzB": 0.0023066080056595786,
      "x8F5xyUWy9e": -0.0016892559714739193,
      "yqstnuAEVhm": 0.0018939223624602972,
      "zsNo4HB9uLZ": 0.0033475097509039903
    }
  },
  {
    "outcome": "count_disagreement",
    "model": "current_sign_discrete",
    "responses": 2350,
    "images": 188,
    "buildings": 21,
    "MSE": 0.028339614102154544,
    "baseline_MSE": 0.029786107922686492,
    "relative_MSE_gain": 0.04856269990985396,
    "absolute_gain_interval95": [
      -0.00028249292159187906,
      0.003498703843491326
    ],
    "unclassified_rows": 2,
    "per_building_gain": {
      "2t7WUuJeko7": -0.002655262302818103,
      "7y3sRwLe3Va": 0.004935028441235272,
      "B6ByNegPMKs": 0.0030561460336862092,
      "S9hNv5qa7GM": 0.00013792143932771228,
      "UwV83HsGsw3": -0.0002669257404534775,
      "VFuaQ6m2Qom": 0.0023198945548803945,
      "X7HyMhZNoso": 0.009545071807657055,
      "Z6MFQCViBuw": -0.0022304036238511844,
      "b8cTxDM8gDG": -0.003542406607633941,
      "e9zR4mvMWw7": -0.0027711848645073315,
      "jh4fc5c5qoQ": -0.0035431538325226067,
      "jtcxE69GiFV": 0.002703703324026429,
      "pRbA3pwrgk9": 0.0007107133519605527,
      "pa4otMbVnkk": 0.015816648993337633,
      "q9vSo1VnCiC": 0.0006952855691368248,
      "rPc6DW4iMge": 0.003124510512347925,
      "uNb9QFRL6hY": 0.0020114419670275926,
      "wc2JMjhGNzB": -0.00019701953310261727,
      "x8F5xyUWy9e": -0.002150601749291752,
      "yqstnuAEVhm": 0.0019482061145809672,
      "zsNo4HB9uLZ": 0.000728756376147166
    }
  },
  {
    "outcome": "count_disagreement",
    "model": "historical_QTSB_3",
    "responses": 2350,
    "images": 188,
    "buildings": 21,
    "MSE": 0.02978278154119177,
    "baseline_MSE": 0.029786107922686492,
    "relative_MSE_gain": 0.00011167560069802462,
    "absolute_gain_interval95": [
      -0.0004079165703977517,
      0.00036160931342678137
    ],
    "unclassified_rows": 67,
    "per_building_gain": {
      "2t7WUuJeko7": -0.0001892665817975681,
      "7y3sRwLe3Va": 1.8066396196655954e-05,
      "B6ByNegPMKs": 0.0010668702921110482,
      "S9hNv5qa7GM": 0.0003563555527681915,
      "UwV83HsGsw3": 0.00018205091167740328,
      "VFuaQ6m2Qom": 0.001223407217938989,
      "X7HyMhZNoso": 0.0009320626386945946,
      "Z6MFQCViBuw": -0.00026887081579513115,
      "b8cTxDM8gDG": 0.000687161651864384,
      "e9zR4mvMWw7": 0.00024763731503133716,
      "jh4fc5c5qoQ": -0.0008076915862980164,
      "jtcxE69GiFV": -7.684050061969663e-05,
      "pRbA3pwrgk9": -0.001048439956150702,
      "pa4otMbVnkk": -0.0002937026510740279,
      "q9vSo1VnCiC": 0.000994552780447279,
      "rPc6DW4iMge": 0.0010255265306496689,
      "uNb9QFRL6hY": -0.00033261486469603196,
      "wc2JMjhGNzB": 0.0002829557550916295,
      "x8F5xyUWy9e": -0.000606919484718433,
      "yqstnuAEVhm": -0.0004572801794540497,
      "zsNo4HB9uLZ": -0.0028651664104786673
    }
  },
  {
    "outcome": "count_disagreement",
    "model": "historical_QT_2",
    "responses": 2350,
    "images": 188,
    "buildings": 21,
    "MSE": 0.029628058430864104,
    "baseline_MSE": 0.029786107922686492,
    "relative_MSE_gain": 0.0053061478267864,
    "absolute_gain_interval95": [
      -0.00043561250578618907,
      0.00077513891980925
    ],
    "unclassified_rows": 67,
    "per_building_gain": {
      "2t7WUuJeko7": -0.0004430872754464299,
      "7y3sRwLe3Va": 0.001966981322242753,
      "B6ByNegPMKs": 0.0013458195426411385,
      "S9hNv5qa7GM": -0.0015190782040136117,
      "UwV83HsGsw3": -0.0004474882005370759,
      "VFuaQ6m2Qom": 0.002569032673191602,
      "X7HyMhZNoso": 0.003464299899361714,
      "Z6MFQCViBuw": -0.0005295250810156156,
      "b8cTxDM8gDG": 0.00016861916697853002,
      "e9zR4mvMWw7": 4.299907391084115e-05,
      "jh4fc5c5qoQ": -0.0006242943620011904,
      "jtcxE69GiFV": -0.002894915229030442,
      "pRbA3pwrgk9": 0.0002952118207950119,
      "pa4otMbVnkk": -0.0010229229215486663,
      "q9vSo1VnCiC": -0.000930853930360652,
      "rPc6DW4iMge": 0.000948472792111181,
      "uNb9QFRL6hY": 0.0002394581003544588,
      "wc2JMjhGNzB": 0.001652619236048626,
      "x8F5xyUWy9e": -0.00035243468411417025,
      "yqstnuAEVhm": -5.5580602370718796e-05,
      "zsNo4HB9uLZ": -0.0005542938089272559
    }
  },
  {
    "outcome": "count_disagreement",
    "model": "historical_QT_3",
    "responses": 2350,
    "images": 188,
    "buildings": 21,
    "MSE": 0.02939786437269623,
    "baseline_MSE": 0.029786107922686492,
    "relative_MSE_gain": 0.013034383377579783,
    "absolute_gain_interval95": [
      -0.00023349418378321152,
      0.0010454761902374086
    ],
    "unclassified_rows": 67,
    "per_building_gain": {
      "2t7WUuJeko7": -0.00036120258556354094,
      "7y3sRwLe3Va": 0.0015222515944520523,
      "B6ByNegPMKs": 0.0018737105043703586,
      "S9hNv5qa7GM": -0.0007201412255211023,
      "UwV83HsGsw3": -0.0010306289385409173,
      "VFuaQ6m2Qom": 0.0017517736806355218,
      "X7HyMhZNoso": 0.004496734036535506,
      "Z6MFQCViBuw": -0.000807026485877491,
      "b8cTxDM8gDG": 0.00013816278351406336,
      "e9zR4mvMWw7": 4.986905894920589e-05,
      "jh4fc5c5qoQ": 0.0025890980903471097,
      "jtcxE69GiFV": -0.0012001143980451823,
      "pRbA3pwrgk9": -0.0005280010534755054,
      "pa4otMbVnkk": -0.001178247183619592,
      "q9vSo1VnCiC": 6.979077213191409e-06,
      "rPc6DW4iMge": 0.0006347719640124039,
      "uNb9QFRL6hY": -8.45597856156538e-05,
      "wc2JMjhGNzB": 0.0013230401391335668,
      "x8F5xyUWy9e": -0.0018193855000884634,
      "yqstnuAEVhm": -0.00022390219444904866,
      "zsNo4HB9uLZ": 0.0017199329714288614
    }
  },
  {
    "outcome": "count_disagreement",
    "model": "historical_Q_2",
    "responses": 2350,
    "images": 188,
    "buildings": 21,
    "MSE": 0.0292197286453447,
    "baseline_MSE": 0.029786107922686492,
    "relative_MSE_gain": 0.019014880319775163,
    "absolute_gain_interval95": [
      9.746005461053553e-07,
      0.0011887438735237988
    ],
    "unclassified_rows": 2,
    "per_building_gain": {
      "2t7WUuJeko7": -0.00015212475346485898,
      "7y3sRwLe3Va": 0.0006100973676938515,
      "B6ByNegPMKs": 0.0012081352462544187,
      "S9hNv5qa7GM": -9.015118274180098e-05,
      "UwV83HsGsw3": -0.0016976589464952688,
      "VFuaQ6m2Qom": 0.0018107091176011378,
      "X7HyMhZNoso": 0.002517737342493699,
      "Z6MFQCViBuw": -0.0007690010119379275,
      "b8cTxDM8gDG": 0.00032218056079426696,
      "e9zR4mvMWw7": -0.00017213516882908647,
      "jh4fc5c5qoQ": 0.0023224576387388327,
      "jtcxE69GiFV": 0.00046811027742535774,
      "pRbA3pwrgk9": 0.0008482935329799692,
      "pa4otMbVnkk": -0.00029206749884667926,
      "q9vSo1VnCiC": 0.0006660255487046379,
      "rPc6DW4iMge": 0.0005577380236124613,
      "uNb9QFRL6hY": -0.0003457856336059814,
      "wc2JMjhGNzB": 0.0010094613965361508,
      "x8F5xyUWy9e": -0.0011059116431071277,
      "yqstnuAEVhm": -0.0005537085476332165,
      "zsNo4HB9uLZ": 0.004731563158004659
    }
  },
  {
    "outcome": "count_disagreement",
    "model": "historical_Q_3",
    "responses": 2350,
    "images": 188,
    "buildings": 21,
    "MSE": 0.029235721848980795,
    "baseline_MSE": 0.029786107922686492,
    "relative_MSE_gain": 0.018477945327207368,
    "absolute_gain_interval95": [
      -0.00047087546849804943,
      0.0016563523897884316
    ],
    "unclassified_rows": 2,
    "per_building_gain": {
      "2t7WUuJeko7": -0.0020695150633019094,
      "7y3sRwLe3Va": 0.001488621674964656,
      "B6ByNegPMKs": 0.001986068032701016,
      "S9hNv5qa7GM": -0.0015233192181367747,
      "UwV83HsGsw3": -0.0010709278906192304,
      "VFuaQ6m2Qom": 0.005561682549206318,
      "X7HyMhZNoso": 0.007606642424321915,
      "Z6MFQCViBuw": -0.001984900685882882,
      "b8cTxDM8gDG": -0.0008419097458405682,
      "e9zR4mvMWw7": -9.303483272081036e-05,
      "jh4fc5c5qoQ": -0.00011491417330977,
      "jtcxE69GiFV": -0.002607137675689264,
      "pRbA3pwrgk9": -0.0016265793494362642,
      "pa4otMbVnkk": 0.000660946509848867,
      "q9vSo1VnCiC": 0.0012210752457886553,
      "rPc6DW4iMge": 0.0005528214564723896,
      "uNb9QFRL6hY": 0.0001426132679649278,
      "wc2JMjhGNzB": 0.0010389081652882985,
      "x8F5xyUWy9e": -0.000725534765807296,
      "yqstnuAEVhm": -0.0003922517447251528,
      "zsNo4HB9uLZ": 0.004348753366732384
    }
  },
  {
    "outcome": "count_disagreement",
    "model": "historical_TRI_3",
    "responses": 2350,
    "images": 188,
    "buildings": 21,
    "MSE": 0.029662876489050808,
    "baseline_MSE": 0.029786107922686492,
    "relative_MSE_gain": 0.004137211681215502,
    "absolute_gain_interval95": [
      -0.0002609547015680259,
      0.00046047522962415846
    ],
    "unclassified_rows": 542,
    "per_building_gain": {
      "2t7WUuJeko7": -7.530878769598232e-05,
      "7y3sRwLe3Va": 0.00038536123454437077,
      "B6ByNegPMKs": -0.00021100984891205682,
      "S9hNv5qa7GM": -0.00021101608932031987,
      "UwV83HsGsw3": 0.00010914437198503851,
      "VFuaQ6m2Qom": 0.00029860733096282246,
      "X7HyMhZNoso": 0.0004631013525562,
      "Z6MFQCViBuw": -0.0005054144545727539,
      "b8cTxDM8gDG": -0.0003544916774603883,
      "e9zR4mvMWw7": -0.00014667459905856953,
      "jh4fc5c5qoQ": 0.0006873154802455247,
      "jtcxE69GiFV": -0.0015561391322210516,
      "pRbA3pwrgk9": 8.703465844276531e-05,
      "pa4otMbVnkk": 0.0009684211335598616,
      "q9vSo1VnCiC": 0.0011172304630252539,
      "rPc6DW4iMge": 0.0011744334234351159,
      "uNb9QFRL6hY": 0.0012784443050107702,
      "wc2JMjhGNzB": 0.0010933133162219708,
      "x8F5xyUWy9e": 0.0001420663130806757,
      "yqstnuAEVhm": 5.7070510163622495e-05,
      "zsNo4HB9uLZ": -0.002213629197643549
    }
  },
  {
    "outcome": "count_disagreement",
    "model": "historical_continuous_QTSB",
    "responses": 2350,
    "images": 188,
    "buildings": 21,
    "MSE": 0.02902289133486375,
    "baseline_MSE": 0.029786107922686492,
    "relative_MSE_gain": 0.025623239860802394,
    "absolute_gain_interval95": [
      -0.0003747309546672576,
      0.0019566036778232605
    ],
    "unclassified_rows": 67,
    "per_building_gain": {
      "2t7WUuJeko7": -0.0018360407397420057,
      "7y3sRwLe3Va": 0.000223761668733502,
      "B6ByNegPMKs": 0.003830836481648482,
      "S9hNv5qa7GM": -0.001737981005535627,
      "UwV83HsGsw3": 0.0001074872409735847,
      "VFuaQ6m2Qom": 0.004691094427397513,
      "X7HyMhZNoso": 0.008239797589806072,
      "Z6MFQCViBuw": -0.0016571403106155395,
      "b8cTxDM8gDG": -0.0008573170073266044,
      "e9zR4mvMWw7": -0.0002867111758229797,
      "jh4fc5c5qoQ": 0.0011848646872353458,
      "jtcxE69GiFV": -0.001913265374365248,
      "pRbA3pwrgk9": -0.0019126656560336207,
      "pa4otMbVnkk": 0.0018876396672448253,
      "q9vSo1VnCiC": 0.0012097469903999541,
      "rPc6DW4iMge": 0.004315239814613896,
      "uNb9QFRL6hY": 0.0016450367826283119,
      "wc2JMjhGNzB": 0.003405343344133085,
      "x8F5xyUWy9e": -0.000978284090139423,
      "yqstnuAEVhm": 8.506243641211511e-05,
      "zsNo4HB9uLZ": -0.0036189574273683134
    }
  },
  {
    "outcome": "pair_disagreement",
    "model": "continuous_current_shrink20",
    "responses": 2350,
    "images": 188,
    "buildings": 21,
    "MSE": 0.029238750906382355,
    "baseline_MSE": 0.02953340967545584,
    "relative_MSE_gain": 0.009977133433338947,
    "absolute_gain_interval95": [
      -0.0014853788131917005,
      0.0017365025573120143
    ],
    "unclassified_rows": 2,
    "per_building_gain": {
      "2t7WUuJeko7": -0.012598484908571947,
      "7y3sRwLe3Va": 0.0013449819011474365,
      "B6ByNegPMKs": 0.0015689900057940936,
      "S9hNv5qa7GM": -6.42975755078129e-06,
      "UwV83HsGsw3": 0.0021969061568978404,
      "VFuaQ6m2Qom": 0.0019063291181270151,
      "X7HyMhZNoso": 0.004727360592263013,
      "Z6MFQCViBuw": -0.001727727186297285,
      "b8cTxDM8gDG": -0.0014302195477369911,
      "e9zR4mvMWw7": -0.0013779609934136614,
      "jh4fc5c5qoQ": 0.002566609328494101,
      "jtcxE69GiFV": 0.00028118932414900044,
      "pRbA3pwrgk9": -0.002508404639658272,
      "pa4otMbVnkk": -0.0020664439884121705,
      "q9vSo1VnCiC": 0.0019293512396653736,
      "rPc6DW4iMge": 0.004719592041619838,
      "uNb9QFRL6hY": 0.0027854684796135357,
      "wc2JMjhGNzB": 0.004288781457599925,
      "x8F5xyUWy9e": 0.0022886968640711686,
      "yqstnuAEVhm": 0.002721195801910121,
      "zsNo4HB9uLZ": -0.005421947139168208
    }
  },
  {
    "outcome": "pair_disagreement",
    "model": "current_sign_discrete",
    "responses": 2350,
    "images": 188,
    "buildings": 21,
    "MSE": 0.029870678212461508,
    "baseline_MSE": 0.02953340967545584,
    "relative_MSE_gain": -0.01141989836974222,
    "absolute_gain_interval95": [
      -0.0021958005934912877,
      0.0012221258409440547
    ],
    "unclassified_rows": 2,
    "per_building_gain": {
      "2t7WUuJeko7": -0.010966948285826977,
      "7y3sRwLe3Va": 0.002090938280007275,
      "B6ByNegPMKs": 0.0010104537209499886,
      "S9hNv5qa7GM": 0.000981369358122982,
      "UwV83HsGsw3": 0.0008042535024574381,
      "VFuaQ6m2Qom": 0.0009549285580966772,
      "X7HyMhZNoso": 0.0028941211115303504,
      "Z6MFQCViBuw": -0.0016736874018920059,
      "b8cTxDM8gDG": -0.005395276175963339,
      "e9zR4mvMWw7": -0.0043405914925525885,
      "jh4fc5c5qoQ": 0.00509459874912261,
      "jtcxE69GiFV": 0.0017653822963351017,
      "pRbA3pwrgk9": -0.002701493219540603,
      "pa4otMbVnkk": -0.0029708045316551583,
      "q9vSo1VnCiC": 0.0005996372883694465,
      "rPc6DW4iMge": 0.0035492721796089206,
      "uNb9QFRL6hY": 0.002590284736704744,
      "wc2JMjhGNzB": 0.0030114328378274824,
      "x8F5xyUWy9e": 0.0013971250240850247,
      "yqstnuAEVhm": 0.0024181293669319204,
      "zsNo4HB9uLZ": -0.008195765179838319
    }
  },
  {
    "outcome": "pair_disagreement",
    "model": "historical_QTSB_3",
    "responses": 2350,
    "images": 188,
    "buildings": 21,
    "MSE": 0.0294592650780428,
    "baseline_MSE": 0.02953340967545584,
    "relative_MSE_gain": 0.002510532926195075,
    "absolute_gain_interval95": [
      -0.00030127200350522616,
      0.00044360625462043306
    ],
    "unclassified_rows": 67,
    "per_building_gain": {
      "2t7WUuJeko7": -0.0013501836200984357,
      "7y3sRwLe3Va": -0.0002706609995366538,
      "B6ByNegPMKs": -0.00011247550760021957,
      "S9hNv5qa7GM": -0.0006405162228144586,
      "UwV83HsGsw3": -8.389657067615908e-05,
      "VFuaQ6m2Qom": 0.0007959904771556343,
      "X7HyMhZNoso": 0.0021525769723111897,
      "Z6MFQCViBuw": 0.0006971508831742045,
      "b8cTxDM8gDG": -9.841370410160893e-05,
      "e9zR4mvMWw7": -0.0006826602762535147,
      "jh4fc5c5qoQ": -0.0005744048576865474,
      "jtcxE69GiFV": -0.0016624224654789924,
      "pRbA3pwrgk9": -0.0007987531739844485,
      "pa4otMbVnkk": -0.00023131953571285798,
      "q9vSo1VnCiC": 0.0007252701017277027,
      "rPc6DW4iMge": 0.0009651179782585659,
      "uNb9QFRL6hY": 3.677748159611194e-06,
      "wc2JMjhGNzB": 0.0007371372397932847,
      "x8F5xyUWy9e": 0.0013173379588395928,
      "yqstnuAEVhm": 0.0005291409883191947,
      "zsNo4HB9uLZ": 0.00013934313187875802
    }
  },
  {
    "outcome": "pair_disagreement",
    "model": "historical_QT_2",
    "responses": 2350,
    "images": 188,
    "buildings": 21,
    "MSE": 0.029893385672037184,
    "baseline_MSE": 0.02953340967545584,
    "relative_MSE_gain": -0.012188771988643987,
    "absolute_gain_interval95": [
      -0.0008684009750867718,
      1.6975881995431482e-05
    ],
    "unclassified_rows": 67,
    "per_building_gain": {
      "2t7WUuJeko7": -0.00426520609769486,
      "7y3sRwLe3Va": 0.0006156631547991551,
      "B6ByNegPMKs": -0.00010363989234115495,
      "S9hNv5qa7GM": -0.00016445084813455219,
      "UwV83HsGsw3": -8.622802013124459e-05,
      "VFuaQ6m2Qom": -0.000531648689024812,
      "X7HyMhZNoso": -0.0005710887940332324,
      "Z6MFQCViBuw": -0.0002244149394118062,
      "b8cTxDM8gDG": -8.083527872656746e-05,
      "e9zR4mvMWw7": -7.225554335728475e-05,
      "jh4fc5c5qoQ": -0.0001874725189358016,
      "jtcxE69GiFV": -0.0003693423034461796,
      "pRbA3pwrgk9": -0.0008268943079899676,
      "pa4otMbVnkk": -0.0007618982382027696,
      "q9vSo1VnCiC": -0.00021314017706552252,
      "rPc6DW4iMge": -0.00040126762723440706,
      "uNb9QFRL6hY": 0.00019362734276050925,
      "wc2JMjhGNzB": -0.00023174418763574622,
      "x8F5xyUWy9e": 0.0018018908383539908,
      "yqstnuAEVhm": -0.0008307234242099955,
      "zsNo4HB9uLZ": -0.000248426376545971
    }
  },
  {
    "outcome": "pair_disagreement",
    "model": "historical_QT_3",
    "responses": 2350,
    "images": 188,
    "buildings": 21,
    "MSE": 0.029816013172815178,
    "baseline_MSE": 0.02953340967545584,
    "relative_MSE_gain": -0.0095689424439942,
    "absolute_gain_interval95": [
      -0.000763751156043376,
      0.00028866606723969816
    ],
    "unclassified_rows": 67,
    "per_building_gain": {
      "2t7WUuJeko7": -0.0022710002019374342,
      "7y3sRwLe3Va": -0.00017202902359493566,
      "B6ByNegPMKs": -4.063923179379453e-05,
      "S9hNv5qa7GM": -0.00037493696918129357,
      "UwV83HsGsw3": -0.0016390097664332332,
      "VFuaQ6m2Qom": -0.0010409739230891855,
      "X7HyMhZNoso": 0.0005912685478048629,
      "Z6MFQCViBuw": -0.00020764588673834704,
      "b8cTxDM8gDG": -0.0020667876664916124,
      "e9zR4mvMWw7": -0.0008254883280847062,
      "jh4fc5c5qoQ": 0.0038680389333553174,
      "jtcxE69GiFV": 0.0006024053923544236,
      "pRbA3pwrgk9": -0.0009195093322357699,
      "pa4otMbVnkk": -0.0010967645078562747,
      "q9vSo1VnCiC": -0.00012148939642860762,
      "rPc6DW4iMge": 0.0003088796264658772,
      "uNb9QFRL6hY": 0.00014622053183156042,
      "wc2JMjhGNzB": 0.0005234516135249542,
      "x8F5xyUWy9e": -0.0008322090451928638,
      "yqstnuAEVhm": -4.706606885538159e-05,
      "zsNo4HB9uLZ": -0.0003193887419695937
    }
  },
  {
    "outcome": "pair_disagreement",
    "model": "historical_Q_2",
    "responses": 2350,
    "images": 188,
    "buildings": 21,
    "MSE": 0.029539601394001108,
    "baseline_MSE": 0.02953340967545584,
    "relative_MSE_gain": -0.0002096513275409162,
    "absolute_gain_interval95": [
      -0.0004086602364153564,
      0.0003305132712129532
    ],
    "unclassified_rows": 2,
    "per_building_gain": {
      "2t7WUuJeko7": -4.7121183241322084e-05,
      "7y3sRwLe3Va": 0.0001515138571568167,
      "B6ByNegPMKs": 0.00045052966234687686,
      "S9hNv5qa7GM": -0.00010972177255012816,
      "UwV83HsGsw3": -0.0008986306801800174,
      "VFuaQ6m2Qom": 6.823784885427037e-06,
      "X7HyMhZNoso": 0.0004738365693879379,
      "Z6MFQCViBuw": 0.00019017196098025093,
      "b8cTxDM8gDG": -0.0013629898345474019,
      "e9zR4mvMWw7": -0.0028432409513692147,
      "jh4fc5c5qoQ": -0.00014678809857728015,
      "jtcxE69GiFV": 0.0001772127748539548,
      "pRbA3pwrgk9": -0.0002690005161523337,
      "pa4otMbVnkk": -0.00046035589962824974,
      "q9vSo1VnCiC": 0.00010732779297544653,
      "rPc6DW4iMge": 0.0009195197471628218,
      "uNb9QFRL6hY": -7.200596269454212e-05,
      "wc2JMjhGNzB": 0.0009015781211167313,
      "x8F5xyUWy9e": 0.0011716553007663777,
      "yqstnuAEVhm": 0.0006727928071843352,
      "zsNo4HB9uLZ": 0.0008568664306728702
    }
  },
  {
    "outcome": "pair_disagreement",
    "model": "historical_Q_3",
    "responses": 2350,
    "images": 188,
    "buildings": 21,
    "MSE": 0.030111832588430348,
    "baseline_MSE": 0.02953340967545584,
    "relative_MSE_gain": -0.019585375320047005,
    "absolute_gain_interval95": [
      -0.001758552325926705,
      0.00032909397106062284
    ],
    "unclassified_rows": 2,
    "per_building_gain": {
      "2t7WUuJeko7": -0.009757782632359394,
      "7y3sRwLe3Va": 0.00013836153146443153,
      "B6ByNegPMKs": 0.00029384878590325153,
      "S9hNv5qa7GM": -0.0014956865826164095,
      "UwV83HsGsw3": -0.0004064045973936614,
      "VFuaQ6m2Qom": 0.0012318053170338981,
      "X7HyMhZNoso": 0.002561327045913827,
      "Z6MFQCViBuw": 0.0003910602000200356,
      "b8cTxDM8gDG": -0.0020859096727672347,
      "e9zR4mvMWw7": -0.002878799623288431,
      "jh4fc5c5qoQ": -0.0013782063918305679,
      "jtcxE69GiFV": -0.0020971926527153795,
      "pRbA3pwrgk9": -0.0019493079279506555,
      "pa4otMbVnkk": -0.00037968573725416244,
      "q9vSo1VnCiC": 0.0008464291185110023,
      "rPc6DW4iMge": 0.0010741244196800191,
      "uNb9QFRL6hY": 0.0001599147047347052,
      "wc2JMjhGNzB": 0.0008033296637029105,
      "x8F5xyUWy9e": 0.0010887638540333158,
      "yqstnuAEVhm": 9.083849728448723e-05,
      "zsNo4HB9uLZ": 0.0016022915074294167
    }
  },
  {
    "outcome": "pair_disagreement",
    "model": "historical_TRI_3",
    "responses": 2350,
    "images": 188,
    "buildings": 21,
    "MSE": 0.029491608532951647,
    "baseline_MSE": 0.02953340967545584,
    "relative_MSE_gain": 0.0014153849136807617,
    "absolute_gain_interval95": [
      -0.0007209649782439069,
      0.0005428700078515945
    ],
    "unclassified_rows": 542,
    "per_building_gain": {
      "2t7WUuJeko7": -0.00032921617400535896,
      "7y3sRwLe3Va": -2.5559327451345204e-05,
      "B6ByNegPMKs": 0.00046330264248078956,
      "S9hNv5qa7GM": -0.00015518466452333832,
      "UwV83HsGsw3": 0.0009864487834632119,
      "VFuaQ6m2Qom": -0.00012067934147046502,
      "X7HyMhZNoso": 0.0010295475341106988,
      "Z6MFQCViBuw": -0.00021739806147929534,
      "b8cTxDM8gDG": 9.567538145244595e-05,
      "e9zR4mvMWw7": -0.00039908810603097797,
      "jh4fc5c5qoQ": 0.0009532923184557528,
      "jtcxE69GiFV": 7.575583421871868e-05,
      "pRbA3pwrgk9": -0.0003454252060001309,
      "pa4otMbVnkk": -2.656043685388589e-05,
      "q9vSo1VnCiC": 0.00024036861414194338,
      "rPc6DW4iMge": 0.0018967862900948346,
      "uNb9QFRL6hY": 0.0006998548262450305,
      "wc2JMjhGNzB": 0.0012764122107083685,
      "x8F5xyUWy9e": 0.0008178509803540568,
      "yqstnuAEVhm": 0.00012612837450681064,
      "zsNo4HB9uLZ": -0.006164488479829686
    }
  },
  {
    "outcome": "pair_disagreement",
    "model": "historical_continuous_QTSB",
    "responses": 2350,
    "images": 188,
    "buildings": 21,
    "MSE": 0.029407013855300562,
    "baseline_MSE": 0.02953340967545584,
    "relative_MSE_gain": 0.0042797571138669666,
    "absolute_gain_interval95": [
      -0.001416610022825942,
      0.0015782876626310868
    ],
    "unclassified_rows": 67,
    "per_building_gain": {
      "2t7WUuJeko7": -0.007104432988398246,
      "7y3sRwLe3Va": -0.0009198610501489554,
      "B6ByNegPMKs": 0.0014820357147971586,
      "S9hNv5qa7GM": -0.0016736712352599485,
      "UwV83HsGsw3": -1.4096415314815425e-06,
      "VFuaQ6m2Qom": 0.0017456937097395826,
      "X7HyMhZNoso": 0.006033741532912796,
      "Z6MFQCViBuw": -0.0009912546371499496,
      "b8cTxDM8gDG": -0.0029438598621713413,
      "e9zR4mvMWw7": -0.0015468620642875679,
      "jh4fc5c5qoQ": 0.0048738430559039925,
      "jtcxE69GiFV": -0.00029893346956705313,
      "pRbA3pwrgk9": -0.002754743409165511,
      "pa4otMbVnkk": -0.0016762057364557326,
      "q9vSo1VnCiC": 0.0015342773994696662,
      "rPc6DW4iMge": 0.003556899163401933,
      "uNb9QFRL6hY": 0.001410603866213167,
      "wc2JMjhGNzB": 0.0034452268652279093,
      "x8F5xyUWy9e": 0.0042838326886159225,
      "yqstnuAEVhm": 0.0022285617265250628,
      "zsNo4HB9uLZ": -0.008029169405410583
    }
  }
]
team rows 2778 unique panels 463
