[
  {
    "kind": "same_room_broad",
    "metric": "count_disagreement",
    "k": 0,
    "scope": "all",
    "images": 109,
    "families": 31,
    "buildings": 15,
    "MAE": 0.21342483862024467,
    "baseline_MAE": 0.326723749237874,
    "gain": {
      "n_rows": 109,
      "buildings": 15,
      "mean": 0.11329891061762938,
      "interval95": [
        0.009701095214341586,
        0.2063343388110529
      ],
      "per_building": {
        "7y3sRwLe3Va": 0.09707220370487561,
        "B6ByNegPMKs": -0.06831586704636505,
        "S9hNv5qa7GM": 0.2554990476558495,
        "UwV83HsGsw3": 0.11135286121162,
        "VFuaQ6m2Qom": 0.258248515696977,
        "Z6MFQCViBuw": 0.40382750769483583,
        "b8cTxDM8gDG": 0.23963328423063,
        "e9zR4mvMWw7": -0.046767642362590955,
        "jtcxE69GiFV": 0.2052002700829419,
        "q9vSo1VnCiC": -0.19042278996548503,
        "rPc6DW4iMge": 0.26086956521739135,
        "uNb9QFRL6hY": 0.11161740236226489,
        "wc2JMjhGNzB": 0.2746702618924484,
        "x8F5xyUWy9e": -0.3804347826086957,
        "yqstnuAEVhm": 0.16743382149774313
      }
    }
  },
  {
    "kind": "same_room_broad",
    "metric": "count_disagreement",
    "k": 0,
    "scope": "without_uNb",
    "images": 74,
    "families": 27,
    "buildings": 14,
    "MAE": 0.2208890265534594,
    "baseline_MAE": 0.33430804490361476,
    "gain": {
      "n_rows": 74,
      "buildings": 14,
      "mean": 0.11341901835015543,
      "interval95": [
        -0.0011691702509866368,
        0.21530995170228887
      ],
      "per_building": {
        "7y3sRwLe3Va": 0.09707220370487561,
        "B6ByNegPMKs": -0.06831586704636505,
        "S9hNv5qa7GM": 0.2554990476558495,
        "UwV83HsGsw3": 0.11135286121162,
        "VFuaQ6m2Qom": 0.258248515696977,
        "Z6MFQCViBuw": 0.40382750769483583,
        "b8cTxDM8gDG": 0.23963328423063,
        "e9zR4mvMWw7": -0.046767642362590955,
        "jtcxE69GiFV": 0.2052002700829419,
        "q9vSo1VnCiC": -0.19042278996548503,
        "rPc6DW4iMge": 0.26086956521739135,
        "wc2JMjhGNzB": 0.2746702618924484,
        "x8F5xyUWy9e": -0.3804347826086957,
        "yqstnuAEVhm": 0.16743382149774313
      }
    }
  },
  {
    "kind": "same_room_broad",
    "metric": "pair_disagreement",
    "k": 0,
    "scope": "all",
    "images": 109,
    "families": 31,
    "buildings": 15,
    "MAE": 0.22128007423635418,
    "baseline_MAE": 0.3435881371344536,
    "gain": {
      "n_rows": 109,
      "buildings": 15,
      "mean": 0.1223080628980994,
      "interval95": [
        0.0011511694691267761,
        0.24536122157207926
      ],
      "per_building": {
        "7y3sRwLe3Va": 0.07665067990084162,
        "B6ByNegPMKs": -0.2520421607378129,
        "S9hNv5qa7GM": 0.37962906955239173,
        "UwV83HsGsw3": 0.1389514247789456,
        "VFuaQ6m2Qom": 0.167456700428115,
        "Z6MFQCViBuw": 0.6274096320697964,
        "b8cTxDM8gDG": 0.3728810464545778,
        "e9zR4mvMWw7": -0.08308567819895678,
        "jtcxE69GiFV": 0.15578481237464809,
        "q9vSo1VnCiC": -0.1256015175018906,
        "rPc6DW4iMge": 0.3125,
        "uNb9QFRL6hY": 0.06123815215780623,
        "wc2JMjhGNzB": 0.2873781291172596,
        "x8F5xyUWy9e": -0.27898550724637683,
        "yqstnuAEVhm": -0.0055438396778542025
      }
    }
  },
  {
    "kind": "same_room_broad",
    "metric": "pair_disagreement",
    "k": 0,
    "scope": "without_uNb",
    "images": 74,
    "families": 27,
    "buildings": 14,
    "MAE": 0.22890218499853998,
    "baseline_MAE": 0.3555723843780889,
    "gain": {
      "n_rows": 74,
      "buildings": 14,
      "mean": 0.1266701993795489,
      "interval95": [
        -0.0009004341584912607,
        0.258882228794462
      ],
      "per_building": {
        "7y3sRwLe3Va": 0.07665067990084162,
        "B6ByNegPMKs": -0.2520421607378129,
        "S9hNv5qa7GM": 0.37962906955239173,
        "UwV83HsGsw3": 0.1389514247789456,
        "VFuaQ6m2Qom": 0.167456700428115,
        "Z6MFQCViBuw": 0.6274096320697964,
        "b8cTxDM8gDG": 0.3728810464545778,
        "e9zR4mvMWw7": -0.08308567819895678,
        "jtcxE69GiFV": 0.15578481237464809,
        "q9vSo1VnCiC": -0.1256015175018906,
        "rPc6DW4iMge": 0.3125,
        "wc2JMjhGNzB": 0.2873781291172596,
        "x8F5xyUWy9e": -0.27898550724637683,
        "yqstnuAEVhm": -0.0055438396778542025
      }
    }
  },
  {
    "kind": "same_room_broad",
    "metric": "uncovered",
    "k": 3,
    "scope": "all",
    "images": 78,
    "families": 21,
    "buildings": 12,
    "MAE": 0.20010245116756656,
    "baseline_MAE": 0.32428356832353455,
    "gain": {
      "n_rows": 78,
      "buildings": 12,
      "mean": 0.12418111715596801,
      "interval95": [
        -0.01434994683114657,
        0.2551431176733133
      ],
      "per_building": {
        "7y3sRwLe3Va": 0.19049265951439875,
        "B6ByNegPMKs": -0.07025720117184156,
        "S9hNv5qa7GM": 0.3270044798488989,
        "UwV83HsGsw3": 0.3094972231635799,
        "VFuaQ6m2Qom": 0.008104459079088355,
        "b8cTxDM8gDG": 0.48760058433330244,
        "e9zR4mvMWw7": -0.05759324591681405,
        "q9vSo1VnCiC": -0.42141798418972337,
        "rPc6DW4iMge": 0.26018491901717933,
        "uNb9QFRL6hY": 0.07572147723295009,
        "wc2JMjhGNzB": 0.37773150762281194,
        "yqstnuAEVhm": 0.0031045273377852123
      }
    }
  },
  {
    "kind": "same_room_broad",
    "metric": "uncovered",
    "k": 3,
    "scope": "without_uNb",
    "images": 43,
    "families": 17,
    "buildings": 11,
    "MAE": 0.20939687268960452,
    "baseline_MAE": 0.33798341165675594,
    "gain": {
      "n_rows": 43,
      "buildings": 11,
      "mean": 0.12858653896715144,
      "interval95": [
        -0.02299401486740881,
        0.26765239072603675
      ],
      "per_building": {
        "7y3sRwLe3Va": 0.19049265951439875,
        "B6ByNegPMKs": -0.07025720117184156,
        "S9hNv5qa7GM": 0.3270044798488989,
        "UwV83HsGsw3": 0.3094972231635799,
        "VFuaQ6m2Qom": 0.008104459079088355,
        "b8cTxDM8gDG": 0.48760058433330244,
        "e9zR4mvMWw7": -0.05759324591681405,
        "q9vSo1VnCiC": -0.42141798418972337,
        "rPc6DW4iMge": 0.26018491901717933,
        "wc2JMjhGNzB": 0.37773150762281194,
        "yqstnuAEVhm": 0.0031045273377852123
      }
    }
  },
  {
    "kind": "same_room_broad",
    "metric": "uncovered",
    "k": 5,
    "scope": "all",
    "images": 64,
    "families": 15,
    "buildings": 9,
    "MAE": 0.16949644222674579,
    "baseline_MAE": 0.34156214414513747,
    "gain": {
      "n_rows": 64,
      "buildings": 9,
      "mean": 0.17206570191839168,
      "interval95": [
        -0.00193029505730918,
        0.3115368559250218
      ],
      "per_building": {
        "7y3sRwLe3Va": 0.21787904404780972,
        "S9hNv5qa7GM": 0.32773963652159893,
        "UwV83HsGsw3": 0.20946532688758848,
        "b8cTxDM8gDG": 0.44537672625960956,
        "q9vSo1VnCiC": -0.4279358846721547,
        "rPc6DW4iMge": 0.17850643238702724,
        "uNb9QFRL6hY": 0.09032278950268689,
        "wc2JMjhGNzB": 0.4121514518015586,
        "yqstnuAEVhm": 0.09508579452980048
      }
    }
  },
  {
    "kind": "same_room_broad",
    "metric": "uncovered",
    "k": 5,
    "scope": "without_uNb",
    "images": 29,
    "families": 11,
    "buildings": 8,
    "MAE": 0.18023350518870612,
    "baseline_MAE": 0.3625170711590609,
    "gain": {
      "n_rows": 29,
      "buildings": 8,
      "mean": 0.18228356597035478,
      "interval95": [
        -0.007049548250381796,
        0.33108284080797007
      ],
      "per_building": {
        "7y3sRwLe3Va": 0.21787904404780972,
        "S9hNv5qa7GM": 0.32773963652159893,
        "UwV83HsGsw3": 0.20946532688758848,
        "b8cTxDM8gDG": 0.44537672625960956,
        "q9vSo1VnCiC": -0.4279358846721547,
        "rPc6DW4iMge": 0.17850643238702724,
        "wc2JMjhGNzB": 0.4121514518015586,
        "yqstnuAEVhm": 0.09508579452980048
      }
    }
  },
  {
    "kind": "same_room_broad",
    "metric": "uncovered",
    "k": 8,
    "scope": "all",
    "images": 48,
    "families": 10,
    "buildings": 6,
    "MAE": 0.2382961191068872,
    "baseline_MAE": 0.29661140136404096,
    "gain": {
      "n_rows": 48,
      "buildings": 6,
      "mean": 0.058315282257153746,
      "interval95": [
        -0.15595376511709322,
        0.1928621778585076
      ],
      "per_building": {
        "7y3sRwLe3Va": 0.20092272004467315,
        "UwV83HsGsw3": 0.21802506749325667,
        "q9vSo1VnCiC": -0.433333248353776,
        "rPc6DW4iMge": 0.21904509785879955,
        "uNb9QFRL6hY": 0.06296760822259079,
        "yqstnuAEVhm": 0.08226444827737833
      }
    }
  },
  {
    "kind": "same_room_broad",
    "metric": "uncovered",
    "k": 8,
    "scope": "without_uNb",
    "images": 13,
    "families": 6,
    "buildings": 5,
    "MAE": 0.27004157596515255,
    "baseline_MAE": 0.32742639302921883,
    "gain": {
      "n_rows": 13,
      "buildings": 5,
      "mean": 0.05738481706406634,
      "interval95": [
        -0.19973803978503005,
        0.21501261014975714
      ],
      "per_building": {
        "7y3sRwLe3Va": 0.20092272004467315,
        "UwV83HsGsw3": 0.21802506749325667,
        "q9vSo1VnCiC": -0.433333248353776,
        "rPc6DW4iMge": 0.21904509785879955,
        "yqstnuAEVhm": 0.08226444827737833
      }
    }
  },
  {
    "kind": "same_room_broad",
    "metric": "uncovered",
    "k": 12,
    "scope": "all",
    "images": 41,
    "families": 9,
    "buildings": 6,
    "MAE": 0.2287575102559053,
    "baseline_MAE": 0.2795164723045025,
    "gain": {
      "n_rows": 41,
      "buildings": 6,
      "mean": 0.05075896204859725,
      "interval95": [
        -0.1423338984398772,
        0.1712663015192558
      ],
      "per_building": {
        "7y3sRwLe3Va": 0.1356430742070264,
        "UwV83HsGsw3": 0.1833417990492272,
        "q9vSo1VnCiC": -0.409373235460192,
        "rPc6DW4iMge": 0.21159144012345887,
        "uNb9QFRL6hY": 0.08126243780892696,
        "yqstnuAEVhm": 0.10208825656313607
      }
    }
  },
  {
    "kind": "same_room_broad",
    "metric": "uncovered",
    "k": 12,
    "scope": "without_uNb",
    "images": 13,
    "families": 6,
    "buildings": 5,
    "MAE": 0.2589549853535585,
    "baseline_MAE": 0.3036132522500898,
    "gain": {
      "n_rows": 13,
      "buildings": 5,
      "mean": 0.04465826689653131,
      "interval95": [
        -0.18288800193879623,
        0.1851019105104797
      ],
      "per_building": {
        "7y3sRwLe3Va": 0.1356430742070264,
        "UwV83HsGsw3": 0.1833417990492272,
        "q9vSo1VnCiC": -0.409373235460192,
        "rPc6DW4iMge": 0.21159144012345887,
        "yqstnuAEVhm": 0.10208825656313607
      }
    }
  },
  {
    "kind": "same_room_broad",
    "metric": "uncovered",
    "k": 15,
    "scope": "all",
    "images": 23,
    "families": 8,
    "buildings": 6,
    "MAE": 0.21683840446509986,
    "baseline_MAE": 0.28215994011445417,
    "gain": {
      "n_rows": 23,
      "buildings": 6,
      "mean": 0.06532153564935429,
      "interval95": [
        -0.12439833299095122,
        0.17854630283039866
      ],
      "per_building": {
        "7y3sRwLe3Va": 0.12829082195981723,
        "UwV83HsGsw3": 0.18684538834896755,
        "q9vSo1VnCiC": -0.39476284584980237,
        "rPc6DW4iMge": 0.2205026981824112,
        "uNb9QFRL6hY": 0.12764908595016955,
        "yqstnuAEVhm": 0.1234040653045626
      }
    }
  },
  {
    "kind": "same_room_broad",
    "metric": "uncovered",
    "k": 15,
    "scope": "without_uNb",
    "images": 13,
    "families": 6,
    "buildings": 5,
    "MAE": 0.24927100003489824,
    "baseline_MAE": 0.30212702562408955,
    "gain": {
      "n_rows": 13,
      "buildings": 5,
      "mean": 0.052856025589191245,
      "interval95": [
        -0.17383046544812447,
        0.18859739900451494
      ],
      "per_building": {
        "7y3sRwLe3Va": 0.12829082195981723,
        "UwV83HsGsw3": 0.18684538834896755,
        "q9vSo1VnCiC": -0.39476284584980237,
        "rPc6DW4iMge": 0.2205026981824112,
        "yqstnuAEVhm": 0.1234040653045626
      }
    }
  },
  {
    "kind": "same_room_broad",
    "metric": "uncovered",
    "k": 18,
    "scope": "all",
    "images": 16,
    "families": 7,
    "buildings": 6,
    "MAE": 0.22822898402131817,
    "baseline_MAE": 0.24682700858226136,
    "gain": {
      "n_rows": 16,
      "buildings": 6,
      "mean": 0.018598024560943168,
      "interval95": [
        -0.15653855738679956,
        0.15373177086225756
      ],
      "per_building": {
        "7y3sRwLe3Va": 0.10932024598266529,
        "UwV83HsGsw3": 0.17628185439944324,
        "q9vSo1VnCiC": -0.3826086956521739,
        "rPc6DW4iMge": 0.20907401641305312,
        "uNb9QFRL6hY": 0.0758076639226525,
        "yqstnuAEVhm": -0.0762869376999812
      }
    }
  },
  {
    "kind": "same_room_broad",
    "metric": "uncovered",
    "k": 18,
    "scope": "without_uNb",
    "images": 11,
    "families": 5,
    "buildings": 5,
    "MAE": 0.25522810649812944,
    "baseline_MAE": 0.2623842031867308,
    "gain": {
      "n_rows": 11,
      "buildings": 5,
      "mean": 0.007156096688601307,
      "interval95": [
        -0.20300780164868995,
        0.1760063975215316
      ],
      "per_building": {
        "7y3sRwLe3Va": 0.10932024598266529,
        "UwV83HsGsw3": 0.17628185439944324,
        "q9vSo1VnCiC": -0.3826086956521739,
        "rPc6DW4iMge": 0.20907401641305312,
        "yqstnuAEVhm": -0.0762869376999812
      }
    }
  },
  {
    "kind": "same_room_broad",
    "metric": "uncovered",
    "k": 20,
    "scope": "all",
    "images": 13,
    "families": 6,
    "buildings": 6,
    "MAE": 0.2141824560302821,
    "baseline_MAE": 0.22577735702118115,
    "gain": {
      "n_rows": 13,
      "buildings": 6,
      "mean": 0.011594900990898991,
      "interval95": [
        -0.16001432485498693,
        0.14457617298526387
      ],
      "per_building": {
        "7y3sRwLe3Va": 0.10302989308671126,
        "UwV83HsGsw3": 0.17526088453707026,
        "q9vSo1VnCiC": -0.37568228872576703,
        "rPc6DW4iMge": 0.20784558957730892,
        "uNb9QFRL6hY": 0.029567520204871967,
        "yqstnuAEVhm": -0.07045219273480142
      }
    }
  },
  {
    "kind": "same_room_broad",
    "metric": "uncovered",
    "k": 20,
    "scope": "without_uNb",
    "images": 11,
    "families": 5,
    "buildings": 5,
    "MAE": 0.24940554614467655,
    "baseline_MAE": 0.257405923292781,
    "gain": {
      "n_rows": 11,
      "buildings": 5,
      "mean": 0.008000377148104396,
      "interval95": [
        -0.19793069386695872,
        0.17384856826309392
      ],
      "per_building": {
        "7y3sRwLe3Va": 0.10302989308671126,
        "UwV83HsGsw3": 0.17526088453707026,
        "q9vSo1VnCiC": -0.37568228872576703,
        "rPc6DW4iMge": 0.20784558957730892,
        "yqstnuAEVhm": -0.07045219273480142
      }
    }
  },
  {
    "kind": "same_room_comparable",
    "metric": "count_disagreement",
    "k": 0,
    "scope": "all",
    "images": 41,
    "families": 12,
    "buildings": 10,
    "MAE": 0.15703973537268728,
    "baseline_MAE": 0.299377943911659,
    "gain": {
      "n_rows": 41,
      "buildings": 10,
      "mean": 0.14233820853897167,
      "interval95": [
        0.048492135913589064,
        0.240109196203042
      ],
      "per_building": {
        "7y3sRwLe3Va": 0.09707220370487561,
        "B6ByNegPMKs": -0.06831586704636505,
        "S9hNv5qa7GM": 0.2554990476558495,
        "VFuaQ6m2Qom": 0.258248515696977,
        "Z6MFQCViBuw": 0.40382750769483583,
        "e9zR4mvMWw7": -0.046767642362590955,
        "jtcxE69GiFV": 0.2052002700829419,
        "uNb9QFRL6hY": 0.11537635949931592,
        "wc2JMjhGNzB": 0.2746702618924484,
        "yqstnuAEVhm": -0.07142857142857142
      }
    }
  },
  {
    "kind": "same_room_comparable",
    "metric": "count_disagreement",
    "k": 0,
    "scope": "without_uNb",
    "images": 34,
    "families": 11,
    "buildings": 9,
    "MAE": 0.16510908547903208,
    "baseline_MAE": 0.31044305502241,
    "gain": {
      "n_rows": 34,
      "buildings": 9,
      "mean": 0.14533396954337788,
      "interval95": [
        0.040260601995131665,
        0.2549237524831811
      ],
      "per_building": {
        "7y3sRwLe3Va": 0.09707220370487561,
        "B6ByNegPMKs": -0.06831586704636505,
        "S9hNv5qa7GM": 0.2554990476558495,
        "VFuaQ6m2Qom": 0.258248515696977,
        "Z6MFQCViBuw": 0.40382750769483583,
        "e9zR4mvMWw7": -0.046767642362590955,
        "jtcxE69GiFV": 0.2052002700829419,
        "wc2JMjhGNzB": 0.2746702618924484,
        "yqstnuAEVhm": -0.07142857142857142
      }
    }
  },
  {
    "kind": "same_room_comparable",
    "metric": "pair_disagreement",
    "k": 0,
    "scope": "all",
    "images": 41,
    "families": 12,
    "buildings": 10,
    "MAE": 0.21373730687060205,
    "baseline_MAE": 0.3462396773761735,
    "gain": {
      "n_rows": 41,
      "buildings": 10,
      "mean": 0.1325023705055715,
      "interval95": [
        -0.0065885337875504005,
        0.28751571785438845
      ],
      "per_building": {
        "7y3sRwLe3Va": 0.07665067990084162,
        "B6ByNegPMKs": -0.2520421607378129,
        "S9hNv5qa7GM": 0.37962906955239173,
        "VFuaQ6m2Qom": 0.167456700428115,
        "Z6MFQCViBuw": 0.6274096320697964,
        "e9zR4mvMWw7": -0.08308567819895678,
        "jtcxE69GiFV": 0.15578481237464809,
        "uNb9QFRL6hY": -0.038972188831933194,
        "wc2JMjhGNzB": 0.2873781291172596,
        "yqstnuAEVhm": 0.004814709381365467
      }
    }
  },
  {
    "kind": "same_room_comparable",
    "metric": "pair_disagreement",
    "k": 0,
    "scope": "without_uNb",
    "images": 34,
    "families": 11,
    "buildings": 9,
    "MAE": 0.21736404306770435,
    "baseline_MAE": 0.36891914238855417,
    "gain": {
      "n_rows": 34,
      "buildings": 9,
      "mean": 0.15155509932084982,
      "interval95": [
        -0.003040438289463575,
        0.3181499820751958
      ],
      "per_building": {
        "7y3sRwLe3Va": 0.07665067990084162,
        "B6ByNegPMKs": -0.2520421607378129,
        "S9hNv5qa7GM": 0.37962906955239173,
        "VFuaQ6m2Qom": 0.167456700428115,
        "Z6MFQCViBuw": 0.6274096320697964,
        "e9zR4mvMWw7": -0.08308567819895678,
        "jtcxE69GiFV": 0.15578481237464809,
        "wc2JMjhGNzB": 0.2873781291172596,
        "yqstnuAEVhm": 0.004814709381365467
      }
    }
  },
  {
    "kind": "same_room_comparable",
    "metric": "uncovered",
    "k": 3,
    "scope": "all",
    "images": 32,
    "families": 10,
    "buildings": 8,
    "MAE": 0.1588544344534384,
    "baseline_MAE": 0.26413519641377703,
    "gain": {
      "n_rows": 32,
      "buildings": 8,
      "mean": 0.10528076196033864,
      "interval95": [
        0.0002451088785595139,
        0.2245467091694483
      ],
      "per_building": {
        "7y3sRwLe3Va": 0.19049265951439875,
        "B6ByNegPMKs": -0.07025720117184156,
        "S9hNv5qa7GM": 0.3270044798488989,
        "VFuaQ6m2Qom": 0.008104459079088355,
        "e9zR4mvMWw7": -0.05759324591681405,
        "uNb9QFRL6hY": -0.014675536682868433,
        "wc2JMjhGNzB": 0.37773150762281194,
        "yqstnuAEVhm": 0.08143897338903522
      }
    }
  },
  {
    "kind": "same_room_comparable",
    "metric": "uncovered",
    "k": 3,
    "scope": "without_uNb",
    "images": 25,
    "families": 9,
    "buildings": 7,
    "MAE": 0.16332144257744705,
    "baseline_MAE": 0.28573881862967243,
    "gain": {
      "n_rows": 25,
      "buildings": 7,
      "mean": 0.12241737605222539,
      "interval95": [
        0.0031163998334088577,
        0.2479120638609649
      ],
      "per_building": {
        "7y3sRwLe3Va": 0.19049265951439875,
        "B6ByNegPMKs": -0.07025720117184156,
        "S9hNv5qa7GM": 0.3270044798488989,
        "VFuaQ6m2Qom": 0.008104459079088355,
        "e9zR4mvMWw7": -0.05759324591681405,
        "wc2JMjhGNzB": 0.37773150762281194,
        "yqstnuAEVhm": 0.08143897338903522
      }
    }
  },
  {
    "kind": "same_room_comparable",
    "metric": "uncovered",
    "k": 5,
    "scope": "all",
    "images": 21,
    "families": 5,
    "buildings": 5,
    "MAE": 0.0612046003709946,
    "baseline_MAE": 0.2869816083035067,
    "gain": {
      "n_rows": 21,
      "buildings": 5,
      "mean": 0.22577700793251215,
      "interval95": [
        0.10783042877117133,
        0.339532244138825
      ],
      "per_building": {
        "7y3sRwLe3Va": 0.21787904404780972,
        "S9hNv5qa7GM": 0.32773963652159893,
        "uNb9QFRL6hY": 0.020148800021332094,
        "wc2JMjhGNzB": 0.4121514518015586,
        "yqstnuAEVhm": 0.15096610727026133
      }
    }
  },
  {
    "kind": "same_room_comparable",
    "metric": "uncovered",
    "k": 5,
    "scope": "without_uNb",
    "images": 14,
    "families": 4,
    "buildings": 4,
    "MAE": 0.051367033360740444,
    "baseline_MAE": 0.3285510932710476,
    "gain": {
      "n_rows": 14,
      "buildings": 4,
      "mean": 0.27718405991030715,
      "interval95": [
        0.18442257565903553,
        0.36994554416157877
      ],
      "per_building": {
        "7y3sRwLe3Va": 0.21787904404780972,
        "S9hNv5qa7GM": 0.32773963652159893,
        "wc2JMjhGNzB": 0.4121514518015586,
        "yqstnuAEVhm": 0.15096610727026133
      }
    }
  },
  {
    "kind": "same_room_comparable",
    "metric": "uncovered",
    "k": 8,
    "scope": "all",
    "images": 9,
    "families": 2,
    "buildings": 2,
    "MAE": 0.06660268272531028,
    "baseline_MAE": 0.15894227780188558,
    "gain": {
      "n_rows": 9,
      "buildings": 2,
      "mean": 0.0923395950765753,
      "interval95": [
        -0.016243529891522553,
        0.20092272004467315
      ],
      "per_building": {
        "7y3sRwLe3Va": 0.20092272004467315,
        "uNb9QFRL6hY": -0.016243529891522553
      }
    }
  },
  {
    "kind": "same_room_comparable",
    "metric": "uncovered",
    "k": 8,
    "scope": "without_uNb",
    "images": 2,
    "families": 1,
    "buildings": 1,
    "MAE": 0.04397977622503135,
    "baseline_MAE": 0.2449024962697045,
    "gain": {
      "n_rows": 2,
      "buildings": 1,
      "mean": 0.20092272004467315,
      "interval95": [
        0.20092272004467315,
        0.20092272004467315
      ],
      "per_building": {
        "7y3sRwLe3Va": 0.20092272004467315
      }
    }
  },
  {
    "kind": "same_room_comparable",
    "metric": "uncovered",
    "k": 12,
    "scope": "all",
    "images": 2,
    "families": 1,
    "buildings": 1,
    "MAE": 0.06453175195603505,
    "baseline_MAE": 0.20017482616306145,
    "gain": {
      "n_rows": 2,
      "buildings": 1,
      "mean": 0.1356430742070264,
      "interval95": [
        0.1356430742070264,
        0.1356430742070264
      ],
      "per_building": {
        "7y3sRwLe3Va": 0.1356430742070264
      }
    }
  },
  {
    "kind": "same_room_comparable",
    "metric": "uncovered",
    "k": 12,
    "scope": "without_uNb",
    "images": 2,
    "families": 1,
    "buildings": 1,
    "MAE": 0.06453175195603505,
    "baseline_MAE": 0.20017482616306145,
    "gain": {
      "n_rows": 2,
      "buildings": 1,
      "mean": 0.1356430742070264,
      "interval95": [
        0.1356430742070264,
        0.1356430742070264
      ],
      "per_building": {
        "7y3sRwLe3Va": 0.1356430742070264
      }
    }
  },
  {
    "kind": "same_room_comparable",
    "metric": "uncovered",
    "k": 15,
    "scope": "all",
    "images": 2,
    "families": 1,
    "buildings": 1,
    "MAE": 0.07227570835559782,
    "baseline_MAE": 0.20056653031541505,
    "gain": {
      "n_rows": 2,
      "buildings": 1,
      "mean": 0.12829082195981723,
      "interval95": [
        0.12829082195981723,
        0.12829082195981723
      ],
      "per_building": {
        "7y3sRwLe3Va": 0.12829082195981723
      }
    }
  },
  {
    "kind": "same_room_comparable",
    "metric": "uncovered",
    "k": 15,
    "scope": "without_uNb",
    "images": 2,
    "families": 1,
    "buildings": 1,
    "MAE": 0.07227570835559782,
    "baseline_MAE": 0.20056653031541505,
    "gain": {
      "n_rows": 2,
      "buildings": 1,
      "mean": 0.12829082195981723,
      "interval95": [
        0.12829082195981723,
        0.12829082195981723
      ],
      "per_building": {
        "7y3sRwLe3Va": 0.12829082195981723
      }
    }
  },
  {
    "kind": "same_room_comparable",
    "metric": "uncovered",
    "k": 18,
    "scope": "all",
    "images": 2,
    "families": 1,
    "buildings": 1,
    "MAE": 0.07552923811505052,
    "baseline_MAE": 0.18484948409771582,
    "gain": {
      "n_rows": 2,
      "buildings": 1,
      "mean": 0.10932024598266529,
      "interval95": [
        0.10932024598266529,
        0.10932024598266529
      ],
      "per_building": {
        "7y3sRwLe3Va": 0.10932024598266529
      }
    }
  },
  {
    "kind": "same_room_comparable",
    "metric": "uncovered",
    "k": 18,
    "scope": "without_uNb",
    "images": 2,
    "families": 1,
    "buildings": 1,
    "MAE": 0.07552923811505052,
    "baseline_MAE": 0.18484948409771582,
    "gain": {
      "n_rows": 2,
      "buildings": 1,
      "mean": 0.10932024598266529,
      "interval95": [
        0.10932024598266529,
        0.10932024598266529
      ],
      "per_building": {
        "7y3sRwLe3Va": 0.10932024598266529
      }
    }
  },
  {
    "kind": "same_room_comparable",
    "metric": "uncovered",
    "k": 20,
    "scope": "all",
    "images": 2,
    "families": 1,
    "buildings": 1,
    "MAE": 0.07667513645774515,
    "baseline_MAE": 0.1797050295444564,
    "gain": {
      "n_rows": 2,
      "buildings": 1,
      "mean": 0.10302989308671126,
      "interval95": [
        0.10302989308671126,
        0.10302989308671126
      ],
      "per_building": {
        "7y3sRwLe3Va": 0.10302989308671126
      }
    }
  },
  {
    "kind": "same_room_comparable",
    "metric": "uncovered",
    "k": 20,
    "scope": "without_uNb",
    "images": 2,
    "families": 1,
    "buildings": 1,
    "MAE": 0.07667513645774515,
    "baseline_MAE": 0.1797050295444564,
    "gain": {
      "n_rows": 2,
      "buildings": 1,
      "mean": 0.10302989308671126,
      "interval95": [
        0.10302989308671126,
        0.10302989308671126
      ],
      "per_building": {
        "7y3sRwLe3Va": 0.10302989308671126
      }
    }
  },
  {
    "kind": "same_scene_other_building",
    "metric": "count_disagreement",
    "k": 0,
    "scope": "all",
    "images": 170,
    "families": 95,
    "buildings": 20,
    "MAE": 0.3242375442134178,
    "baseline_MAE": 0.32160278860346614,
    "gain": {
      "n_rows": 170,
      "buildings": 20,
      "mean": -0.002634755609951645,
      "interval95": [
        -0.026809298776309724,
        0.020639216859612536
      ],
      "per_building": {
        "2t7WUuJeko7": 0.1129845513516422,
        "7y3sRwLe3Va": 0.07604709692682642,
        "B6ByNegPMKs": -0.04089978224738561,
        "S9hNv5qa7GM": 0.06820267783318826,
        "UwV83HsGsw3": 0.037406205456975386,
        "VFuaQ6m2Qom": -0.14415680015546994,
        "X7HyMhZNoso": -0.04804889778003613,
        "Z6MFQCViBuw": -0.03398667151934784,
        "b8cTxDM8gDG": 0.02686885217318105,
        "e9zR4mvMWw7": 0.011313017607701098,
        "jh4fc5c5qoQ": -0.06764218478611472,
        "jtcxE69GiFV": 0.007452272957741576,
        "pRbA3pwrgk9": -0.020773975273026102,
        "q9vSo1VnCiC": 0.007205391667047572,
        "rPc6DW4iMge": -0.038700285535027835,
        "uNb9QFRL6hY": 0.0018477479167963917,
        "wc2JMjhGNzB": 0.010477891262903941,
        "x8F5xyUWy9e": 2.7755575615628914e-17,
        "yqstnuAEVhm": -0.00701613802596911,
        "zsNo4HB9uLZ": -0.011276082030659496
      }
    }
  },
  {
    "kind": "same_scene_other_building",
    "metric": "count_disagreement",
    "k": 0,
    "scope": "without_uNb",
    "images": 121,
    "families": 77,
    "buildings": 19,
    "MAE": 0.3267725917739166,
    "baseline_MAE": 0.3239019149257151,
    "gain": {
      "n_rows": 121,
      "buildings": 19,
      "mean": -0.0028706768482015424,
      "interval95": [
        -0.028816164239496518,
        0.0213671647349348
      ],
      "per_building": {
        "2t7WUuJeko7": 0.1129845513516422,
        "7y3sRwLe3Va": 0.07604709692682642,
        "B6ByNegPMKs": -0.04089978224738561,
        "S9hNv5qa7GM": 0.06820267783318826,
        "UwV83HsGsw3": 0.037406205456975386,
        "VFuaQ6m2Qom": -0.14415680015546994,
        "X7HyMhZNoso": -0.04804889778003613,
        "Z6MFQCViBuw": -0.03398667151934784,
        "b8cTxDM8gDG": 0.02686885217318105,
        "e9zR4mvMWw7": 0.011313017607701098,
        "jh4fc5c5qoQ": -0.06764218478611472,
        "jtcxE69GiFV": 0.007452272957741576,
        "pRbA3pwrgk9": -0.020773975273026102,
        "q9vSo1VnCiC": 0.007205391667047572,
        "rPc6DW4iMge": -0.038700285535027835,
        "wc2JMjhGNzB": 0.010477891262903941,
        "x8F5xyUWy9e": 2.7755575615628914e-17,
        "yqstnuAEVhm": -0.00701613802596911,
        "zsNo4HB9uLZ": -0.011276082030659496
      }
    }
  },
  {
    "kind": "same_scene_other_building",
    "metric": "pair_disagreement",
    "k": 0,
    "scope": "all",
    "images": 170,
    "families": 95,
    "buildings": 20,
    "MAE": 0.3253414451892117,
    "baseline_MAE": 0.30851969469120005,
    "gain": {
      "n_rows": 170,
      "buildings": 20,
      "mean": -0.016821750498011635,
      "interval95": [
        -0.03445292096388188,
        -0.001419002162019653
      ],
      "per_building": {
        "2t7WUuJeko7": -0.0010649528972234146,
        "7y3sRwLe3Va": -0.002488710971351976,
        "B6ByNegPMKs": -0.01191067164752827,
        "S9hNv5qa7GM": 0.021193087299781588,
        "UwV83HsGsw3": -0.020415380166811346,
        "VFuaQ6m2Qom": -0.0157925317234191,
        "X7HyMhZNoso": -0.041617277862694924,
        "Z6MFQCViBuw": -0.04447142742985882,
        "b8cTxDM8gDG": -0.08262352144541785,
        "e9zR4mvMWw7": 0.015286771186288354,
        "jh4fc5c5qoQ": -0.12116144726624967,
        "jtcxE69GiFV": -0.025070688802151825,
        "pRbA3pwrgk9": -0.05325228020773248,
        "q9vSo1VnCiC": 0.047828470912430546,
        "rPc6DW4iMge": -0.0024109726788571436,
        "uNb9QFRL6hY": -0.024363400410018204,
        "wc2JMjhGNzB": -0.00027791163743024524,
        "x8F5xyUWy9e": 0.0,
        "yqstnuAEVhm": 0.015297074723692312,
        "zsNo4HB9uLZ": 0.010880761064319714
      }
    }
  },
  {
    "kind": "same_scene_other_building",
    "metric": "pair_disagreement",
    "k": 0,
    "scope": "without_uNb",
    "images": 121,
    "families": 77,
    "buildings": 19,
    "MAE": 0.32637594646602414,
    "baseline_MAE": 0.3099511249107496,
    "gain": {
      "n_rows": 121,
      "buildings": 19,
      "mean": -0.016424821555274447,
      "interval95": [
        -0.03442138859651126,
        -0.0008973415095547072
      ],
      "per_building": {
        "2t7WUuJeko7": -0.0010649528972234146,
        "7y3sRwLe3Va": -0.002488710971351976,
        "B6ByNegPMKs": -0.01191067164752827,
        "S9hNv5qa7GM": 0.021193087299781588,
        "UwV83HsGsw3": -0.020415380166811346,
        "VFuaQ6m2Qom": -0.0157925317234191,
        "X7HyMhZNoso": -0.041617277862694924,
        "Z6MFQCViBuw": -0.04447142742985882,
        "b8cTxDM8gDG": -0.08262352144541785,
        "e9zR4mvMWw7": 0.015286771186288354,
        "jh4fc5c5qoQ": -0.12116144726624967,
        "jtcxE69GiFV": -0.025070688802151825,
        "pRbA3pwrgk9": -0.05325228020773248,
        "q9vSo1VnCiC": 0.047828470912430546,
        "rPc6DW4iMge": -0.0024109726788571436,
        "wc2JMjhGNzB": -0.00027791163743024524,
        "x8F5xyUWy9e": 0.0,
        "yqstnuAEVhm": 0.015297074723692312,
        "zsNo4HB9uLZ": 0.010880761064319714
      }
    }
  },
  {
    "kind": "same_scene_other_building",
    "metric": "uncovered",
    "k": 3,
    "scope": "all",
    "images": 122,
    "families": 67,
    "buildings": 19,
    "MAE": 0.3403613506227345,
    "baseline_MAE": 0.328404782740404,
    "gain": {
      "n_rows": 122,
      "buildings": 19,
      "mean": -0.01195656788233035,
      "interval95": [
        -0.03364656870776997,
        0.010766230520488923
      ],
      "per_building": {
        "2t7WUuJeko7": 0.03297805612110016,
        "7y3sRwLe3Va": 0.04333764556712191,
        "B6ByNegPMKs": -0.0297387482259955,
        "S9hNv5qa7GM": -0.011937996863994597,
        "UwV83HsGsw3": -0.03324696423062072,
        "VFuaQ6m2Qom": -0.052215390944226,
        "X7HyMhZNoso": 0.01948637786969648,
        "Z6MFQCViBuw": 0.1006370056891846,
        "b8cTxDM8gDG": -0.02943149815871042,
        "e9zR4mvMWw7": 0.017748514555995527,
        "jh4fc5c5qoQ": -0.09997741253316683,
        "jtcxE69GiFV": 2.7755575615628914e-17,
        "pRbA3pwrgk9": -0.002097377561144753,
        "q9vSo1VnCiC": 0.04122265932022319,
        "rPc6DW4iMge": 0.004274519552781954,
        "uNb9QFRL6hY": -0.06037197035910737,
        "wc2JMjhGNzB": -0.06629289533634844,
        "x8F5xyUWy9e": -0.09446418556665964,
        "yqstnuAEVhm": -0.007085128660406226
      }
    }
  },
  {
    "kind": "same_scene_other_building",
    "metric": "uncovered",
    "k": 3,
    "scope": "without_uNb",
    "images": 77,
    "families": 53,
    "buildings": 18,
    "MAE": 0.3401661791614757,
    "baseline_MAE": 0.3308993558611884,
    "gain": {
      "n_rows": 77,
      "buildings": 18,
      "mean": -0.009266823300287183,
      "interval95": [
        -0.03139486906495761,
        0.013531917143086889
      ],
      "per_building": {
        "2t7WUuJeko7": 0.03297805612110016,
        "7y3sRwLe3Va": 0.04333764556712191,
        "B6ByNegPMKs": -0.0297387482259955,
        "S9hNv5qa7GM": -0.011937996863994597,
        "UwV83HsGsw3": -0.03324696423062072,
        "VFuaQ6m2Qom": -0.052215390944226,
        "X7HyMhZNoso": 0.01948637786969648,
        "Z6MFQCViBuw": 0.1006370056891846,
        "b8cTxDM8gDG": -0.02943149815871042,
        "e9zR4mvMWw7": 0.017748514555995527,
        "jh4fc5c5qoQ": -0.09997741253316683,
        "jtcxE69GiFV": 2.7755575615628914e-17,
        "pRbA3pwrgk9": -0.002097377561144753,
        "q9vSo1VnCiC": 0.04122265932022319,
        "rPc6DW4iMge": 0.004274519552781954,
        "wc2JMjhGNzB": -0.06629289533634844,
        "x8F5xyUWy9e": -0.09446418556665964,
        "yqstnuAEVhm": -0.007085128660406226
      }
    }
  },
  {
    "kind": "same_scene_other_building",
    "metric": "uncovered",
    "k": 5,
    "scope": "all",
    "images": 100,
    "families": 52,
    "buildings": 18,
    "MAE": 0.3233875613122763,
    "baseline_MAE": 0.29750688221028737,
    "gain": {
      "n_rows": 100,
      "buildings": 18,
      "mean": -0.02588067910198892,
      "interval95": [
        -0.04571596860705357,
        -0.006184600684295103
      ],
      "per_building": {
        "2t7WUuJeko7": 0.04121313764655704,
        "7y3sRwLe3Va": 0.028428710466087775,
        "B6ByNegPMKs": -0.021818109698538368,
        "S9hNv5qa7GM": -0.0474828877175707,
        "UwV83HsGsw3": -0.007658933002111637,
        "VFuaQ6m2Qom": 0.019284081496458327,
        "X7HyMhZNoso": 0.02458879929739033,
        "Z6MFQCViBuw": -0.05439584300183847,
        "b8cTxDM8gDG": 0.011438418331980477,
        "e9zR4mvMWw7": -0.017722651868308625,
        "jh4fc5c5qoQ": -0.059761520311302774,
        "jtcxE69GiFV": -0.059761520311302774,
        "q9vSo1VnCiC": 0.015465152878743088,
        "rPc6DW4iMge": -0.012367844879168033,
        "uNb9QFRL6hY": -0.09485825101258595,
        "wc2JMjhGNzB": -0.09146264029473894,
        "x8F5xyUWy9e": -0.07710540612425434,
        "yqstnuAEVhm": -0.061874915731297
      }
    }
  },
  {
    "kind": "same_scene_other_building",
    "metric": "uncovered",
    "k": 5,
    "scope": "without_uNb",
    "images": 57,
    "families": 40,
    "buildings": 17,
    "MAE": 0.32037144269450935,
    "baseline_MAE": 0.29854826782255556,
    "gain": {
      "n_rows": 57,
      "buildings": 17,
      "mean": -0.0218231748719538,
      "interval95": [
        -0.04112720325641829,
        -0.0028563898964085845
      ],
      "per_building": {
        "2t7WUuJeko7": 0.04121313764655704,
        "7y3sRwLe3Va": 0.028428710466087775,
        "B6ByNegPMKs": -0.021818109698538368,
        "S9hNv5qa7GM": -0.0474828877175707,
        "UwV83HsGsw3": -0.007658933002111637,
        "VFuaQ6m2Qom": 0.019284081496458327,
        "X7HyMhZNoso": 0.02458879929739033,
        "Z6MFQCViBuw": -0.05439584300183847,
        "b8cTxDM8gDG": 0.011438418331980477,
        "e9zR4mvMWw7": -0.017722651868308625,
        "jh4fc5c5qoQ": -0.059761520311302774,
        "jtcxE69GiFV": -0.059761520311302774,
        "q9vSo1VnCiC": 0.015465152878743088,
        "rPc6DW4iMge": -0.012367844879168033,
        "wc2JMjhGNzB": -0.09146264029473894,
        "x8F5xyUWy9e": -0.07710540612425434,
        "yqstnuAEVhm": -0.061874915731297
      }
    }
  },
  {
    "kind": "same_scene_other_building",
    "metric": "uncovered",
    "k": 8,
    "scope": "all",
    "images": 80,
    "families": 43,
    "buildings": 14,
    "MAE": 0.247738719753639,
    "baseline_MAE": 0.21177440931666955,
    "gain": {
      "n_rows": 80,
      "buildings": 14,
      "mean": -0.03596431043696945,
      "interval95": [
        -0.0658612528953293,
        -0.006719507741591776
      ],
      "per_building": {
        "7y3sRwLe3Va": 0.0641603194688668,
        "B6ByNegPMKs": -0.09378498211081532,
        "S9hNv5qa7GM": -0.0019309365493349329,
        "UwV83HsGsw3": 0.016134586615835708,
        "VFuaQ6m2Qom": -0.0006971722890803389,
        "X7HyMhZNoso": -0.023027538740658104,
        "b8cTxDM8gDG": 0.03302879486525079,
        "e9zR4mvMWw7": -0.07999707468712519,
        "q9vSo1VnCiC": -0.015320458055147665,
        "rPc6DW4iMge": -0.013491839073915334,
        "uNb9QFRL6hY": -0.07231774235637568,
        "wc2JMjhGNzB": -0.07751331118677597,
        "x8F5xyUWy9e": -0.08737005405574955,
        "yqstnuAEVhm": -0.15137293796254753
      }
    }
  },
  {
    "kind": "same_scene_other_building",
    "metric": "uncovered",
    "k": 8,
    "scope": "without_uNb",
    "images": 37,
    "families": 31,
    "buildings": 13,
    "MAE": 0.2399114170129479,
    "baseline_MAE": 0.20674352441593277,
    "gain": {
      "n_rows": 37,
      "buildings": 13,
      "mean": -0.03316789259701512,
      "interval95": [
        -0.06578289951786793,
        -0.002399881589915212
      ],
      "per_building": {
        "7y3sRwLe3Va": 0.0641603194688668,
        "B6ByNegPMKs": -0.09378498211081532,
        "S9hNv5qa7GM": -0.0019309365493349329,
        "UwV83HsGsw3": 0.016134586615835708,
        "VFuaQ6m2Qom": -0.0006971722890803389,
        "X7HyMhZNoso": -0.023027538740658104,
        "b8cTxDM8gDG": 0.03302879486525079,
        "e9zR4mvMWw7": -0.07999707468712519,
        "q9vSo1VnCiC": -0.015320458055147665,
        "rPc6DW4iMge": -0.013491839073915334,
        "wc2JMjhGNzB": -0.07751331118677597,
        "x8F5xyUWy9e": -0.08737005405574955,
        "yqstnuAEVhm": -0.15137293796254753
      }
    }
  },
  {
    "kind": "same_scene_other_building",
    "metric": "uncovered",
    "k": 12,
    "scope": "all",
    "images": 71,
    "families": 40,
    "buildings": 14,
    "MAE": 0.21599082229045297,
    "baseline_MAE": 0.18329617328883682,
    "gain": {
      "n_rows": 71,
      "buildings": 14,
      "mean": -0.03269464900161608,
      "interval95": [
        -0.055370342822955665,
        -0.013390939107854544
      ],
      "per_building": {
        "7y3sRwLe3Va": 0.018339478629941564,
        "B6ByNegPMKs": -0.049387366726040806,
        "S9hNv5qa7GM": -0.00984816105387773,
        "UwV83HsGsw3": 0.007897135588360627,
        "VFuaQ6m2Qom": 0.004208235124915971,
        "X7HyMhZNoso": -0.028421843933996827,
        "b8cTxDM8gDG": -0.006520053512523716,
        "e9zR4mvMWw7": -0.043345121648307394,
        "q9vSo1VnCiC": -0.019203415377178432,
        "rPc6DW4iMge": -0.011345193263219389,
        "uNb9QFRL6hY": -0.06495451271211579,
        "wc2JMjhGNzB": -0.06561331098261496,
        "x8F5xyUWy9e": -0.04342673959932711,
        "yqstnuAEVhm": -0.1461042165566412
      }
    }
  },
  {
    "kind": "same_scene_other_building",
    "metric": "uncovered",
    "k": 12,
    "scope": "without_uNb",
    "images": 36,
    "families": 30,
    "buildings": 13,
    "MAE": 0.2096243202143682,
    "baseline_MAE": 0.1794111991904828,
    "gain": {
      "n_rows": 36,
      "buildings": 13,
      "mean": -0.030213121023885334,
      "interval95": [
        -0.05476949333148212,
        -0.010687215957321644
      ],
      "per_building": {
        "7y3sRwLe3Va": 0.018339478629941564,
        "B6ByNegPMKs": -0.049387366726040806,
        "S9hNv5qa7GM": -0.00984816105387773,
        "UwV83HsGsw3": 0.007897135588360627,
        "VFuaQ6m2Qom": 0.004208235124915971,
        "X7HyMhZNoso": -0.028421843933996827,
        "b8cTxDM8gDG": -0.006520053512523716,
        "e9zR4mvMWw7": -0.043345121648307394,
        "q9vSo1VnCiC": -0.019203415377178432,
        "rPc6DW4iMge": -0.011345193263219389,
        "wc2JMjhGNzB": -0.06561331098261496,
        "x8F5xyUWy9e": -0.04342673959932711,
        "yqstnuAEVhm": -0.1461042165566412
      }
    }
  },
  {
    "kind": "same_scene_other_building",
    "metric": "uncovered",
    "k": 15,
    "scope": "all",
    "images": 54,
    "families": 40,
    "buildings": 14,
    "MAE": 0.20121794124474052,
    "baseline_MAE": 0.16773020650023765,
    "gain": {
      "n_rows": 54,
      "buildings": 14,
      "mean": -0.03348773474450288,
      "interval95": [
        -0.05811528698927125,
        -0.010217770646077656
      ],
      "per_building": {
        "7y3sRwLe3Va": 0.03895107686223101,
        "B6ByNegPMKs": -0.06628096461733865,
        "S9hNv5qa7GM": -0.010557406448302845,
        "UwV83HsGsw3": 0.01663113407926359,
        "VFuaQ6m2Qom": 0.025002452590893592,
        "X7HyMhZNoso": -0.04618602178982456,
        "b8cTxDM8gDG": 0.0154807002144135,
        "e9zR4mvMWw7": -0.061947527239974376,
        "q9vSo1VnCiC": -0.03211844553164837,
        "rPc6DW4iMge": -0.02320706049518798,
        "uNb9QFRL6hY": -0.06530464413226784,
        "wc2JMjhGNzB": -0.05400596148489701,
        "x8F5xyUWy9e": -0.06151210651469852,
        "yqstnuAEVhm": -0.14377351191570192
      }
    }
  },
  {
    "kind": "same_scene_other_building",
    "metric": "uncovered",
    "k": 15,
    "scope": "without_uNb",
    "images": 36,
    "families": 30,
    "buildings": 13,
    "MAE": 0.19466869754218094,
    "baseline_MAE": 0.16362841736596764,
    "gain": {
      "n_rows": 36,
      "buildings": 13,
      "mean": -0.031040280176213273,
      "interval95": [
        -0.05779349851558883,
        -0.006008284281361073
      ],
      "per_building": {
        "7y3sRwLe3Va": 0.03895107686223101,
        "B6ByNegPMKs": -0.06628096461733865,
        "S9hNv5qa7GM": -0.010557406448302845,
        "UwV83HsGsw3": 0.01663113407926359,
        "VFuaQ6m2Qom": 0.025002452590893592,
        "X7HyMhZNoso": -0.04618602178982456,
        "b8cTxDM8gDG": 0.0154807002144135,
        "e9zR4mvMWw7": -0.061947527239974376,
        "q9vSo1VnCiC": -0.03211844553164837,
        "rPc6DW4iMge": -0.02320706049518798,
        "wc2JMjhGNzB": -0.05400596148489701,
        "x8F5xyUWy9e": -0.06151210651469852,
        "yqstnuAEVhm": -0.14377351191570192
      }
    }
  },
  {
    "kind": "same_scene_other_building",
    "metric": "uncovered",
    "k": 18,
    "scope": "all",
    "images": 45,
    "families": 37,
    "buildings": 12,
    "MAE": 0.20975817876010475,
    "baseline_MAE": 0.1682190462063943,
    "gain": {
      "n_rows": 45,
      "buildings": 12,
      "mean": -0.04153913255371047,
      "interval95": [
        -0.06913534796428215,
        -0.01635665866798241
      ],
      "per_building": {
        "7y3sRwLe3Va": 0.03739353774302806,
        "B6ByNegPMKs": -0.060843077920777124,
        "UwV83HsGsw3": -0.009656406013086382,
        "X7HyMhZNoso": -0.03207448485568934,
        "b8cTxDM8gDG": 0.01704984653913305,
        "e9zR4mvMWw7": -0.058520176804449764,
        "q9vSo1VnCiC": -0.021256817333788435,
        "rPc6DW4iMge": -0.038223531124893725,
        "uNb9QFRL6hY": -0.06975910947819103,
        "wc2JMjhGNzB": -0.050564925659059214,
        "x8F5xyUWy9e": -0.05824462967015498,
        "yqstnuAEVhm": -0.15376981606659682
      }
    }
  },
  {
    "kind": "same_scene_other_building",
    "metric": "uncovered",
    "k": 18,
    "scope": "without_uNb",
    "images": 32,
    "families": 27,
    "buildings": 11,
    "MAE": 0.20384521935603167,
    "baseline_MAE": 0.1648715392500013,
    "gain": {
      "n_rows": 32,
      "buildings": 11,
      "mean": -0.038973680106030424,
      "interval95": [
        -0.06864451704432316,
        -0.012354953434657803
      ],
      "per_building": {
        "7y3sRwLe3Va": 0.03739353774302806,
        "B6ByNegPMKs": -0.060843077920777124,
        "UwV83HsGsw3": -0.009656406013086382,
        "X7HyMhZNoso": -0.03207448485568934,
        "b8cTxDM8gDG": 0.01704984653913305,
        "e9zR4mvMWw7": -0.058520176804449764,
        "q9vSo1VnCiC": -0.021256817333788435,
        "rPc6DW4iMge": -0.038223531124893725,
        "wc2JMjhGNzB": -0.050564925659059214,
        "x8F5xyUWy9e": -0.05824462967015498,
        "yqstnuAEVhm": -0.15376981606659682
      }
    }
  },
  {
    "kind": "same_scene_other_building",
    "metric": "uncovered",
    "k": 20,
    "scope": "all",
    "images": 41,
    "families": 35,
    "buildings": 12,
    "MAE": 0.2013744602359865,
    "baseline_MAE": 0.15918843469614422,
    "gain": {
      "n_rows": 41,
      "buildings": 12,
      "mean": -0.04218602553984225,
      "interval95": [
        -0.06913899615622432,
        -0.016469745433891844
      ],
      "per_building": {
        "7y3sRwLe3Va": 0.040676938070712765,
        "B6ByNegPMKs": -0.06307999888780523,
        "UwV83HsGsw3": -0.00950927137933067,
        "X7HyMhZNoso": -0.03691814745421468,
        "b8cTxDM8gDG": 0.02094088708466174,
        "e9zR4mvMWw7": -0.060825190308886,
        "q9vSo1VnCiC": -0.024831043828079404,
        "rPc6DW4iMge": -0.040904025432187484,
        "uNb9QFRL6hY": -0.07634464023112737,
        "wc2JMjhGNzB": -0.04702497994247006,
        "x8F5xyUWy9e": -0.060627942087922354,
        "yqstnuAEVhm": -0.14778489208145829
      }
    }
  },
  {
    "kind": "same_scene_other_building",
    "metric": "uncovered",
    "k": 20,
    "scope": "without_uNb",
    "images": 32,
    "families": 27,
    "buildings": 11,
    "MAE": 0.19628514998944843,
    "baseline_MAE": 0.15720445305790476,
    "gain": {
      "n_rows": 32,
      "buildings": 11,
      "mean": -0.03908069693154361,
      "interval95": [
        -0.06794440528105863,
        -0.01197104543228756
      ],
      "per_building": {
        "7y3sRwLe3Va": 0.040676938070712765,
        "B6ByNegPMKs": -0.06307999888780523,
        "UwV83HsGsw3": -0.00950927137933067,
        "X7HyMhZNoso": -0.03691814745421468,
        "b8cTxDM8gDG": 0.02094088708466174,
        "e9zR4mvMWw7": -0.060825190308886,
        "q9vSo1VnCiC": -0.024831043828079404,
        "rPc6DW4iMge": -0.040904025432187484,
        "wc2JMjhGNzB": -0.04702497994247006,
        "x8F5xyUWy9e": -0.060627942087922354,
        "yqstnuAEVhm": -0.14778489208145829
      }
    }
  }
]
FEATURES [
  {
    "metric": "pair_disagreement",
    "k": 0,
    "feature_set": "model_corner_counts",
    "MAE": 0.24949144467390627,
    "baseline_MAE": 0.3154113752207973,
    "gain": {
      "n_rows": 143,
      "buildings": 20,
      "mean": 0.06591993054689108,
      "interval95": [
        0.02746612185215742,
        0.09890121763412683
      ],
      "per_building": {
        "7y3sRwLe3Va": 0.10093593717093553,
        "B6ByNegPMKs": 0.07407974879484089,
        "S9hNv5qa7GM": 0.0,
        "UwV83HsGsw3": 0.05334017424015264,
        "VFuaQ6m2Qom": 0.17923270188255994,
        "X7HyMhZNoso": 0.1507859223864689,
        "Z6MFQCViBuw": 0.1234110594039362,
        "b8cTxDM8gDG": 0.08082689874697618,
        "e9zR4mvMWw7": 0.07235676882027496,
        "jh4fc5c5qoQ": 0.07972393025385105,
        "jtcxE69GiFV": 0.01238219633055455,
        "pRbA3pwrgk9": 0.17797617383833395,
        "pa4otMbVnkk": -0.11573024377977714,
        "q9vSo1VnCiC": 0.11010029746054834,
        "rPc6DW4iMge": 0.1339852303659734,
        "uNb9QFRL6hY": 0.05661455184671343,
        "wc2JMjhGNzB": 0.08561587013211183,
        "x8F5xyUWy9e": 0.017229600621350982,
        "yqstnuAEVhm": 0.08294761912659968,
        "zsNo4HB9uLZ": -0.15741582670458382
      }
    }
  },
  {
    "metric": "pair_disagreement",
    "k": 0,
    "feature_set": "model_corners_and_gaps",
    "MAE": 0.2167908114938811,
    "baseline_MAE": 0.3154113752207973,
    "gain": {
      "n_rows": 143,
      "buildings": 20,
      "mean": 0.09862056372691623,
      "interval95": [
        0.05671460084434006,
        0.14053363733480584
      ],
      "per_building": {
        "7y3sRwLe3Va": 0.06878836187967535,
        "B6ByNegPMKs": 0.08057121115285956,
        "S9hNv5qa7GM": -0.00440106632289522,
        "UwV83HsGsw3": 0.04724788356057015,
        "VFuaQ6m2Qom": 0.24095386114575468,
        "X7HyMhZNoso": 0.13655130456406367,
        "Z6MFQCViBuw": 0.17016911284114197,
        "b8cTxDM8gDG": 0.10575629543043358,
        "e9zR4mvMWw7": 0.0903152607085502,
        "jh4fc5c5qoQ": 0.05573057551821364,
        "jtcxE69GiFV": 0.05984348573341887,
        "pRbA3pwrgk9": 0.1950844857765994,
        "pa4otMbVnkk": 0.33955528486146935,
        "q9vSo1VnCiC": 0.12099350389032579,
        "rPc6DW4iMge": 0.14085818005124032,
        "uNb9QFRL6hY": 0.06139309326844645,
        "wc2JMjhGNzB": 0.09772749661768101,
        "x8F5xyUWy9e": 0.03344819320077737,
        "yqstnuAEVhm": 0.0843663965625141,
        "zsNo4HB9uLZ": -0.15254164590251573
      }
    }
  },
  {
    "metric": "uncovered",
    "k": 5,
    "feature_set": "model_corner_counts",
    "MAE": 0.18593323983715837,
    "baseline_MAE": 0.28881886640827115,
    "gain": {
      "n_rows": 67,
      "buildings": 17,
      "mean": 0.10288562657111282,
      "interval95": [
        0.045306993530155,
        0.16162812223975898
      ],
      "per_building": {
        "7y3sRwLe3Va": 0.13365567681711515,
        "B6ByNegPMKs": 0.13389856618620413,
        "S9hNv5qa7GM": 0.0,
        "UwV83HsGsw3": 0.09453181430961459,
        "VFuaQ6m2Qom": -0.11920154107306524,
        "X7HyMhZNoso": 0.23660962785101713,
        "b8cTxDM8gDG": 0.1055579782709462,
        "e9zR4mvMWw7": -0.05220762142109697,
        "jh4fc5c5qoQ": 0.3867138753714765,
        "jtcxE69GiFV": -0.09479673609815009,
        "pRbA3pwrgk9": 0.24112765357623173,
        "q9vSo1VnCiC": 0.17602846329696867,
        "rPc6DW4iMge": 0.17679914237609598,
        "uNb9QFRL6hY": 0.1019941792102876,
        "wc2JMjhGNzB": 0.07683465271228347,
        "x8F5xyUWy9e": 0.028351910855920703,
        "yqstnuAEVhm": 0.12315800946706859
      }
    }
  },
  {
    "metric": "uncovered",
    "k": 5,
    "feature_set": "model_corners_and_gaps",
    "MAE": 0.15402918212105798,
    "baseline_MAE": 0.28881886640827115,
    "gain": {
      "n_rows": 67,
      "buildings": 17,
      "mean": 0.13478968428721316,
      "interval95": [
        0.07916182754109724,
        0.19312483182412638
      ],
      "per_building": {
        "7y3sRwLe3Va": 0.09942584777505822,
        "B6ByNegPMKs": 0.1688591472783929,
        "S9hNv5qa7GM": -0.00418212466163323,
        "UwV83HsGsw3": 0.10887742557998226,
        "VFuaQ6m2Qom": -0.028395031949180027,
        "X7HyMhZNoso": 0.3017030705732283,
        "b8cTxDM8gDG": 0.07608472206244626,
        "e9zR4mvMWw7": -0.08670651273894159,
        "jh4fc5c5qoQ": 0.4315028734270492,
        "jtcxE69GiFV": 0.1062132257878402,
        "pRbA3pwrgk9": 0.17136560539083573,
        "q9vSo1VnCiC": 0.2508730556200325,
        "rPc6DW4iMge": 0.2401846222154104,
        "uNb9QFRL6hY": 0.09410357954288803,
        "wc2JMjhGNzB": 0.08136932311994263,
        "x8F5xyUWy9e": 0.123426219420118,
        "yqstnuAEVhm": 0.156719584439154
      }
    }
  },
  {
    "metric": "uncovered",
    "k": 8,
    "feature_set": "model_corner_counts",
    "MAE": 0.1289105016623772,
    "baseline_MAE": 0.22017566052450818,
    "gain": {
      "n_rows": 64,
      "buildings": 15,
      "mean": 0.09126515886213098,
      "interval95": [
        0.041153492002160945,
        0.1375387305204733
      ],
      "per_building": {
        "7y3sRwLe3Va": 0.13299476119057382,
        "B6ByNegPMKs": 0.09679070886574964,
        "S9hNv5qa7GM": 1.3877787807814457e-17,
        "UwV83HsGsw3": 0.10442722403975042,
        "VFuaQ6m2Qom": -0.13817228761677625,
        "X7HyMhZNoso": 0.19729626605812106,
        "b8cTxDM8gDG": 0.09671194123372924,
        "e9zR4mvMWw7": 0.002257106993585334,
        "pRbA3pwrgk9": 0.29871241125649545,
        "q9vSo1VnCiC": 0.1087589592414802,
        "rPc6DW4iMge": 0.19089283763144335,
        "uNb9QFRL6hY": 0.09018251101004963,
        "wc2JMjhGNzB": 0.06848138783708824,
        "x8F5xyUWy9e": 0.011227460478112128,
        "yqstnuAEVhm": 0.1084160947125625
      }
    }
  },
  {
    "metric": "uncovered",
    "k": 8,
    "feature_set": "model_corners_and_gaps",
    "MAE": 0.1277360501549678,
    "baseline_MAE": 0.22017566052450818,
    "gain": {
      "n_rows": 64,
      "buildings": 15,
      "mean": 0.09243961036954039,
      "interval95": [
        0.04641216763558617,
        0.13410469420645088
      ],
      "per_building": {
        "7y3sRwLe3Va": 0.14010622578011758,
        "B6ByNegPMKs": 0.1069803006167092,
        "S9hNv5qa7GM": -0.011494813386704009,
        "UwV83HsGsw3": 0.10311699383726626,
        "VFuaQ6m2Qom": -0.10639160897558197,
        "X7HyMhZNoso": 0.20655707081604965,
        "b8cTxDM8gDG": 0.0836523116275781,
        "e9zR4mvMWw7": -0.04498838032357183,
        "pRbA3pwrgk9": 0.19030675718593587,
        "q9vSo1VnCiC": 0.14204665130553637,
        "rPc6DW4iMge": 0.21332781377867827,
        "uNb9QFRL6hY": 0.08980465143421167,
        "wc2JMjhGNzB": 0.07305488665932904,
        "x8F5xyUWy9e": 0.042679038135765235,
        "yqstnuAEVhm": 0.1578362570517863
      }
    }
  }
]
