      cohort           reference_set  cap  rows  images  workers  buildings  continuous_record_gain  continuous_building_gain  coarse_record_gain  coarse_building_gain
       all26 all_accepted_references   30  1464     147       26         22                0.189933                  0.122397            0.044881             -0.020201
       all26 all_accepted_references   60  1464     147       26         22                0.162939                  0.076758            0.036063             -0.053825
       all26 reviewed_reference_only   30   820      38       26         11                0.260894                  0.243490            0.067163              0.044780
       all26 reviewed_reference_only   60   820      38       26         11                0.241149                  0.225315            0.066892              0.045867
   current20 all_accepted_references   30  1247     147       20         22                0.083884                  0.033835            0.034145              0.004233
   current20 all_accepted_references   60  1247     147       20         22                0.071500                  0.000673            0.032715             -0.007618
   current20 reviewed_reference_only   30   666      38       20         11                0.119893                  0.084311            0.035181              0.011915
   current20 reviewed_reference_only   60   666      38       20         11                0.120172                  0.088160            0.044282              0.022152
without19_26 all_accepted_references   30  1434     147       24         22                0.089356                  0.048779            0.048308              0.029527
without19_26 all_accepted_references   60  1434     147       24         22                0.070784                  0.009605            0.037964              0.006287
without19_26 reviewed_reference_only   30   790      38       24         11                0.117663                  0.107164            0.050913              0.039448
without19_26 reviewed_reference_only   60   790      38       24         11                0.105063                  0.092188            0.068830              0.068442
   cohort                pool  cap               outcome  rows  images  workers  buildings  linear_vs_zero_gain  quadratic_vs_zero_gain  layer_vs_zero_gain  semi_vs_zero_gain  layer_vs_manual_quadratic_gain  continuous_semi_vs_layer_gain  delta_MSE  conditional_low  conditional_high  buildings_improved
current20 all_initializations   30                  edit   453      43       20         12             0.076888                0.123219            0.301455           0.342421                        0.203285                       0.058644  -2.029960        -3.992768         -0.282576                  10
current20 all_initializations   30 final_via_edit_labels   425      40       20         12             0.041253                0.048951            0.077674           0.146824                        0.030201                       0.074974  -0.302064        -0.913016          0.259153                   8
current20 all_initializations   60                  edit   453      43       20         12             0.054825                0.092822            0.212351           0.237511                        0.131760                       0.031942  -4.589638       -10.655581          1.574803                   9
current20 all_initializations   60 final_via_edit_labels   425      40       20         12             0.022619                0.026257            0.057506           0.095255                        0.032092                       0.040052  -1.205023        -4.482804          1.896934                   8
current20   without_synthetic   30                  edit   333      37       20         12             0.053387                0.093735            0.197071           0.308015                        0.114023                       0.138174  -1.306848        -3.628268          0.471751                   8
current20   without_synthetic   30 final_via_edit_labels   325      35       20         12             0.038164                0.059941            0.003116           0.099706                       -0.060449                       0.096892   0.664372        -0.218888          2.020565                   6
current20   without_synthetic   60                  edit   333      37       20         12             0.038258                0.072573            0.131512           0.220574                        0.063552                       0.102548  -2.600361        -9.913602          3.871511                   8
current20   without_synthetic   60 final_via_edit_labels   325      35       20         12             0.022254                0.037765            0.000598           0.030767                       -0.038626                       0.030188   1.623192        -0.069381          3.446414                   3
WORKER DONE
