PERSONNEL old-axis refit 2t7WUuJeko7
PERSONNEL old-axis refit 7y3sRwLe3Va
PERSONNEL old-axis refit B6ByNegPMKs
PERSONNEL old-axis refit S9hNv5qa7GM
PERSONNEL old-axis refit UwV83HsGsw3
PERSONNEL old-axis refit VFuaQ6m2Qom
PERSONNEL old-axis refit VLzqgDo317F
PERSONNEL old-axis refit X7HyMhZNoso
PERSONNEL old-axis refit Z6MFQCViBuw
PERSONNEL old-axis refit b8cTxDM8gDG
PERSONNEL old-axis refit e9zR4mvMWw7
PERSONNEL old-axis refit jh4fc5c5qoQ
PERSONNEL old-axis refit jtcxE69GiFV
PERSONNEL old-axis refit pRbA3pwrgk9
PERSONNEL old-axis refit pa4otMbVnkk
PERSONNEL old-axis refit q9vSo1VnCiC
PERSONNEL old-axis refit rPc6DW4iMge
PERSONNEL old-axis refit uNb9QFRL6hY
PERSONNEL old-axis refit wc2JMjhGNzB
PERSONNEL old-axis refit x8F5xyUWy9e
PERSONNEL old-axis refit yqstnuAEVhm
PERSONNEL old-axis refit zsNo4HB9uLZ
PERSONNEL geometry refit 2t7WUuJeko7
PERSONNEL geometry refit 7y3sRwLe3Va
PERSONNEL geometry refit B6ByNegPMKs
PERSONNEL geometry refit S9hNv5qa7GM
PERSONNEL geometry refit UwV83HsGsw3
PERSONNEL geometry refit VFuaQ6m2Qom
PERSONNEL geometry refit VLzqgDo317F
PERSONNEL geometry refit X7HyMhZNoso
PERSONNEL geometry refit Z6MFQCViBuw
PERSONNEL geometry refit b8cTxDM8gDG
PERSONNEL geometry refit e9zR4mvMWw7
PERSONNEL geometry refit jh4fc5c5qoQ
PERSONNEL geometry refit jtcxE69GiFV
PERSONNEL geometry refit pRbA3pwrgk9
PERSONNEL geometry refit pa4otMbVnkk
PERSONNEL geometry refit q9vSo1VnCiC
PERSONNEL geometry refit rPc6DW4iMge
PERSONNEL geometry refit uNb9QFRL6hY
PERSONNEL geometry refit wc2JMjhGNzB
PERSONNEL geometry refit x8F5xyUWy9e
PERSONNEL geometry refit yqstnuAEVhm
PERSONNEL geometry refit zsNo4HB9uLZ
PERSONNEL four-person enumeration 7y3sRwLe3Va-04 4845
PERSONNEL four-person enumeration B6ByNegPMKs-11 4845
PERSONNEL four-person enumeration B6ByNegPMKs-33 3876
PERSONNEL four-person enumeration B6ByNegPMKs-40 4845
PERSONNEL four-person enumeration S9hNv5qa7GM-01 1365
PERSONNEL four-person enumeration S9hNv5qa7GM-15 1820
PERSONNEL four-person enumeration UwV83HsGsw3-09 4845
PERSONNEL four-person enumeration UwV83HsGsw3-10 4845
PERSONNEL four-person enumeration UwV83HsGsw3-17 3876
PERSONNEL four-person enumeration VFuaQ6m2Qom-07 1365
PERSONNEL four-person enumeration X7HyMhZNoso-13 4845
PERSONNEL four-person enumeration b8cTxDM8gDG-04 4845
PERSONNEL four-person enumeration e9zR4mvMWw7-19 4845
PERSONNEL four-person enumeration q9vSo1VnCiC-02 4845
PERSONNEL four-person enumeration q9vSo1VnCiC-13 3876
PERSONNEL four-person enumeration q9vSo1VnCiC-23 4845
PERSONNEL four-person enumeration q9vSo1VnCiC-32 4845
PERSONNEL four-person enumeration rPc6DW4iMge-01 3876
PERSONNEL four-person enumeration rPc6DW4iMge-06 4845
PERSONNEL four-person enumeration rPc6DW4iMge-09 4845
PERSONNEL four-person enumeration rPc6DW4iMge-15 3876
PERSONNEL four-person enumeration rPc6DW4iMge-20 4845
PERSONNEL four-person enumeration rPc6DW4iMge-22 4845
PERSONNEL four-person enumeration uNb9QFRL6hY-06 4845
PERSONNEL four-person enumeration uNb9QFRL6hY-08 3876
PERSONNEL four-person enumeration uNb9QFRL6hY-21 2380
PERSONNEL four-person enumeration uNb9QFRL6hY-25 3876
PERSONNEL four-person enumeration uNb9QFRL6hY-45 3876
PERSONNEL four-person enumeration uNb9QFRL6hY-47 3060
PERSONNEL four-person enumeration uNb9QFRL6hY-50 3876
PERSONNEL four-person enumeration uNb9QFRL6hY-60 2380
PERSONNEL four-person enumeration uNb9QFRL6hY-63 4845
PERSONNEL four-person enumeration uNb9QFRL6hY-65 4845
PERSONNEL four-person enumeration uNb9QFRL6hY-70 4845
PERSONNEL four-person enumeration wc2JMjhGNzB-15 4845
PERSONNEL four-person enumeration wc2JMjhGNzB-53 3876
PERSONNEL four-person enumeration wc2JMjhGNzB-59 4845
PERSONNEL four-person enumeration wc2JMjhGNzB-60 3876
PERSONNEL four-person enumeration x8F5xyUWy9e-09 4845
PERSONNEL four-person enumeration yqstnuAEVhm-04 3876
PERSONNEL four-person enumeration yqstnuAEVhm-25 3876
PERSONNEL four-person enumeration yqstnuAEVhm-26 4845
PERSONNEL four-person enumeration yqstnuAEVhm-31 1820
PERSONNEL four-person enumeration yqstnuAEVhm-32 4845
PERSONNEL four-person enumeration yqstnuAEVhm-34 4845
PERSONNEL COMPLETE
