PERSONNEL PREFIX 2 7y3sRwLe3Va-04 6 63
PERSONNEL PREFIX 1 7y3sRwLe3Va-04 7 127
PERSONNEL PREFIX 5 7y3sRwLe3Va-04 6 63
PERSONNEL PREFIX 6 7y3sRwLe3Va-04 6 63
PERSONNEL PREFIX 7 7y3sRwLe3Va-04 6 63
PERSONNEL PREFIX 0 7y3sRwLe3Va-04 10 707
PERSONNEL PREFIX 4 7y3sRwLe3Va-04 11 976
PERSONNEL PREFIX 10 7y3sRwLe3Va-04 2 3
PERSONNEL PREFIX 11 7y3sRwLe3Va-04 3 7
PERSONNEL PREFIX 12 7y3sRwLe3Va-04 7 127
PERSONNEL PREFIX 3 7y3sRwLe3Va-04 12 1290
PERSONNEL PREFIX 13 7y3sRwLe3Va-04 9 440
PERSONNEL PREFIX 15 7y3sRwLe3Va-08 7 127
PERSONNEL PREFIX 16 7y3sRwLe3Va-08 6 63
PERSONNEL PREFIX 14 7y3sRwLe3Va-08 10 707
PERSONNEL PREFIX 9 7y3sRwLe3Va-04 16 2341
PERSONNEL PREFIX 19 7y3sRwLe3Va-08 6 63
PERSONNEL PREFIX 8 7y3sRwLe3Va-04 18 2785
PERSONNEL PREFIX 20 7y3sRwLe3Va-08 6 63
PERSONNEL PREFIX 21 7y3sRwLe3Va-08 6 63
PERSONNEL PREFIX 18 7y3sRwLe3Va-08 11 976
PERSONNEL PREFIX 24 7y3sRwLe3Va-08 2 3
PERSONNEL PREFIX 25 7y3sRwLe3Va-08 3 7
PERSONNEL PREFIX 17 7y3sRwLe3Va-08 12 1290
PERSONNEL PREFIX 26 7y3sRwLe3Va-08 7 127
PERSONNEL PREFIX 27 7y3sRwLe3Va-08 9 440
PERSONNEL PREFIX 29 7y3sRwLe3Va-12 7 127
PERSONNEL PREFIX 30 7y3sRwLe3Va-12 5 31
PERSONNEL PREFIX 28 7y3sRwLe3Va-12 10 707
PERSONNEL PREFIX 32 7y3sRwLe3Va-12 10 683
PERSONNEL PREFIX 33 7y3sRwLe3Va-12 6 63
PERSONNEL PREFIX 34 7y3sRwLe3Va-12 6 63
PERSONNEL PREFIX 35 7y3sRwLe3Va-12 6 63
PERSONNEL PREFIX 31 7y3sRwLe3Va-12 12 1290
PERSONNEL PREFIX 23 7y3sRwLe3Va-08 16 2341
PERSONNEL PREFIX 38 7y3sRwLe3Va-12 3 7
PERSONNEL PREFIX 39 7y3sRwLe3Va-12 7 127
PERSONNEL PREFIX 40 7y3sRwLe3Va-12 8 242
PERSONNEL PREFIX 22 7y3sRwLe3Va-08 18 2785
PERSONNEL PREFIX 42 7y3sRwLe3Va-13 7 127
PERSONNEL PREFIX 41 7y3sRwLe3Va-13 10 707
PERSONNEL PREFIX 43 7y3sRwLe3Va-13 6 63
PERSONNEL PREFIX 37 7y3sRwLe3Va-12 16 2341
PERSONNEL PREFIX 46 7y3sRwLe3Va-13 6 63
PERSONNEL PREFIX 45 7y3sRwLe3Va-13 11 976
PERSONNEL PREFIX 47 7y3sRwLe3Va-13 6 63
PERSONNEL PREFIX 48 7y3sRwLe3Va-13 6 63
PERSONNEL PREFIX 44 7y3sRwLe3Va-13 12 1290
PERSONNEL PREFIX 51 7y3sRwLe3Va-13 2 3
PERSONNEL PREFIX 36 7y3sRwLe3Va-12 17 2570
PERSONNEL PREFIX 52 7y3sRwLe3Va-13 3 7
PERSONNEL PREFIX 53 7y3sRwLe3Va-13 7 127
PERSONNEL PREFIX 54 7y3sRwLe3Va-13 9 440
PERSONNEL PREFIX 56 B6ByNegPMKs-10 7 127
PERSONNEL PREFIX 57 B6ByNegPMKs-10 6 63
PERSONNEL PREFIX 55 B6ByNegPMKs-10 10 707
PERSONNEL PREFIX 59 B6ByNegPMKs-10 9 442
PERSONNEL PREFIX 60 B6ByNegPMKs-10 7 127
PERSONNEL PREFIX 61 B6ByNegPMKs-10 7 126
PERSONNEL PREFIX 62 B6ByNegPMKs-10 6 63
PERSONNEL PREFIX 50 7y3sRwLe3Va-13 16 2341
PERSONNEL PREFIX 58 B6ByNegPMKs-10 14 1825
PERSONNEL PREFIX 65 B6ByNegPMKs-10 5 31
PERSONNEL PREFIX 66 B6ByNegPMKs-10 3 7
PERSONNEL PREFIX 67 B6ByNegPMKs-10 7 127
PERSONNEL PREFIX 49 7y3sRwLe3Va-13 18 2785
PERSONNEL PREFIX 68 B6ByNegPMKs-10 9 440
PERSONNEL PREFIX 70 B6ByNegPMKs-11 7 127
PERSONNEL PREFIX 71 B6ByNegPMKs-11 6 63
PERSONNEL PREFIX 69 B6ByNegPMKs-11 10 707
PERSONNEL PREFIX 64 B6ByNegPMKs-10 13 1584
PERSONNEL PREFIX 74 B6ByNegPMKs-11 7 127
PERSONNEL PREFIX 75 B6ByNegPMKs-11 7 126
PERSONNEL PREFIX 76 B6ByNegPMKs-11 6 63
PERSONNEL PREFIX 73 B6ByNegPMKs-11 9 442
PERSONNEL PREFIX 63 B6ByNegPMKs-10 18 2785
PERSONNEL PREFIX 79 B6ByNegPMKs-11 5 31
PERSONNEL PREFIX 72 B6ByNegPMKs-11 14 1825
PERSONNEL PREFIX 80 B6ByNegPMKs-11 3 7
PERSONNEL PREFIX 81 B6ByNegPMKs-11 7 127
PERSONNEL PREFIX 82 B6ByNegPMKs-11 9 440
PERSONNEL PREFIX 84 B6ByNegPMKs-22 7 127
PERSONNEL PREFIX 78 B6ByNegPMKs-11 13 1584
PERSONNEL PREFIX 85 B6ByNegPMKs-22 6 63
PERSONNEL PREFIX 83 B6ByNegPMKs-22 10 707
PERSONNEL PREFIX 88 B6ByNegPMKs-22 7 127
PERSONNEL PREFIX 87 B6ByNegPMKs-22 9 442
PERSONNEL PREFIX 90 B6ByNegPMKs-22 6 63
PERSONNEL PREFIX 89 B6ByNegPMKs-22 7 126
PERSONNEL PREFIX 77 B6ByNegPMKs-11 18 2785
PERSONNEL PREFIX 93 B6ByNegPMKs-22 5 31
PERSONNEL PREFIX 94 B6ByNegPMKs-22 3 7
PERSONNEL PREFIX 86 B6ByNegPMKs-22 14 1825
PERSONNEL PREFIX 95 B6ByNegPMKs-22 7 127
PERSONNEL PREFIX 96 B6ByNegPMKs-22 9 440
PERSONNEL PREFIX 92 B6ByNegPMKs-22 13 1584
PERSONNEL PREFIX 97 B6ByNegPMKs-33 9 448
PERSONNEL PREFIX 99 B6ByNegPMKs-33 6 63
PERSONNEL PREFIX 98 B6ByNegPMKs-33 7 127
PERSONNEL PREFIX 102 B6ByNegPMKs-33 7 127
PERSONNEL PREFIX 101 B6ByNegPMKs-33 8 248
PERSONNEL PREFIX 103 B6ByNegPMKs-33 7 126
PERSONNEL PREFIX 104 B6ByNegPMKs-33 6 63
PERSONNEL PREFIX 91 B6ByNegPMKs-22 18 2785
PERSONNEL PREFIX 107 B6ByNegPMKs-33 5 31
PERSONNEL PREFIX 108 B6ByNegPMKs-33 3 7
PERSONNEL PREFIX 109 B6ByNegPMKs-33 6 63
PERSONNEL PREFIX 106 B6ByNegPMKs-33 12 1288
PERSONNEL PREFIX 110 B6ByNegPMKs-33 9 440
PERSONNEL PREFIX 100 B6ByNegPMKs-33 14 1825
PERSONNEL PREFIX 112 B6ByNegPMKs-40 7 127
PERSONNEL PREFIX 113 B6ByNegPMKs-40 6 63
PERSONNEL PREFIX 111 B6ByNegPMKs-40 10 707
PERSONNEL PREFIX 115 B6ByNegPMKs-40 9 442
PERSONNEL PREFIX 116 B6ByNegPMKs-40 7 127
PERSONNEL PREFIX 117 B6ByNegPMKs-40 7 126
PERSONNEL PREFIX 118 B6ByNegPMKs-40 6 63
PERSONNEL PREFIX 105 B6ByNegPMKs-33 17 2551
PERSONNEL PREFIX 121 B6ByNegPMKs-40 5 31
PERSONNEL PREFIX 122 B6ByNegPMKs-40 3 7
PERSONNEL PREFIX 123 B6ByNegPMKs-40 7 127
PERSONNEL PREFIX 114 B6ByNegPMKs-40 14 1825
PERSONNEL PREFIX 124 B6ByNegPMKs-40 9 440
PERSONNEL PREFIX 126 S9hNv5qa7GM-01 2 3
PERSONNEL PREFIX 125 S9hNv5qa7GM-01 7 127
PERSONNEL PREFIX 120 B6ByNegPMKs-40 13 1584
PERSONNEL PREFIX 128 S9hNv5qa7GM-01 9 442
PERSONNEL PREFIX 130 S9hNv5qa7GM-01 3 7
PERSONNEL PREFIX 131 S9hNv5qa7GM-01 6 63
PERSONNEL PREFIX 132 S9hNv5qa7GM-01 2 3
PERSONNEL PREFIX 127 S9hNv5qa7GM-01 10 713
PERSONNEL PREFIX 129 S9hNv5qa7GM-01 10 688
PERSONNEL PREFIX 135 S9hNv5qa7GM-01 2 3
PERSONNEL PREFIX 136 S9hNv5qa7GM-01 5 31
PERSONNEL PREFIX 137 S9hNv5qa7GM-01 8 247
PERSONNEL PREFIX 119 B6ByNegPMKs-40 18 2785
PERSONNEL PREFIX 139 S9hNv5qa7GM-15 2 3
PERSONNEL PREFIX 138 S9hNv5qa7GM-15 8 248
PERSONNEL PREFIX 140 S9hNv5qa7GM-15 10 713
PERSONNEL PREFIX 141 S9hNv5qa7GM-15 10 700
PERSONNEL PREFIX 143 S9hNv5qa7GM-15 4 15
PERSONNEL PREFIX 144 S9hNv5qa7GM-15 6 63
PERSONNEL PREFIX 145 S9hNv5qa7GM-15 3 7
PERSONNEL PREFIX 142 S9hNv5qa7GM-15 10 688
PERSONNEL PREFIX 134 S9hNv5qa7GM-01 15 2084
PERSONNEL PREFIX 148 S9hNv5qa7GM-15 2 3
PERSONNEL PREFIX 149 S9hNv5qa7GM-15 5 31
PERSONNEL PREFIX 150 S9hNv5qa7GM-15 9 440
PERSONNEL PREFIX 133 S9hNv5qa7GM-01 17 2548
PERSONNEL PREFIX 152 UwV83HsGsw3-06 3 7
PERSONNEL PREFIX 151 UwV83HsGsw3-06 10 707
PERSONNEL PREFIX 147 S9hNv5qa7GM-15 15 2084
PERSONNEL PREFIX 153 UwV83HsGsw3-06 10 713
PERSONNEL PREFIX 156 UwV83HsGsw3-06 6 63
PERSONNEL PREFIX 146 S9hNv5qa7GM-15 17 2548
PERSONNEL PREFIX 157 UwV83HsGsw3-06 7 126
PERSONNEL PREFIX 158 UwV83HsGsw3-06 6 63
PERSONNEL PREFIX 155 UwV83HsGsw3-06 10 688
PERSONNEL PREFIX 161 UwV83HsGsw3-06 2 3
PERSONNEL PREFIX 162 UwV83HsGsw3-06 9 445
PERSONNEL PREFIX 163 UwV83HsGsw3-06 7 127
PERSONNEL PREFIX 154 UwV83HsGsw3-06 13 1563
PERSONNEL PREFIX 165 UwV83HsGsw3-08 3 7
PERSONNEL PREFIX 164 UwV83HsGsw3-08 9 455
PERSONNEL PREFIX 166 UwV83HsGsw3-08 10 713
PERSONNEL PREFIX 168 UwV83HsGsw3-08 9 446
PERSONNEL PREFIX 169 UwV83HsGsw3-08 6 63
PERSONNEL PREFIX 170 UwV83HsGsw3-08 7 126
PERSONNEL PREFIX 160 UwV83HsGsw3-06 16 2341
PERSONNEL PREFIX 171 UwV83HsGsw3-08 6 63
PERSONNEL PREFIX 167 UwV83HsGsw3-08 13 1563
PERSONNEL PREFIX 174 UwV83HsGsw3-08 2 3
PERSONNEL PREFIX 175 UwV83HsGsw3-08 8 249
PERSONNEL PREFIX 159 UwV83HsGsw3-06 18 2785
PERSONNEL PREFIX 176 UwV83HsGsw3-08 7 127
PERSONNEL PREFIX 178 UwV83HsGsw3-09 3 7
PERSONNEL PREFIX 177 UwV83HsGsw3-09 10 707
PERSONNEL PREFIX 179 UwV83HsGsw3-09 10 713
PERSONNEL PREFIX 181 UwV83HsGsw3-09 10 688
PERSONNEL PREFIX 182 UwV83HsGsw3-09 6 63
PERSONNEL PREFIX 183 UwV83HsGsw3-09 7 126
PERSONNEL PREFIX 184 UwV83HsGsw3-09 6 63
PERSONNEL PREFIX 173 UwV83HsGsw3-08 15 2098
PERSONNEL PREFIX 180 UwV83HsGsw3-09 13 1563
PERSONNEL PREFIX 187 UwV83HsGsw3-09 2 3
PERSONNEL PREFIX 172 UwV83HsGsw3-08 17 2561
PERSONNEL PREFIX 189 UwV83HsGsw3-09 7 127
PERSONNEL PREFIX 188 UwV83HsGsw3-09 9 445
PERSONNEL PREFIX 191 UwV83HsGsw3-10 3 7
PERSONNEL PREFIX 190 UwV83HsGsw3-10 10 707
PERSONNEL PREFIX 192 UwV83HsGsw3-10 10 713
PERSONNEL PREFIX 194 UwV83HsGsw3-10 10 688
PERSONNEL PREFIX 195 UwV83HsGsw3-10 6 63
PERSONNEL PREFIX 186 UwV83HsGsw3-09 16 2341
PERSONNEL PREFIX 196 UwV83HsGsw3-10 7 126
PERSONNEL PREFIX 197 UwV83HsGsw3-10 6 63
PERSONNEL PREFIX 185 UwV83HsGsw3-09 18 2785
PERSONNEL PREFIX 200 UwV83HsGsw3-10 2 3
PERSONNEL PREFIX 193 UwV83HsGsw3-10 13 1563
PERSONNEL PREFIX 202 UwV83HsGsw3-10 7 127
PERSONNEL PREFIX 201 UwV83HsGsw3-10 9 445
PERSONNEL PREFIX 204 UwV83HsGsw3-17 2 3
PERSONNEL PREFIX 203 UwV83HsGsw3-17 10 707
PERSONNEL PREFIX 205 UwV83HsGsw3-17 10 713
PERSONNEL PREFIX 207 UwV83HsGsw3-17 10 688
PERSONNEL PREFIX 206 UwV83HsGsw3-17 12 1288
PERSONNEL PREFIX 208 UwV83HsGsw3-17 6 63
PERSONNEL PREFIX 209 UwV83HsGsw3-17 6 63
PERSONNEL PREFIX 210 UwV83HsGsw3-17 5 31
PERSONNEL PREFIX 199 UwV83HsGsw3-10 16 2341
PERSONNEL PREFIX 213 UwV83HsGsw3-17 2 3
PERSONNEL PREFIX 214 UwV83HsGsw3-17 9 445
PERSONNEL PREFIX 215 UwV83HsGsw3-17 7 127
PERSONNEL PREFIX 198 UwV83HsGsw3-10 18 2785
PERSONNEL PREFIX 217 UwV83HsGsw3-23 3 7
PERSONNEL PREFIX 216 UwV83HsGsw3-23 10 707
PERSONNEL PREFIX 218 UwV83HsGsw3-23 10 713
PERSONNEL PREFIX 212 UwV83HsGsw3-17 16 2341
PERSONNEL PREFIX 221 UwV83HsGsw3-23 6 63
PERSONNEL PREFIX 222 UwV83HsGsw3-23 7 126
PERSONNEL PREFIX 223 UwV83HsGsw3-23 6 63
PERSONNEL PREFIX 220 UwV83HsGsw3-23 10 688
PERSONNEL PREFIX 211 UwV83HsGsw3-17 18 2785
PERSONNEL PREFIX 226 UwV83HsGsw3-23 2 3
PERSONNEL PREFIX 227 UwV83HsGsw3-23 9 445
PERSONNEL PREFIX 219 UwV83HsGsw3-23 13 1563
PERSONNEL PREFIX 229 VFuaQ6m2Qom-07 7 127
PERSONNEL PREFIX 228 UwV83HsGsw3-23 7 127
PERSONNEL PREFIX 230 VFuaQ6m2Qom-07 6 63
PERSONNEL PREFIX 231 VFuaQ6m2Qom-07 6 63
PERSONNEL PREFIX 233 VFuaQ6m2Qom-07 9 446
PERSONNEL PREFIX 234 VFuaQ6m2Qom-07 4 15
PERSONNEL PREFIX 235 VFuaQ6m2Qom-07 6 63
PERSONNEL PREFIX 232 VFuaQ6m2Qom-07 10 700
PERSONNEL PREFIX 236 VFuaQ6m2Qom-07 3 7
PERSONNEL PREFIX 225 UwV83HsGsw3-23 16 2341
PERSONNEL PREFIX 239 VFuaQ6m2Qom-07 2 3
PERSONNEL PREFIX 240 VFuaQ6m2Qom-07 2 3
PERSONNEL PREFIX 241 VFuaQ6m2Qom-07 4 15
PERSONNEL PREFIX 224 UwV83HsGsw3-23 18 2785
PERSONNEL PREFIX 242 VFuaQ6m2Qom-07 9 440
PERSONNEL PREFIX 244 X7HyMhZNoso-05 3 7
PERSONNEL PREFIX 238 VFuaQ6m2Qom-07 14 1831
PERSONNEL PREFIX 243 X7HyMhZNoso-05 10 707
PERSONNEL PREFIX 245 X7HyMhZNoso-05 10 713
PERSONNEL PREFIX 248 X7HyMhZNoso-05 6 63
PERSONNEL PREFIX 237 VFuaQ6m2Qom-07 16 2321
PERSONNEL PREFIX 249 X7HyMhZNoso-05 7 126
PERSONNEL PREFIX 250 X7HyMhZNoso-05 6 63
PERSONNEL PREFIX 247 X7HyMhZNoso-05 10 688
PERSONNEL PREFIX 253 X7HyMhZNoso-05 2 3
PERSONNEL PREFIX 254 X7HyMhZNoso-05 7 127
PERSONNEL PREFIX 246 X7HyMhZNoso-05 13 1563
PERSONNEL PREFIX 255 X7HyMhZNoso-05 9 440
PERSONNEL PREFIX 257 X7HyMhZNoso-13 3 7
PERSONNEL PREFIX 256 X7HyMhZNoso-13 10 707
PERSONNEL PREFIX 258 X7HyMhZNoso-13 10 713
PERSONNEL PREFIX 260 X7HyMhZNoso-13 10 688
PERSONNEL PREFIX 261 X7HyMhZNoso-13 6 63
PERSONNEL PREFIX 252 X7HyMhZNoso-05 16 2341
PERSONNEL PREFIX 263 X7HyMhZNoso-13 6 63
PERSONNEL PREFIX 262 X7HyMhZNoso-13 7 126
PERSONNEL PREFIX 259 X7HyMhZNoso-13 13 1563
PERSONNEL PREFIX 266 X7HyMhZNoso-13 2 3
PERSONNEL PREFIX 267 X7HyMhZNoso-13 7 127
PERSONNEL PREFIX 251 X7HyMhZNoso-05 18 2785
PERSONNEL PREFIX 268 X7HyMhZNoso-13 9 440
PERSONNEL PREFIX 270 Z6MFQCViBuw-10 7 127
PERSONNEL PREFIX 271 Z6MFQCViBuw-10 6 63
PERSONNEL PREFIX 269 Z6MFQCViBuw-10 10 707
PERSONNEL PREFIX 273 Z6MFQCViBuw-10 10 688
PERSONNEL PREFIX 274 Z6MFQCViBuw-10 6 63
PERSONNEL PREFIX 275 Z6MFQCViBuw-10 7 126
PERSONNEL PREFIX 276 Z6MFQCViBuw-10 6 63
PERSONNEL PREFIX 265 X7HyMhZNoso-13 16 2341
PERSONNEL PREFIX 272 Z6MFQCViBuw-10 13 1563
PERSONNEL PREFIX 279 Z6MFQCViBuw-10 2 3
PERSONNEL PREFIX 280 Z6MFQCViBuw-10 3 7
PERSONNEL PREFIX 264 X7HyMhZNoso-13 18 2785
PERSONNEL PREFIX 282 Z6MFQCViBuw-10 4 15
PERSONNEL PREFIX 283 b8cTxDM8gDG-04 10 707
PERSONNEL PREFIX 284 b8cTxDM8gDG-04 3 7
PERSONNEL PREFIX 281 Z6MFQCViBuw-10 12 1289
PERSONNEL PREFIX 285 b8cTxDM8gDG-04 10 713
PERSONNEL PREFIX 278 Z6MFQCViBuw-10 16 2341
PERSONNEL PREFIX 288 b8cTxDM8gDG-04 6 63
PERSONNEL PREFIX 289 b8cTxDM8gDG-04 7 126
PERSONNEL PREFIX 290 b8cTxDM8gDG-04 6 63
PERSONNEL PREFIX 277 Z6MFQCViBuw-10 18 2785
PERSONNEL PREFIX 287 b8cTxDM8gDG-04 10 688
PERSONNEL PREFIX 293 b8cTxDM8gDG-04 2 3
PERSONNEL PREFIX 286 b8cTxDM8gDG-04 13 1563
PERSONNEL PREFIX 294 b8cTxDM8gDG-04 7 127
PERSONNEL PREFIX 295 b8cTxDM8gDG-04 9 440
PERSONNEL PREFIX 297 b8cTxDM8gDG-07 3 7
PERSONNEL PREFIX 296 b8cTxDM8gDG-07 10 707
PERSONNEL PREFIX 298 b8cTxDM8gDG-07 10 713
PERSONNEL PREFIX 300 b8cTxDM8gDG-07 10 688
PERSONNEL PREFIX 301 b8cTxDM8gDG-07 6 63
PERSONNEL PREFIX 302 b8cTxDM8gDG-07 7 126
PERSONNEL PREFIX 303 b8cTxDM8gDG-07 6 63
PERSONNEL PREFIX 299 b8cTxDM8gDG-07 13 1563
PERSONNEL PREFIX 292 b8cTxDM8gDG-04 16 2341
PERSONNEL PREFIX 306 b8cTxDM8gDG-07 2 3
PERSONNEL PREFIX 307 b8cTxDM8gDG-07 7 127
PERSONNEL PREFIX 308 b8cTxDM8gDG-07 9 440
PERSONNEL PREFIX 291 b8cTxDM8gDG-04 18 2785
PERSONNEL PREFIX 310 b8cTxDM8gDG-19 3 7
PERSONNEL PREFIX 309 b8cTxDM8gDG-19 10 707
PERSONNEL PREFIX 311 b8cTxDM8gDG-19 9 442
PERSONNEL PREFIX 305 b8cTxDM8gDG-07 16 2341
PERSONNEL PREFIX 314 b8cTxDM8gDG-19 6 63
PERSONNEL PREFIX 315 b8cTxDM8gDG-19 7 126
PERSONNEL PREFIX 313 b8cTxDM8gDG-19 9 426
PERSONNEL PREFIX 316 b8cTxDM8gDG-19 6 63
PERSONNEL PREFIX 304 b8cTxDM8gDG-07 18 2785
PERSONNEL PREFIX 319 b8cTxDM8gDG-19 7 127
PERSONNEL PREFIX 320 b8cTxDM8gDG-19 8 242
PERSONNEL PREFIX 312 b8cTxDM8gDG-19 13 1563
PERSONNEL PREFIX 322 e9zR4mvMWw7-03 7 127
PERSONNEL PREFIX 323 e9zR4mvMWw7-03 6 63
PERSONNEL PREFIX 321 e9zR4mvMWw7-03 10 707
PERSONNEL PREFIX 325 e9zR4mvMWw7-03 10 688
PERSONNEL PREFIX 326 e9zR4mvMWw7-03 6 63
PERSONNEL PREFIX 327 e9zR4mvMWw7-03 7 126
PERSONNEL PREFIX 318 b8cTxDM8gDG-19 16 2341
PERSONNEL PREFIX 317 b8cTxDM8gDG-19 17 2570
PERSONNEL PREFIX 330 e9zR4mvMWw7-03 2 3
PERSONNEL PREFIX 324 e9zR4mvMWw7-03 13 1563
PERSONNEL PREFIX 332 e9zR4mvMWw7-03 3 7
PERSONNEL PREFIX 329 e9zR4mvMWw7-03 10 718
PERSONNEL PREFIX 334 e9zR4mvMWw7-03 4 15
PERSONNEL PREFIX 335 e9zR4mvMWw7-10 10 707
PERSONNEL PREFIX 331 e9zR4mvMWw7-03 12 1287
PERSONNEL PREFIX 336 e9zR4mvMWw7-10 7 127
PERSONNEL PREFIX 337 e9zR4mvMWw7-10 6 63
PERSONNEL PREFIX 333 e9zR4mvMWw7-03 12 1289
PERSONNEL PREFIX 340 e9zR4mvMWw7-10 6 63
PERSONNEL PREFIX 328 e9zR4mvMWw7-03 14 1824
PERSONNEL PREFIX 341 e9zR4mvMWw7-10 7 126
PERSONNEL PREFIX 339 e9zR4mvMWw7-10 10 688
PERSONNEL PREFIX 344 e9zR4mvMWw7-10 2 3
PERSONNEL PREFIX 343 e9zR4mvMWw7-10 10 718
PERSONNEL PREFIX 346 e9zR4mvMWw7-10 3 7
PERSONNEL PREFIX 338 e9zR4mvMWw7-10 13 1563
PERSONNEL PREFIX 348 e9zR4mvMWw7-10 4 15
PERSONNEL PREFIX 345 e9zR4mvMWw7-10 12 1287
PERSONNEL PREFIX 342 e9zR4mvMWw7-10 14 1824
PERSONNEL PREFIX 351 e9zR4mvMWw7-16 6 63
PERSONNEL PREFIX 350 e9zR4mvMWw7-16 7 127
PERSONNEL PREFIX 347 e9zR4mvMWw7-10 12 1289
PERSONNEL PREFIX 349 e9zR4mvMWw7-16 10 707
PERSONNEL PREFIX 354 e9zR4mvMWw7-16 6 63
PERSONNEL PREFIX 355 e9zR4mvMWw7-16 7 126
PERSONNEL PREFIX 353 e9zR4mvMWw7-16 10 688
PERSONNEL PREFIX 358 e9zR4mvMWw7-16 2 3
PERSONNEL PREFIX 357 e9zR4mvMWw7-16 10 718
PERSONNEL PREFIX 360 e9zR4mvMWw7-16 3 7
PERSONNEL PREFIX 352 e9zR4mvMWw7-16 13 1563
PERSONNEL PREFIX 362 e9zR4mvMWw7-16 4 15
PERSONNEL PREFIX 359 e9zR4mvMWw7-16 12 1287
PERSONNEL PREFIX 356 e9zR4mvMWw7-16 14 1824
PERSONNEL PREFIX 364 e9zR4mvMWw7-19 7 127
PERSONNEL PREFIX 365 e9zR4mvMWw7-19 6 63
PERSONNEL PREFIX 363 e9zR4mvMWw7-19 10 707
PERSONNEL PREFIX 361 e9zR4mvMWw7-16 12 1289
PERSONNEL PREFIX 368 e9zR4mvMWw7-19 6 63
PERSONNEL PREFIX 369 e9zR4mvMWw7-19 7 126
PERSONNEL PREFIX 367 e9zR4mvMWw7-19 10 688
PERSONNEL PREFIX 372 e9zR4mvMWw7-19 2 3
PERSONNEL PREFIX 371 e9zR4mvMWw7-19 10 718
PERSONNEL PREFIX 374 e9zR4mvMWw7-19 3 7
PERSONNEL PREFIX 366 e9zR4mvMWw7-19 13 1563
PERSONNEL PREFIX 376 e9zR4mvMWw7-19 4 15
PERSONNEL PREFIX 373 e9zR4mvMWw7-19 12 1287
PERSONNEL PREFIX 377 e9zR4mvMWw7-32 10 707
PERSONNEL PREFIX 378 e9zR4mvMWw7-32 7 127
PERSONNEL PREFIX 379 e9zR4mvMWw7-32 6 63
PERSONNEL PREFIX 370 e9zR4mvMWw7-19 14 1824
PERSONNEL PREFIX 382 e9zR4mvMWw7-32 6 63
PERSONNEL PREFIX 375 e9zR4mvMWw7-19 12 1289
PERSONNEL PREFIX 383 e9zR4mvMWw7-32 7 126
PERSONNEL PREFIX 381 e9zR4mvMWw7-32 10 688
PERSONNEL PREFIX 386 e9zR4mvMWw7-32 2 3
PERSONNEL PREFIX 385 e9zR4mvMWw7-32 10 718
PERSONNEL PREFIX 388 e9zR4mvMWw7-32 3 7
PERSONNEL PREFIX 380 e9zR4mvMWw7-32 13 1563
PERSONNEL PREFIX 390 e9zR4mvMWw7-32 4 15
PERSONNEL PREFIX 387 e9zR4mvMWw7-32 12 1287
PERSONNEL PREFIX 391 e9zR4mvMWw7-39 9 442
PERSONNEL PREFIX 393 e9zR4mvMWw7-39 6 63
PERSONNEL PREFIX 392 e9zR4mvMWw7-39 7 127
PERSONNEL PREFIX 384 e9zR4mvMWw7-32 14 1824
PERSONNEL PREFIX 396 e9zR4mvMWw7-39 5 31
PERSONNEL PREFIX 389 e9zR4mvMWw7-32 12 1289
PERSONNEL PREFIX 397 e9zR4mvMWw7-39 7 126
PERSONNEL PREFIX 395 e9zR4mvMWw7-39 10 688
PERSONNEL PREFIX 400 e9zR4mvMWw7-39 2 3
PERSONNEL PREFIX 399 e9zR4mvMWw7-39 10 718
PERSONNEL PREFIX 402 e9zR4mvMWw7-39 3 7
PERSONNEL PREFIX 394 e9zR4mvMWw7-39 12 1278
PERSONNEL PREFIX 404 e9zR4mvMWw7-39 4 15
PERSONNEL PREFIX 398 e9zR4mvMWw7-39 13 1554
PERSONNEL PREFIX 406 q9vSo1VnCiC-02 3 7
PERSONNEL PREFIX 401 e9zR4mvMWw7-39 11 997
PERSONNEL PREFIX 403 e9zR4mvMWw7-39 11 990
PERSONNEL PREFIX 405 q9vSo1VnCiC-02 10 707
PERSONNEL PREFIX 410 q9vSo1VnCiC-02 4 15
PERSONNEL PREFIX 411 q9vSo1VnCiC-02 6 63
PERSONNEL PREFIX 412 q9vSo1VnCiC-02 3 7
PERSONNEL PREFIX 408 q9vSo1VnCiC-02 10 708
PERSONNEL PREFIX 407 q9vSo1VnCiC-02 10 713
PERSONNEL PREFIX 415 q9vSo1VnCiC-02 10 721
PERSONNEL PREFIX 409 q9vSo1VnCiC-02 13 1553
PERSONNEL PREFIX 417 q9vSo1VnCiC-02 5 31
PERSONNEL PREFIX 414 q9vSo1VnCiC-02 11 1002
PERSONNEL PREFIX 419 q9vSo1VnCiC-09 3 7
PERSONNEL PREFIX 418 q9vSo1VnCiC-09 10 707
PERSONNEL PREFIX 416 q9vSo1VnCiC-02 11 1005
PERSONNEL PREFIX 420 q9vSo1VnCiC-09 10 713
PERSONNEL PREFIX 423 q9vSo1VnCiC-09 4 15
PERSONNEL PREFIX 424 q9vSo1VnCiC-09 6 63
PERSONNEL PREFIX 425 q9vSo1VnCiC-09 3 7
PERSONNEL PREFIX 421 q9vSo1VnCiC-09 10 708
PERSONNEL PREFIX 413 q9vSo1VnCiC-02 21 3454
PERSONNEL PREFIX 427 q9vSo1VnCiC-09 11 1002
PERSONNEL PREFIX 422 q9vSo1VnCiC-09 13 1553
PERSONNEL PREFIX 430 q9vSo1VnCiC-09 5 31
PERSONNEL PREFIX 428 q9vSo1VnCiC-09 10 721
PERSONNEL PREFIX 432 q9vSo1VnCiC-13 3 7
PERSONNEL PREFIX 429 q9vSo1VnCiC-09 11 1005
PERSONNEL PREFIX 433 q9vSo1VnCiC-13 9 442
PERSONNEL PREFIX 431 q9vSo1VnCiC-13 10 707
PERSONNEL PREFIX 436 q9vSo1VnCiC-13 4 15
PERSONNEL PREFIX 437 q9vSo1VnCiC-13 6 63
PERSONNEL PREFIX 438 q9vSo1VnCiC-13 3 7
PERSONNEL PREFIX 434 q9vSo1VnCiC-13 10 708
PERSONNEL PREFIX 435 q9vSo1VnCiC-13 12 1270
PERSONNEL PREFIX 426 q9vSo1VnCiC-09 21 3454
PERSONNEL PREFIX 440 q9vSo1VnCiC-13 11 1002
PERSONNEL PREFIX 443 q9vSo1VnCiC-13 4 15
PERSONNEL PREFIX 441 q9vSo1VnCiC-13 9 453
PERSONNEL PREFIX 445 q9vSo1VnCiC-15 3 7
PERSONNEL PREFIX 444 q9vSo1VnCiC-15 10 707
PERSONNEL PREFIX 446 q9vSo1VnCiC-15 10 713
PERSONNEL PREFIX 442 q9vSo1VnCiC-13 11 1005
PERSONNEL PREFIX 449 q9vSo1VnCiC-15 4 15
PERSONNEL PREFIX 450 q9vSo1VnCiC-15 6 63
PERSONNEL PREFIX 451 q9vSo1VnCiC-15 3 7
PERSONNEL PREFIX 447 q9vSo1VnCiC-15 10 708
PERSONNEL PREFIX 453 q9vSo1VnCiC-15 11 1002
PERSONNEL PREFIX 448 q9vSo1VnCiC-15 13 1553
PERSONNEL PREFIX 454 q9vSo1VnCiC-15 10 721
PERSONNEL PREFIX 456 q9vSo1VnCiC-15 5 31
PERSONNEL PREFIX 439 q9vSo1VnCiC-13 20 3243
PERSONNEL PREFIX 458 q9vSo1VnCiC-23 3 7
PERSONNEL PREFIX 455 q9vSo1VnCiC-15 11 1005
PERSONNEL PREFIX 457 q9vSo1VnCiC-23 10 707
PERSONNEL PREFIX 459 q9vSo1VnCiC-23 10 713
PERSONNEL PREFIX 462 q9vSo1VnCiC-23 4 15
PERSONNEL PREFIX 463 q9vSo1VnCiC-23 6 63
PERSONNEL PREFIX 464 q9vSo1VnCiC-23 3 7
PERSONNEL PREFIX 460 q9vSo1VnCiC-23 10 708
PERSONNEL PREFIX 452 q9vSo1VnCiC-15 21 3454
PERSONNEL PREFIX 461 q9vSo1VnCiC-23 13 1553
PERSONNEL PREFIX 466 q9vSo1VnCiC-23 11 1002
PERSONNEL PREFIX 469 q9vSo1VnCiC-23 5 31
PERSONNEL PREFIX 467 q9vSo1VnCiC-23 10 721
PERSONNEL PREFIX 471 q9vSo1VnCiC-32 3 7
PERSONNEL PREFIX 468 q9vSo1VnCiC-23 11 1005
PERSONNEL PREFIX 470 q9vSo1VnCiC-32 10 707
PERSONNEL PREFIX 472 q9vSo1VnCiC-32 10 713
PERSONNEL PREFIX 475 q9vSo1VnCiC-32 4 15
PERSONNEL PREFIX 476 q9vSo1VnCiC-32 6 63
PERSONNEL PREFIX 477 q9vSo1VnCiC-32 3 7
PERSONNEL PREFIX 473 q9vSo1VnCiC-32 10 708
PERSONNEL PREFIX 474 q9vSo1VnCiC-32 13 1553
PERSONNEL PREFIX 479 q9vSo1VnCiC-32 11 1002
PERSONNEL PREFIX 465 q9vSo1VnCiC-23 21 3454
PERSONNEL PREFIX 482 q9vSo1VnCiC-32 5 31
PERSONNEL PREFIX 480 q9vSo1VnCiC-32 10 721
PERSONNEL PREFIX 484 rPc6DW4iMge-01 6 63
PERSONNEL PREFIX 485 rPc6DW4iMge-01 6 63
PERSONNEL PREFIX 483 rPc6DW4iMge-01 10 707
PERSONNEL PREFIX 481 q9vSo1VnCiC-32 11 1005
PERSONNEL PREFIX 488 rPc6DW4iMge-01 4 15
PERSONNEL PREFIX 489 rPc6DW4iMge-01 6 63
PERSONNEL PREFIX 490 rPc6DW4iMge-01 6 63
PERSONNEL PREFIX 486 rPc6DW4iMge-01 10 715
PERSONNEL PREFIX 492 rPc6DW4iMge-01 5 31
PERSONNEL PREFIX 493 rPc6DW4iMge-01 2 3
PERSONNEL PREFIX 487 rPc6DW4iMge-01 12 1267
PERSONNEL PREFIX 495 rPc6DW4iMge-01 4 15
PERSONNEL PREFIX 494 rPc6DW4iMge-01 12 1289
PERSONNEL PREFIX 497 rPc6DW4iMge-06 7 127
PERSONNEL PREFIX 496 rPc6DW4iMge-06 10 707
PERSONNEL PREFIX 498 rPc6DW4iMge-06 6 63
PERSONNEL PREFIX 478 q9vSo1VnCiC-32 21 3454
PERSONNEL PREFIX 501 rPc6DW4iMge-06 5 31
PERSONNEL PREFIX 502 rPc6DW4iMge-06 6 63
PERSONNEL PREFIX 503 rPc6DW4iMge-06 7 127
PERSONNEL PREFIX 491 rPc6DW4iMge-01 17 2557
PERSONNEL PREFIX 505 rPc6DW4iMge-06 6 63
PERSONNEL PREFIX 499 rPc6DW4iMge-06 11 987
PERSONNEL PREFIX 506 rPc6DW4iMge-06 3 7
PERSONNEL PREFIX 508 rPc6DW4iMge-06 4 15
PERSONNEL PREFIX 500 rPc6DW4iMge-06 12 1267
PERSONNEL PREFIX 509 rPc6DW4iMge-09 10 707
PERSONNEL PREFIX 510 rPc6DW4iMge-09 7 127
PERSONNEL PREFIX 511 rPc6DW4iMge-09 6 63
PERSONNEL PREFIX 507 rPc6DW4iMge-06 12 1289
PERSONNEL PREFIX 514 rPc6DW4iMge-09 5 31
PERSONNEL PREFIX 515 rPc6DW4iMge-09 6 63
PERSONNEL PREFIX 512 rPc6DW4iMge-09 11 987
PERSONNEL PREFIX 516 rPc6DW4iMge-09 7 127
PERSONNEL PREFIX 518 rPc6DW4iMge-09 6 63
PERSONNEL PREFIX 519 rPc6DW4iMge-09 3 7
PERSONNEL PREFIX 513 rPc6DW4iMge-09 12 1267
PERSONNEL PREFIX 521 rPc6DW4iMge-09 4 15
PERSONNEL PREFIX 522 rPc6DW4iMge-15 10 707
PERSONNEL PREFIX 523 rPc6DW4iMge-15 6 63
PERSONNEL PREFIX 524 rPc6DW4iMge-15 6 63
PERSONNEL PREFIX 504 rPc6DW4iMge-06 17 2557
PERSONNEL PREFIX 520 rPc6DW4iMge-09 12 1289
PERSONNEL PREFIX 527 rPc6DW4iMge-15 4 15
PERSONNEL PREFIX 528 rPc6DW4iMge-15 6 63
PERSONNEL PREFIX 529 rPc6DW4iMge-15 6 63
PERSONNEL PREFIX 525 rPc6DW4iMge-15 10 715
PERSONNEL PREFIX 531 rPc6DW4iMge-15 5 31
PERSONNEL PREFIX 532 rPc6DW4iMge-15 2 3
PERSONNEL PREFIX 526 rPc6DW4iMge-15 12 1267
PERSONNEL PREFIX 534 rPc6DW4iMge-15 4 15
PERSONNEL PREFIX 517 rPc6DW4iMge-09 17 2557
PERSONNEL PREFIX 535 rPc6DW4iMge-17 8 249
PERSONNEL PREFIX 537 rPc6DW4iMge-17 6 63
PERSONNEL PREFIX 536 rPc6DW4iMge-17 7 127
PERSONNEL PREFIX 533 rPc6DW4iMge-15 12 1289
PERSONNEL PREFIX 540 rPc6DW4iMge-17 4 15
PERSONNEL PREFIX 541 rPc6DW4iMge-17 6 63
PERSONNEL PREFIX 542 rPc6DW4iMge-17 6 63
PERSONNEL PREFIX 538 rPc6DW4iMge-17 10 695
PERSONNEL PREFIX 544 rPc6DW4iMge-17 5 31
PERSONNEL PREFIX 545 rPc6DW4iMge-17 3 7
PERSONNEL PREFIX 530 rPc6DW4iMge-15 17 2557
PERSONNEL PREFIX 547 rPc6DW4iMge-17 4 15
PERSONNEL PREFIX 539 rPc6DW4iMge-17 11 979
PERSONNEL PREFIX 549 rPc6DW4iMge-20 7 127
PERSONNEL PREFIX 550 rPc6DW4iMge-20 6 63
PERSONNEL PREFIX 546 rPc6DW4iMge-17 10 706
PERSONNEL PREFIX 548 rPc6DW4iMge-20 10 707
PERSONNEL PREFIX 553 rPc6DW4iMge-20 5 31
PERSONNEL PREFIX 554 rPc6DW4iMge-20 6 63
PERSONNEL PREFIX 555 rPc6DW4iMge-20 7 127
PERSONNEL PREFIX 551 rPc6DW4iMge-20 11 987
PERSONNEL PREFIX 557 rPc6DW4iMge-20 6 63
PERSONNEL PREFIX 558 rPc6DW4iMge-20 3 7
PERSONNEL PREFIX 552 rPc6DW4iMge-20 12 1267
PERSONNEL PREFIX 560 rPc6DW4iMge-20 4 15
PERSONNEL PREFIX 543 rPc6DW4iMge-17 16 2310
PERSONNEL PREFIX 562 rPc6DW4iMge-22 7 127
PERSONNEL PREFIX 561 rPc6DW4iMge-22 10 707
PERSONNEL PREFIX 563 rPc6DW4iMge-22 6 63
PERSONNEL PREFIX 559 rPc6DW4iMge-20 12 1289
PERSONNEL PREFIX 566 rPc6DW4iMge-22 5 31
PERSONNEL PREFIX 567 rPc6DW4iMge-22 6 63
PERSONNEL PREFIX 568 rPc6DW4iMge-22 7 127
PERSONNEL PREFIX 556 rPc6DW4iMge-20 17 2557
PERSONNEL PREFIX 564 rPc6DW4iMge-22 11 987
PERSONNEL PREFIX 571 rPc6DW4iMge-22 3 7
PERSONNEL PREFIX 570 rPc6DW4iMge-22 6 63
PERSONNEL PREFIX 573 rPc6DW4iMge-22 4 15
PERSONNEL PREFIX 574 uNb9QFRL6hY-06 2 3
PERSONNEL PREFIX 565 rPc6DW4iMge-22 12 1267
PERSONNEL PREFIX 576 uNb9QFRL6hY-06 10 710
PERSONNEL PREFIX 575 uNb9QFRL6hY-06 11 960
PERSONNEL PREFIX 572 rPc6DW4iMge-22 12 1289
PERSONNEL PREFIX 579 uNb9QFRL6hY-06 9 437
PERSONNEL PREFIX 577 uNb9QFRL6hY-06 11 1006
PERSONNEL PREFIX 578 uNb9QFRL6hY-06 12 1271
PERSONNEL PREFIX 581 uNb9QFRL6hY-06 8 248
PERSONNEL PREFIX 583 uNb9QFRL6hY-06 3 7
PERSONNEL PREFIX 569 rPc6DW4iMge-22 17 2557
PERSONNEL PREFIX 585 uNb9QFRL6hY-06 5 31
PERSONNEL PREFIX 586 uNb9QFRL6hY-08 2 3
PERSONNEL PREFIX 587 uNb9QFRL6hY-08 10 692
PERSONNEL PREFIX 584 uNb9QFRL6hY-06 11 970
PERSONNEL PREFIX 588 uNb9QFRL6hY-08 10 710
PERSONNEL PREFIX 589 uNb9QFRL6hY-08 10 720
PERSONNEL PREFIX 582 uNb9QFRL6hY-06 14 1828
PERSONNEL PREFIX 591 uNb9QFRL6hY-08 8 246
PERSONNEL PREFIX 593 uNb9QFRL6hY-08 7 127
PERSONNEL PREFIX 590 uNb9QFRL6hY-08 12 1271
PERSONNEL PREFIX 595 uNb9QFRL6hY-08 2 3
PERSONNEL PREFIX 594 uNb9QFRL6hY-08 14 1828
PERSONNEL PREFIX 596 uNb9QFRL6hY-08 11 970
PERSONNEL PREFIX 598 uNb9QFRL6hY-21 2 3
PERSONNEL PREFIX 597 uNb9QFRL6hY-08 5 31
PERSONNEL PREFIX 580 uNb9QFRL6hY-06 22 3681
PERSONNEL PREFIX 599 uNb9QFRL6hY-21 9 436
PERSONNEL PREFIX 601 uNb9QFRL6hY-21 9 450
PERSONNEL PREFIX 600 uNb9QFRL6hY-21 10 710
PERSONNEL PREFIX 603 uNb9QFRL6hY-21 7 127
PERSONNEL PREFIX 605 uNb9QFRL6hY-21 8 248
PERSONNEL PREFIX 592 uNb9QFRL6hY-08 21 3469
PERSONNEL PREFIX 607 uNb9QFRL6hY-21 3 7
PERSONNEL PREFIX 602 uNb9QFRL6hY-21 12 1271
PERSONNEL PREFIX 609 uNb9QFRL6hY-21 5 31
PERSONNEL PREFIX 610 uNb9QFRL6hY-25 2 3
PERSONNEL PREFIX 608 uNb9QFRL6hY-21 10 694
PERSONNEL PREFIX 606 uNb9QFRL6hY-21 11 1000
PERSONNEL PREFIX 611 uNb9QFRL6hY-25 10 692
PERSONNEL PREFIX 612 uNb9QFRL6hY-25 10 710
PERSONNEL PREFIX 613 uNb9QFRL6hY-25 10 720
PERSONNEL PREFIX 615 uNb9QFRL6hY-25 8 246
PERSONNEL PREFIX 617 uNb9QFRL6hY-25 7 127
PERSONNEL PREFIX 614 uNb9QFRL6hY-25 12 1271
PERSONNEL PREFIX 619 uNb9QFRL6hY-25 2 3
PERSONNEL PREFIX 604 uNb9QFRL6hY-21 19 3017
PERSONNEL PREFIX 621 uNb9QFRL6hY-25 5 31
PERSONNEL PREFIX 622 uNb9QFRL6hY-45 2 3
PERSONNEL PREFIX 620 uNb9QFRL6hY-25 11 970
PERSONNEL PREFIX 623 uNb9QFRL6hY-45 10 692
PERSONNEL PREFIX 618 uNb9QFRL6hY-25 14 1828
PERSONNEL PREFIX 624 uNb9QFRL6hY-45 10 710
PERSONNEL PREFIX 627 uNb9QFRL6hY-45 8 246
PERSONNEL PREFIX 625 uNb9QFRL6hY-45 10 720
PERSONNEL PREFIX 629 uNb9QFRL6hY-45 7 127
PERSONNEL PREFIX 626 uNb9QFRL6hY-45 12 1271
PERSONNEL PREFIX 631 uNb9QFRL6hY-45 2 3
PERSONNEL PREFIX 632 uNb9QFRL6hY-45 11 970
PERSONNEL PREFIX 633 uNb9QFRL6hY-45 5 31
PERSONNEL PREFIX 630 uNb9QFRL6hY-45 14 1828
PERSONNEL PREFIX 616 uNb9QFRL6hY-25 21 3469
PERSONNEL PREFIX 635 uNb9QFRL6hY-47 9 447
PERSONNEL PREFIX 634 uNb9QFRL6hY-47 11 960
PERSONNEL PREFIX 638 uNb9QFRL6hY-47 9 437
PERSONNEL PREFIX 636 uNb9QFRL6hY-47 10 708
PERSONNEL PREFIX 640 uNb9QFRL6hY-47 8 248
PERSONNEL PREFIX 628 uNb9QFRL6hY-45 21 3469
PERSONNEL PREFIX 642 uNb9QFRL6hY-47 3 7
PERSONNEL PREFIX 637 uNb9QFRL6hY-47 11 972
PERSONNEL PREFIX 644 uNb9QFRL6hY-47 4 15
PERSONNEL PREFIX 645 uNb9QFRL6hY-50 2 3
PERSONNEL PREFIX 643 uNb9QFRL6hY-47 10 697
PERSONNEL PREFIX 646 uNb9QFRL6hY-50 10 692
PERSONNEL PREFIX 647 uNb9QFRL6hY-50 10 710
PERSONNEL PREFIX 648 uNb9QFRL6hY-50 10 720
PERSONNEL PREFIX 641 uNb9QFRL6hY-47 13 1565
PERSONNEL PREFIX 650 uNb9QFRL6hY-50 8 246
PERSONNEL PREFIX 652 uNb9QFRL6hY-50 7 127
PERSONNEL PREFIX 649 uNb9QFRL6hY-50 12 1271
PERSONNEL PREFIX 654 uNb9QFRL6hY-50 2 3
PERSONNEL PREFIX 655 uNb9QFRL6hY-50 11 970
PERSONNEL PREFIX 656 uNb9QFRL6hY-50 5 31
PERSONNEL PREFIX 657 uNb9QFRL6hY-52 2 3
PERSONNEL PREFIX 653 uNb9QFRL6hY-50 14 1828
PERSONNEL PREFIX 639 uNb9QFRL6hY-47 21 3475
PERSONNEL PREFIX 659 uNb9QFRL6hY-52 9 447
PERSONNEL PREFIX 658 uNb9QFRL6hY-52 11 960
PERSONNEL PREFIX 660 uNb9QFRL6hY-52 11 1006
PERSONNEL PREFIX 662 uNb9QFRL6hY-52 9 437
PERSONNEL PREFIX 661 uNb9QFRL6hY-52 11 972
PERSONNEL PREFIX 664 uNb9QFRL6hY-52 8 248
PERSONNEL PREFIX 666 uNb9QFRL6hY-52 3 7
PERSONNEL PREFIX 651 uNb9QFRL6hY-50 21 3469
PERSONNEL PREFIX 668 uNb9QFRL6hY-52 4 15
PERSONNEL PREFIX 669 uNb9QFRL6hY-56 2 3
PERSONNEL PREFIX 667 uNb9QFRL6hY-52 11 970
PERSONNEL PREFIX 665 uNb9QFRL6hY-52 13 1565
PERSONNEL PREFIX 671 uNb9QFRL6hY-56 10 710
PERSONNEL PREFIX 670 uNb9QFRL6hY-56 11 960
PERSONNEL PREFIX 674 uNb9QFRL6hY-56 9 437
PERSONNEL PREFIX 672 uNb9QFRL6hY-56 11 1006
PERSONNEL PREFIX 676 uNb9QFRL6hY-56 8 248
PERSONNEL PREFIX 673 uNb9QFRL6hY-56 12 1271
PERSONNEL PREFIX 678 uNb9QFRL6hY-56 3 7
PERSONNEL PREFIX 663 uNb9QFRL6hY-52 21 3475
PERSONNEL PREFIX 679 uNb9QFRL6hY-56 11 970
PERSONNEL PREFIX 681 uNb9QFRL6hY-60 2 3
PERSONNEL PREFIX 680 uNb9QFRL6hY-56 5 31
PERSONNEL PREFIX 682 uNb9QFRL6hY-60 9 444
PERSONNEL PREFIX 683 uNb9QFRL6hY-60 9 451
PERSONNEL PREFIX 677 uNb9QFRL6hY-56 14 1828
PERSONNEL PREFIX 686 uNb9QFRL6hY-60 7 127
PERSONNEL PREFIX 684 uNb9QFRL6hY-60 9 451
PERSONNEL PREFIX 688 uNb9QFRL6hY-60 7 127
PERSONNEL PREFIX 685 uNb9QFRL6hY-60 11 980
PERSONNEL PREFIX 690 uNb9QFRL6hY-60 2 3
PERSONNEL PREFIX 675 uNb9QFRL6hY-56 22 3681
PERSONNEL PREFIX 692 uNb9QFRL6hY-60 4 15
PERSONNEL PREFIX 693 uNb9QFRL6hY-63 2 3
PERSONNEL PREFIX 691 uNb9QFRL6hY-60 11 970
PERSONNEL PREFIX 689 uNb9QFRL6hY-60 12 1291
PERSONNEL PREFIX 695 uNb9QFRL6hY-63 10 710
PERSONNEL PREFIX 694 uNb9QFRL6hY-63 11 960
PERSONNEL PREFIX 696 uNb9QFRL6hY-63 11 1006
PERSONNEL PREFIX 698 uNb9QFRL6hY-63 9 437
PERSONNEL PREFIX 700 uNb9QFRL6hY-63 8 248
PERSONNEL PREFIX 697 uNb9QFRL6hY-63 12 1271
PERSONNEL PREFIX 702 uNb9QFRL6hY-63 3 7
PERSONNEL PREFIX 687 uNb9QFRL6hY-60 19 3024
PERSONNEL PREFIX 704 uNb9QFRL6hY-63 5 31
PERSONNEL PREFIX 705 uNb9QFRL6hY-65 2 3
PERSONNEL PREFIX 703 uNb9QFRL6hY-63 11 970
PERSONNEL PREFIX 706 uNb9QFRL6hY-65 11 960
PERSONNEL PREFIX 701 uNb9QFRL6hY-63 14 1828
PERSONNEL PREFIX 707 uNb9QFRL6hY-65 10 710
PERSONNEL PREFIX 710 uNb9QFRL6hY-65 9 437
PERSONNEL PREFIX 708 uNb9QFRL6hY-65 11 1006
PERSONNEL PREFIX 712 uNb9QFRL6hY-65 8 248
PERSONNEL PREFIX 709 uNb9QFRL6hY-65 12 1271
PERSONNEL PREFIX 714 uNb9QFRL6hY-65 3 7
PERSONNEL PREFIX 699 uNb9QFRL6hY-63 22 3681
PERSONNEL PREFIX 716 uNb9QFRL6hY-65 5 31
PERSONNEL PREFIX 717 uNb9QFRL6hY-70 2 3
PERSONNEL PREFIX 715 uNb9QFRL6hY-65 11 970
PERSONNEL PREFIX 718 uNb9QFRL6hY-70 11 960
PERSONNEL PREFIX 713 uNb9QFRL6hY-65 14 1828
PERSONNEL PREFIX 719 uNb9QFRL6hY-70 10 710
PERSONNEL PREFIX 722 uNb9QFRL6hY-70 9 437
PERSONNEL PREFIX 720 uNb9QFRL6hY-70 11 1006
PERSONNEL PREFIX 724 uNb9QFRL6hY-70 8 248
PERSONNEL PREFIX 721 uNb9QFRL6hY-70 12 1271
PERSONNEL PREFIX 726 uNb9QFRL6hY-70 3 7
PERSONNEL PREFIX 711 uNb9QFRL6hY-65 22 3681
PERSONNEL PREFIX 728 uNb9QFRL6hY-70 5 31
PERSONNEL PREFIX 727 uNb9QFRL6hY-70 11 970
PERSONNEL PREFIX 730 wc2JMjhGNzB-15 3 7
PERSONNEL PREFIX 729 wc2JMjhGNzB-15 9 442
PERSONNEL PREFIX 725 uNb9QFRL6hY-70 14 1828
PERSONNEL PREFIX 731 wc2JMjhGNzB-15 11 1004
PERSONNEL PREFIX 734 wc2JMjhGNzB-15 6 63
PERSONNEL PREFIX 735 wc2JMjhGNzB-15 7 126
PERSONNEL PREFIX 733 wc2JMjhGNzB-15 10 688
PERSONNEL PREFIX 736 wc2JMjhGNzB-15 8 247
PERSONNEL PREFIX 738 wc2JMjhGNzB-15 2 3
PERSONNEL PREFIX 739 wc2JMjhGNzB-15 6 63
PERSONNEL PREFIX 732 wc2JMjhGNzB-15 13 1563
PERSONNEL PREFIX 741 wc2JMjhGNzB-15 3 7
PERSONNEL PREFIX 742 wc2JMjhGNzB-18 9 442
PERSONNEL PREFIX 743 wc2JMjhGNzB-18 3 7
PERSONNEL PREFIX 723 uNb9QFRL6hY-70 22 3681
PERSONNEL PREFIX 740 wc2JMjhGNzB-15 13 1560
PERSONNEL PREFIX 744 wc2JMjhGNzB-18 11 1004
PERSONNEL PREFIX 747 wc2JMjhGNzB-18 6 63
PERSONNEL PREFIX 746 wc2JMjhGNzB-18 10 688
PERSONNEL PREFIX 748 wc2JMjhGNzB-18 7 126
PERSONNEL PREFIX 737 wc2JMjhGNzB-15 16 2328
PERSONNEL PREFIX 751 wc2JMjhGNzB-18 2 3
PERSONNEL PREFIX 752 wc2JMjhGNzB-18 6 63
PERSONNEL PREFIX 749 wc2JMjhGNzB-18 8 247
PERSONNEL PREFIX 754 wc2JMjhGNzB-18 3 7
PERSONNEL PREFIX 745 wc2JMjhGNzB-18 13 1563
PERSONNEL PREFIX 756 wc2JMjhGNzB-20 3 7
PERSONNEL PREFIX 755 wc2JMjhGNzB-20 9 442
PERSONNEL PREFIX 757 wc2JMjhGNzB-20 11 1004
PERSONNEL PREFIX 753 wc2JMjhGNzB-18 13 1560
PERSONNEL PREFIX 760 wc2JMjhGNzB-20 6 63
PERSONNEL PREFIX 761 wc2JMjhGNzB-20 7 126
PERSONNEL PREFIX 759 wc2JMjhGNzB-20 10 688
PERSONNEL PREFIX 762 wc2JMjhGNzB-20 8 247
PERSONNEL PREFIX 764 wc2JMjhGNzB-20 2 3
PERSONNEL PREFIX 765 wc2JMjhGNzB-20 6 63
PERSONNEL PREFIX 758 wc2JMjhGNzB-20 13 1563
PERSONNEL PREFIX 767 wc2JMjhGNzB-20 3 7
PERSONNEL PREFIX 750 wc2JMjhGNzB-18 16 2328
PERSONNEL PREFIX 769 wc2JMjhGNzB-40 3 7
PERSONNEL PREFIX 768 wc2JMjhGNzB-40 9 442
PERSONNEL PREFIX 770 wc2JMjhGNzB-40 11 1004
PERSONNEL PREFIX 766 wc2JMjhGNzB-20 13 1560
PERSONNEL PREFIX 773 wc2JMjhGNzB-40 6 63
PERSONNEL PREFIX 774 wc2JMjhGNzB-40 7 126
PERSONNEL PREFIX 772 wc2JMjhGNzB-40 10 688
PERSONNEL PREFIX 775 wc2JMjhGNzB-40 8 247
PERSONNEL PREFIX 777 wc2JMjhGNzB-40 2 3
PERSONNEL PREFIX 778 wc2JMjhGNzB-40 6 63
PERSONNEL PREFIX 771 wc2JMjhGNzB-40 13 1563
PERSONNEL PREFIX 780 wc2JMjhGNzB-40 3 7
PERSONNEL PREFIX 763 wc2JMjhGNzB-20 16 2328
PERSONNEL PREFIX 782 wc2JMjhGNzB-53 2 3
PERSONNEL PREFIX 781 wc2JMjhGNzB-53 9 442
PERSONNEL PREFIX 779 wc2JMjhGNzB-40 13 1560
PERSONNEL PREFIX 783 wc2JMjhGNzB-53 11 1004
PERSONNEL PREFIX 786 wc2JMjhGNzB-53 6 63
PERSONNEL PREFIX 787 wc2JMjhGNzB-53 6 63
PERSONNEL PREFIX 788 wc2JMjhGNzB-53 7 127
PERSONNEL PREFIX 776 wc2JMjhGNzB-40 16 2328
PERSONNEL PREFIX 790 wc2JMjhGNzB-53 2 3
PERSONNEL PREFIX 791 wc2JMjhGNzB-53 5 31
PERSONNEL PREFIX 785 wc2JMjhGNzB-53 10 688
PERSONNEL PREFIX 793 wc2JMjhGNzB-53 3 7
PERSONNEL PREFIX 784 wc2JMjhGNzB-53 12 1288
PERSONNEL PREFIX 795 wc2JMjhGNzB-56 3 7
PERSONNEL PREFIX 794 wc2JMjhGNzB-56 9 442
PERSONNEL PREFIX 796 wc2JMjhGNzB-56 10 705
PERSONNEL PREFIX 798 wc2JMjhGNzB-56 9 426
PERSONNEL PREFIX 799 wc2JMjhGNzB-56 6 63
PERSONNEL PREFIX 800 wc2JMjhGNzB-56 7 126
PERSONNEL PREFIX 792 wc2JMjhGNzB-53 13 1560
PERSONNEL PREFIX 801 wc2JMjhGNzB-56 8 247
PERSONNEL PREFIX 803 wc2JMjhGNzB-56 2 3
PERSONNEL PREFIX 804 wc2JMjhGNzB-56 6 63
PERSONNEL PREFIX 797 wc2JMjhGNzB-56 13 1563
PERSONNEL PREFIX 806 wc2JMjhGNzB-56 2 3
PERSONNEL PREFIX 807 wc2JMjhGNzB-59 9 442
PERSONNEL PREFIX 808 wc2JMjhGNzB-59 3 7
PERSONNEL PREFIX 789 wc2JMjhGNzB-53 16 2328
PERSONNEL PREFIX 809 wc2JMjhGNzB-59 11 1004
PERSONNEL PREFIX 805 wc2JMjhGNzB-56 13 1560
PERSONNEL PREFIX 812 wc2JMjhGNzB-59 6 63
PERSONNEL PREFIX 813 wc2JMjhGNzB-59 7 126
PERSONNEL PREFIX 802 wc2JMjhGNzB-56 15 2089
PERSONNEL PREFIX 814 wc2JMjhGNzB-59 8 247
PERSONNEL PREFIX 816 wc2JMjhGNzB-59 2 3
PERSONNEL PREFIX 817 wc2JMjhGNzB-59 6 63
PERSONNEL PREFIX 810 wc2JMjhGNzB-59 13 1563
PERSONNEL PREFIX 819 wc2JMjhGNzB-59 3 7
PERSONNEL PREFIX 811 wc2JMjhGNzB-59 10 688
PERSONNEL PREFIX 821 wc2JMjhGNzB-60 2 3
PERSONNEL PREFIX 820 wc2JMjhGNzB-60 9 442
PERSONNEL PREFIX 822 wc2JMjhGNzB-60 11 1004
PERSONNEL PREFIX 818 wc2JMjhGNzB-59 13 1560
PERSONNEL PREFIX 825 wc2JMjhGNzB-60 6 63
PERSONNEL PREFIX 826 wc2JMjhGNzB-60 6 63
PERSONNEL PREFIX 823 wc2JMjhGNzB-60 12 1288
PERSONNEL PREFIX 824 wc2JMjhGNzB-60 10 688
PERSONNEL PREFIX 829 wc2JMjhGNzB-60 2 3
PERSONNEL PREFIX 827 wc2JMjhGNzB-60 7 127
PERSONNEL PREFIX 830 wc2JMjhGNzB-60 5 31
PERSONNEL PREFIX 832 wc2JMjhGNzB-60 3 7
PERSONNEL PREFIX 815 wc2JMjhGNzB-59 16 2328
PERSONNEL PREFIX 834 x8F5xyUWy9e-09 3 7
PERSONNEL PREFIX 833 x8F5xyUWy9e-09 10 707
PERSONNEL PREFIX 835 x8F5xyUWy9e-09 10 713
PERSONNEL PREFIX 837 x8F5xyUWy9e-09 6 63
PERSONNEL PREFIX 831 wc2JMjhGNzB-60 13 1560
PERSONNEL PREFIX 839 x8F5xyUWy9e-09 7 126
PERSONNEL PREFIX 838 x8F5xyUWy9e-09 10 699
PERSONNEL PREFIX 841 x8F5xyUWy9e-09 10 718
PERSONNEL PREFIX 842 x8F5xyUWy9e-09 2 3
PERSONNEL PREFIX 828 wc2JMjhGNzB-60 16 2328
PERSONNEL PREFIX 844 x8F5xyUWy9e-09 7 127
PERSONNEL PREFIX 845 x8F5xyUWy9e-09 9 440
PERSONNEL PREFIX 846 yqstnuAEVhm-04 6 63
PERSONNEL PREFIX 840 x8F5xyUWy9e-09 14 1824
PERSONNEL PREFIX 836 x8F5xyUWy9e-09 17 2565
PERSONNEL PREFIX 847 yqstnuAEVhm-04 8 245
PERSONNEL PREFIX 850 yqstnuAEVhm-04 6 63
PERSONNEL PREFIX 848 yqstnuAEVhm-04 8 249
PERSONNEL PREFIX 852 yqstnuAEVhm-04 6 63
PERSONNEL PREFIX 843 x8F5xyUWy9e-09 12 1287
PERSONNEL PREFIX 853 yqstnuAEVhm-04 8 248
PERSONNEL PREFIX 855 yqstnuAEVhm-04 3 7
PERSONNEL PREFIX 856 yqstnuAEVhm-04 5 31
PERSONNEL PREFIX 857 yqstnuAEVhm-04 2 3
PERSONNEL PREFIX 858 yqstnuAEVhm-04 7 127
PERSONNEL PREFIX 851 yqstnuAEVhm-04 10 699
PERSONNEL PREFIX 860 yqstnuAEVhm-15 6 63
PERSONNEL PREFIX 859 yqstnuAEVhm-04 9 440
PERSONNEL PREFIX 861 yqstnuAEVhm-15 9 438
PERSONNEL PREFIX 862 yqstnuAEVhm-15 8 249
PERSONNEL PREFIX 864 yqstnuAEVhm-15 7 126
PERSONNEL PREFIX 865 yqstnuAEVhm-15 10 699
PERSONNEL PREFIX 854 yqstnuAEVhm-04 15 2096
PERSONNEL PREFIX 866 yqstnuAEVhm-15 6 63
PERSONNEL PREFIX 849 yqstnuAEVhm-04 16 2340
PERSONNEL PREFIX 869 yqstnuAEVhm-15 3 7
PERSONNEL PREFIX 870 yqstnuAEVhm-15 6 63
PERSONNEL PREFIX 871 yqstnuAEVhm-15 3 7
PERSONNEL PREFIX 867 yqstnuAEVhm-15 9 450
PERSONNEL PREFIX 872 yqstnuAEVhm-15 7 127
PERSONNEL PREFIX 874 yqstnuAEVhm-25 6 63
PERSONNEL PREFIX 873 yqstnuAEVhm-15 9 440
PERSONNEL PREFIX 875 yqstnuAEVhm-25 8 245
PERSONNEL PREFIX 876 yqstnuAEVhm-25 8 249
PERSONNEL PREFIX 878 yqstnuAEVhm-25 6 63
PERSONNEL PREFIX 863 yqstnuAEVhm-15 16 2340
PERSONNEL PREFIX 880 yqstnuAEVhm-25 6 63
PERSONNEL PREFIX 879 yqstnuAEVhm-25 10 699
PERSONNEL PREFIX 881 yqstnuAEVhm-25 8 248
PERSONNEL PREFIX 883 yqstnuAEVhm-25 3 7
PERSONNEL PREFIX 884 yqstnuAEVhm-25 5 31
PERSONNEL PREFIX 885 yqstnuAEVhm-25 2 3
PERSONNEL PREFIX 868 yqstnuAEVhm-15 15 2096
PERSONNEL PREFIX 886 yqstnuAEVhm-25 7 127
PERSONNEL PREFIX 888 yqstnuAEVhm-26 6 63
PERSONNEL PREFIX 887 yqstnuAEVhm-25 9 440
PERSONNEL PREFIX 889 yqstnuAEVhm-26 9 438
PERSONNEL PREFIX 890 yqstnuAEVhm-26 8 249
PERSONNEL PREFIX 892 yqstnuAEVhm-26 7 126
PERSONNEL PREFIX 893 yqstnuAEVhm-26 10 699
PERSONNEL PREFIX 894 yqstnuAEVhm-26 6 63
PERSONNEL PREFIX 895 yqstnuAEVhm-26 9 450
PERSONNEL PREFIX 877 yqstnuAEVhm-25 16 2340
PERSONNEL PREFIX 897 yqstnuAEVhm-26 3 7
PERSONNEL PREFIX 898 yqstnuAEVhm-26 6 63
PERSONNEL PREFIX 899 yqstnuAEVhm-26 3 7
PERSONNEL PREFIX 900 yqstnuAEVhm-26 7 127
PERSONNEL PREFIX 882 yqstnuAEVhm-25 15 2096
PERSONNEL PREFIX 902 yqstnuAEVhm-31 6 63
PERSONNEL PREFIX 903 yqstnuAEVhm-31 6 63
PERSONNEL PREFIX 901 yqstnuAEVhm-26 9 440
PERSONNEL PREFIX 904 yqstnuAEVhm-31 7 127
PERSONNEL PREFIX 891 yqstnuAEVhm-26 16 2340
PERSONNEL PREFIX 906 yqstnuAEVhm-31 5 31
PERSONNEL PREFIX 908 yqstnuAEVhm-31 5 31
PERSONNEL PREFIX 907 yqstnuAEVhm-31 9 445
PERSONNEL PREFIX 909 yqstnuAEVhm-31 9 450
PERSONNEL PREFIX 911 yqstnuAEVhm-31 3 7
PERSONNEL PREFIX 912 yqstnuAEVhm-31 6 63
PERSONNEL PREFIX 913 yqstnuAEVhm-31 2 3
PERSONNEL PREFIX 914 yqstnuAEVhm-31 6 63
PERSONNEL PREFIX 915 yqstnuAEVhm-31 8 247
PERSONNEL PREFIX 916 yqstnuAEVhm-32 6 63
PERSONNEL PREFIX 896 yqstnuAEVhm-26 15 2096
PERSONNEL PREFIX 918 yqstnuAEVhm-32 8 249
PERSONNEL PREFIX 910 yqstnuAEVhm-31 11 991
PERSONNEL PREFIX 917 yqstnuAEVhm-32 9 438
PERSONNEL PREFIX 920 yqstnuAEVhm-32 7 126
PERSONNEL PREFIX 922 yqstnuAEVhm-32 6 63
PERSONNEL PREFIX 905 yqstnuAEVhm-31 14 1829
PERSONNEL PREFIX 923 yqstnuAEVhm-32 9 450
PERSONNEL PREFIX 925 yqstnuAEVhm-32 3 7
PERSONNEL PREFIX 926 yqstnuAEVhm-32 6 63
PERSONNEL PREFIX 921 yqstnuAEVhm-32 10 699
PERSONNEL PREFIX 927 yqstnuAEVhm-32 3 7
PERSONNEL PREFIX 928 yqstnuAEVhm-32 7 127
PERSONNEL PREFIX 930 yqstnuAEVhm-34 6 63
PERSONNEL PREFIX 929 yqstnuAEVhm-32 9 440
PERSONNEL PREFIX 931 yqstnuAEVhm-34 9 438
PERSONNEL PREFIX 932 yqstnuAEVhm-34 8 249
PERSONNEL PREFIX 934 yqstnuAEVhm-34 7 126
PERSONNEL PREFIX 935 yqstnuAEVhm-34 10 699
PERSONNEL PREFIX 936 yqstnuAEVhm-34 6 63
PERSONNEL PREFIX 937 yqstnuAEVhm-34 9 450
PERSONNEL PREFIX 919 yqstnuAEVhm-32 16 2340
PERSONNEL PREFIX 939 yqstnuAEVhm-34 3 7
PERSONNEL PREFIX 940 yqstnuAEVhm-34 6 63
PERSONNEL PREFIX 941 yqstnuAEVhm-34 3 7
PERSONNEL PREFIX 924 yqstnuAEVhm-32 15 2096
PERSONNEL PREFIX 942 yqstnuAEVhm-34 7 127
PERSONNEL PREFIX 933 yqstnuAEVhm-34 16 2340
PERSONNEL PREFIX 943 yqstnuAEVhm-34 9 440
PERSONNEL PREFIX 938 yqstnuAEVhm-34 15 2096
