PREFIX 2 2t7WUuJeko7-13 effective_history automatic N 1 distinct_prefixes 1
PREFIX 0 2t7WUuJeko7-06 effective_history automatic N 3 distinct_prefixes 7
PREFIX 1 2t7WUuJeko7-09 effective_history automatic N 3 distinct_prefixes 7
PREFIX 3 7y3sRwLe3Va-03 effective_history automatic N 5 distinct_prefixes 31
PREFIX 4 7y3sRwLe3Va-04 effective_history automatic N 24 distinct_prefixes 4100
PREFIX 8 7y3sRwLe3Va-17 effective_history automatic N 5 distinct_prefixes 31
PREFIX 9 7y3sRwLe3Va-18 effective_history automatic N 6 distinct_prefixes 63
PREFIX 10 7y3sRwLe3Va-19 effective_history automatic N 6 distinct_prefixes 63
PREFIX 11 7y3sRwLe3Va-19 effective_history automatic N 4 distinct_prefixes 15
PREFIX 12 7y3sRwLe3Va-21 effective_history automatic N 4 distinct_prefixes 15
PREFIX 13 7y3sRwLe3Va-21 effective_history automatic N 4 distinct_prefixes 15
PREFIX 14 7y3sRwLe3Va-22 effective_history automatic N 5 distinct_prefixes 31
PREFIX 15 7y3sRwLe3Va-23 effective_history automatic N 5 distinct_prefixes 31
PREFIX 16 7y3sRwLe3Va-26 effective_history automatic N 5 distinct_prefixes 31
PREFIX 7 7y3sRwLe3Va-13 effective_history automatic N 24 distinct_prefixes 4100
PREFIX 6 7y3sRwLe3Va-12 effective_history automatic N 23 distinct_prefixes 3894
PREFIX 19 B6ByNegPMKs-18 effective_history automatic N 5 distinct_prefixes 31
PREFIX 20 B6ByNegPMKs-18 effective_history automatic N 4 distinct_prefixes 15
PREFIX 21 B6ByNegPMKs-21 effective_history automatic N 5 distinct_prefixes 31
PREFIX 22 B6ByNegPMKs-21 effective_history automatic N 4 distinct_prefixes 15
PREFIX 5 7y3sRwLe3Va-08 effective_history automatic N 24 distinct_prefixes 4100
PREFIX 17 B6ByNegPMKs-10 effective_history automatic N 24 distinct_prefixes 4100
PREFIX 25 B6ByNegPMKs-37 effective_history automatic N 6 distinct_prefixes 63
PREFIX 26 B6ByNegPMKs-37 effective_history automatic N 4 distinct_prefixes 15
PREFIX 18 B6ByNegPMKs-11 effective_history automatic N 24 distinct_prefixes 4100
PREFIX 28 B6ByNegPMKs-47 effective_history automatic N 5 distinct_prefixes 31
PREFIX 29 B6ByNegPMKs-48 effective_history automatic N 6 distinct_prefixes 63
PREFIX 30 B6ByNegPMKs-50 effective_history automatic N 5 distinct_prefixes 31
PREFIX 23 B6ByNegPMKs-22 effective_history automatic N 24 distinct_prefixes 4100
PREFIX 32 S9hNv5qa7GM-04 effective_history automatic N 1 distinct_prefixes 1
PREFIX 33 S9hNv5qa7GM-05 effective_history automatic N 2 distinct_prefixes 3
PREFIX 34 S9hNv5qa7GM-09 effective_history automatic N 1 distinct_prefixes 1
PREFIX 35 S9hNv5qa7GM-12 effective_history automatic N 1 distinct_prefixes 1
PREFIX 24 B6ByNegPMKs-33 effective_history automatic N 23 distinct_prefixes 3886
PREFIX 37 S9hNv5qa7GM-18 effective_history automatic N 2 distinct_prefixes 3
PREFIX 38 S9hNv5qa7GM-20 effective_history automatic N 1 distinct_prefixes 1
PREFIX 39 S9hNv5qa7GM-21 effective_history automatic N 3 distinct_prefixes 7
PREFIX 40 UwV83HsGsw3-01 effective_history automatic N 3 distinct_prefixes 7
PREFIX 41 UwV83HsGsw3-01 effective_history automatic N 4 distinct_prefixes 15
PREFIX 42 UwV83HsGsw3-03 effective_history automatic N 5 distinct_prefixes 31
PREFIX 36 S9hNv5qa7GM-15 effective_history automatic N 20 distinct_prefixes 3232
PREFIX 27 B6ByNegPMKs-40 effective_history automatic N 24 distinct_prefixes 4100
PREFIX 31 S9hNv5qa7GM-01 effective_history automatic N 19 distinct_prefixes 3014
PREFIX 43 UwV83HsGsw3-06 effective_history automatic N 24 distinct_prefixes 4100
PREFIX 47 UwV83HsGsw3-12 effective_history automatic N 6 distinct_prefixes 63
PREFIX 48 UwV83HsGsw3-12 effective_history automatic N 4 distinct_prefixes 15
PREFIX 49 UwV83HsGsw3-16 effective_history automatic N 5 distinct_prefixes 31
PREFIX 44 UwV83HsGsw3-08 effective_history automatic N 23 distinct_prefixes 3888
PREFIX 51 UwV83HsGsw3-22 effective_history automatic N 5 distinct_prefixes 31
PREFIX 45 UwV83HsGsw3-09 effective_history automatic N 24 distinct_prefixes 4100
PREFIX 53 VFuaQ6m2Qom-01 effective_history automatic N 2 distinct_prefixes 3
PREFIX 54 VFuaQ6m2Qom-03 effective_history automatic N 2 distinct_prefixes 3
PREFIX 46 UwV83HsGsw3-10 effective_history automatic N 24 distinct_prefixes 4100
PREFIX 55 VFuaQ6m2Qom-04 effective_history automatic N 7 distinct_prefixes 127
PREFIX 57 VFuaQ6m2Qom-10 effective_history automatic N 5 distinct_prefixes 31
PREFIX 58 VLzqgDo317F-02 effective_history automatic N 2 distinct_prefixes 3
PREFIX 50 UwV83HsGsw3-17 effective_history automatic N 23 distinct_prefixes 3889
PREFIX 60 X7HyMhZNoso-07 effective_history automatic N 5 distinct_prefixes 31
PREFIX 56 VFuaQ6m2Qom-07 effective_history automatic N 19 distinct_prefixes 3016
PREFIX 62 X7HyMhZNoso-19 effective_history automatic N 5 distinct_prefixes 31
PREFIX 63 X7HyMhZNoso-19 effective_history automatic N 3 distinct_prefixes 7
PREFIX 64 Z6MFQCViBuw-02 effective_history automatic N 5 distinct_prefixes 31
PREFIX 65 Z6MFQCViBuw-02 effective_history automatic N 4 distinct_prefixes 15
PREFIX 66 Z6MFQCViBuw-03 effective_history automatic N 5 distinct_prefixes 31
PREFIX 67 Z6MFQCViBuw-03 effective_history automatic N 5 distinct_prefixes 31
PREFIX 68 Z6MFQCViBuw-06 effective_history automatic N 5 distinct_prefixes 31
PREFIX 59 X7HyMhZNoso-05 effective_history automatic N 24 distinct_prefixes 4100
PREFIX 52 UwV83HsGsw3-23 effective_history automatic N 24 distinct_prefixes 4100
PREFIX 61 X7HyMhZNoso-13 effective_history automatic N 24 distinct_prefixes 4100
PREFIX 72 b8cTxDM8gDG-17 effective_history automatic N 5 distinct_prefixes 31
PREFIX 73 b8cTxDM8gDG-18 effective_history automatic N 6 distinct_prefixes 63
PREFIX 69 Z6MFQCViBuw-10 effective_history automatic N 24 distinct_prefixes 4100
PREFIX 75 e9zR4mvMWw7-02 effective_history automatic N 6 distinct_prefixes 63
PREFIX 71 b8cTxDM8gDG-07 effective_history automatic N 24 distinct_prefixes 4100
PREFIX 77 e9zR4mvMWw7-09 effective_history automatic N 6 distinct_prefixes 63
PREFIX 74 b8cTxDM8gDG-19 effective_history automatic N 23 distinct_prefixes 3894
PREFIX 76 e9zR4mvMWw7-03 effective_history automatic N 24 distinct_prefixes 4100
PREFIX 80 e9zR4mvMWw7-17 effective_history automatic N 6 distinct_prefixes 63
PREFIX 70 b8cTxDM8gDG-04 effective_history automatic N 24 distinct_prefixes 4100
PREFIX 78 e9zR4mvMWw7-10 effective_history automatic N 24 distinct_prefixes 4100
PREFIX 79 e9zR4mvMWw7-16 effective_history automatic N 24 distinct_prefixes 4100
PREFIX 84 jh4fc5c5qoQ-02 effective_history automatic N 4 distinct_prefixes 15
PREFIX 85 jh4fc5c5qoQ-04 effective_history automatic N 2 distinct_prefixes 3
PREFIX 86 jh4fc5c5qoQ-09 effective_history automatic N 2 distinct_prefixes 3
PREFIX 87 jh4fc5c5qoQ-10 effective_history automatic N 2 distinct_prefixes 3
PREFIX 88 jh4fc5c5qoQ-12 effective_history automatic N 2 distinct_prefixes 3
PREFIX 89 jh4fc5c5qoQ-13 effective_history automatic N 1 distinct_prefixes 1
PREFIX 90 jh4fc5c5qoQ-14 effective_history automatic N 2 distinct_prefixes 3
PREFIX 91 jtcxE69GiFV-03 effective_history automatic N 3 distinct_prefixes 7
PREFIX 92 jtcxE69GiFV-04 effective_history automatic N 3 distinct_prefixes 7
PREFIX 93 jtcxE69GiFV-05 effective_history automatic N 6 distinct_prefixes 63
PREFIX 94 jtcxE69GiFV-09 effective_history automatic N 1 distinct_prefixes 1
PREFIX 95 jtcxE69GiFV-10 effective_history automatic N 1 distinct_prefixes 1
PREFIX 96 jtcxE69GiFV-11 effective_history automatic N 2 distinct_prefixes 3
PREFIX 97 jtcxE69GiFV-12 effective_history automatic N 1 distinct_prefixes 1
PREFIX 98 jtcxE69GiFV-13 effective_history automatic N 2 distinct_prefixes 3
PREFIX 99 jtcxE69GiFV-17 effective_history automatic N 1 distinct_prefixes 1
PREFIX 100 jtcxE69GiFV-18 effective_history automatic N 4 distinct_prefixes 15
PREFIX 101 jtcxE69GiFV-22 effective_history automatic N 2 distinct_prefixes 3
PREFIX 102 jtcxE69GiFV-23 effective_history automatic N 1 distinct_prefixes 1
PREFIX 103 jtcxE69GiFV-26 effective_history automatic N 4 distinct_prefixes 15
PREFIX 104 jtcxE69GiFV-28 effective_history automatic N 4 distinct_prefixes 15
PREFIX 105 jtcxE69GiFV-30 effective_history automatic N 1 distinct_prefixes 1
PREFIX 106 jtcxE69GiFV-31 effective_history automatic N 1 distinct_prefixes 1
PREFIX 107 pRbA3pwrgk9-01 effective_history automatic N 3 distinct_prefixes 7
PREFIX 108 pRbA3pwrgk9-02 effective_history automatic N 6 distinct_prefixes 63
PREFIX 109 pRbA3pwrgk9-04 effective_history automatic N 1 distinct_prefixes 1
PREFIX 110 pRbA3pwrgk9-05 effective_history automatic N 1 distinct_prefixes 1
PREFIX 111 pRbA3pwrgk9-06 effective_history automatic N 3 distinct_prefixes 7
PREFIX 82 e9zR4mvMWw7-32 effective_history automatic N 24 distinct_prefixes 4100
PREFIX 112 pRbA3pwrgk9-07 effective_history automatic N 5 distinct_prefixes 31
PREFIX 113 pRbA3pwrgk9-10 effective_history automatic N 2 distinct_prefixes 3
PREFIX 115 pRbA3pwrgk9-12 effective_history automatic N 2 distinct_prefixes 3
PREFIX 116 pRbA3pwrgk9-14 effective_history automatic N 2 distinct_prefixes 3
PREFIX 117 pRbA3pwrgk9-16 effective_history automatic N 2 distinct_prefixes 3
PREFIX 118 pa4otMbVnkk-05 effective_history automatic N 2 distinct_prefixes 3
PREFIX 119 pa4otMbVnkk-06 effective_history automatic N 1 distinct_prefixes 1
PREFIX 120 pa4otMbVnkk-09 effective_history automatic N 2 distinct_prefixes 3
PREFIX 121 pa4otMbVnkk-10 effective_history automatic N 3 distinct_prefixes 7
PREFIX 122 pa4otMbVnkk-11 effective_history automatic N 1 distinct_prefixes 1
PREFIX 123 pa4otMbVnkk-14 effective_history automatic N 6 distinct_prefixes 63
PREFIX 124 pa4otMbVnkk-17 effective_history automatic N 3 distinct_prefixes 7
PREFIX 125 pa4otMbVnkk-18 effective_history automatic N 1 distinct_prefixes 1
PREFIX 126 pa4otMbVnkk-42 effective_history automatic N 1 distinct_prefixes 1
PREFIX 127 pa4otMbVnkk-44 effective_history automatic N 1 distinct_prefixes 1
PREFIX 128 pa4otMbVnkk-48 effective_history automatic N 1 distinct_prefixes 1
PREFIX 129 q9vSo1VnCiC-01 effective_history automatic N 5 distinct_prefixes 31
PREFIX 130 q9vSo1VnCiC-01 effective_history automatic N 4 distinct_prefixes 15
PREFIX 81 e9zR4mvMWw7-19 effective_history automatic N 24 distinct_prefixes 4100
PREFIX 132 q9vSo1VnCiC-03 effective_history automatic N 5 distinct_prefixes 31
PREFIX 133 q9vSo1VnCiC-04 effective_history automatic N 3 distinct_prefixes 7
PREFIX 83 e9zR4mvMWw7-39 effective_history automatic N 23 distinct_prefixes 3891
PREFIX 135 q9vSo1VnCiC-11 effective_history automatic N 5 distinct_prefixes 31
PREFIX 136 q9vSo1VnCiC-12 effective_history automatic N 6 distinct_prefixes 63
PREFIX 137 q9vSo1VnCiC-12 effective_history automatic N 4 distinct_prefixes 15
PREFIX 114 pRbA3pwrgk9-11 effective_history automatic N 17 distinct_prefixes 2555
PREFIX 131 q9vSo1VnCiC-02 effective_history automatic N 24 distinct_prefixes 4100
PREFIX 134 q9vSo1VnCiC-09 effective_history automatic N 24 distinct_prefixes 4100
PREFIX 140 q9vSo1VnCiC-16 effective_history automatic N 5 distinct_prefixes 31
PREFIX 141 q9vSo1VnCiC-16 effective_history automatic N 3 distinct_prefixes 7
PREFIX 139 q9vSo1VnCiC-15 effective_history automatic N 24 distinct_prefixes 4100
PREFIX 143 q9vSo1VnCiC-24 effective_history automatic N 6 distinct_prefixes 63
PREFIX 144 q9vSo1VnCiC-29 effective_history automatic N 5 distinct_prefixes 31
PREFIX 145 q9vSo1VnCiC-30 effective_history automatic N 5 distinct_prefixes 31
PREFIX 138 q9vSo1VnCiC-13 no_borrowed_training_view automatic N 23 distinct_prefixes 3894
PREFIX 138 q9vSo1VnCiC-13 effective_history automatic N 24 distinct_prefixes 4100
PREFIX 147 q9vSo1VnCiC-34 effective_history automatic N 5 distinct_prefixes 31
PREFIX 149 rPc6DW4iMge-05 effective_history automatic N 5 distinct_prefixes 31
PREFIX 142 q9vSo1VnCiC-23 effective_history automatic N 24 distinct_prefixes 4100
PREFIX 146 q9vSo1VnCiC-32 effective_history automatic N 24 distinct_prefixes 4100
PREFIX 152 rPc6DW4iMge-13 effective_history automatic N 5 distinct_prefixes 31
PREFIX 148 rPc6DW4iMge-01 effective_history automatic N 23 distinct_prefixes 3889
PREFIX 154 rPc6DW4iMge-16 effective_history automatic N 6 distinct_prefixes 63
PREFIX 151 rPc6DW4iMge-09 effective_history automatic N 24 distinct_prefixes 4100
PREFIX 150 rPc6DW4iMge-06 effective_history automatic N 24 distinct_prefixes 4100
PREFIX 153 rPc6DW4iMge-15 effective_history automatic N 23 distinct_prefixes 3889
PREFIX 156 rPc6DW4iMge-20 effective_history automatic N 24 distinct_prefixes 4100
PREFIX 155 rPc6DW4iMge-17 effective_history automatic N 22 distinct_prefixes 3676
PREFIX 158 uNb9QFRL6hY-06 effective_history automatic N 24 distinct_prefixes 4100
PREFIX 159 uNb9QFRL6hY-08 effective_history automatic N 23 distinct_prefixes 3889
PREFIX 157 rPc6DW4iMge-22 effective_history automatic N 24 distinct_prefixes 4100
PREFIX 162 uNb9QFRL6hY-26 effective_history automatic N 5 distinct_prefixes 31
PREFIX 163 uNb9QFRL6hY-29 effective_history automatic N 5 distinct_prefixes 31
PREFIX 164 uNb9QFRL6hY-32 effective_history automatic N 5 distinct_prefixes 31
PREFIX 165 uNb9QFRL6hY-36 effective_history automatic N 3 distinct_prefixes 7
PREFIX 166 uNb9QFRL6hY-36 effective_history automatic N 4 distinct_prefixes 15
PREFIX 167 uNb9QFRL6hY-40 effective_history automatic N 5 distinct_prefixes 31
PREFIX 168 uNb9QFRL6hY-40 effective_history automatic N 4 distinct_prefixes 15
PREFIX 169 uNb9QFRL6hY-44 effective_history automatic N 5 distinct_prefixes 31
PREFIX 170 uNb9QFRL6hY-44 effective_history automatic N 5 distinct_prefixes 31
PREFIX 160 uNb9QFRL6hY-21 effective_history automatic N 21 distinct_prefixes 3456
PREFIX 160 uNb9QFRL6hY-21 effective_history human_correspondence N 21 distinct_prefixes 3456
PREFIX 171 uNb9QFRL6hY-45 effective_history automatic N 23 distinct_prefixes 3889
PREFIX 161 uNb9QFRL6hY-25 effective_history automatic N 23 distinct_prefixes 3889
PREFIX 174 uNb9QFRL6hY-51 effective_history automatic N 6 distinct_prefixes 63
PREFIX 172 uNb9QFRL6hY-47 effective_history automatic N 23 distinct_prefixes 3895
PREFIX 176 uNb9QFRL6hY-54 effective_history automatic N 6 distinct_prefixes 63
PREFIX 177 uNb9QFRL6hY-54 effective_history automatic N 4 distinct_prefixes 15
PREFIX 172 uNb9QFRL6hY-47 no_borrowed_training_view automatic N 22 distinct_prefixes 3689
PREFIX 173 uNb9QFRL6hY-50 effective_history automatic N 23 distinct_prefixes 3889
PREFIX 175 uNb9QFRL6hY-52 effective_history automatic N 23 distinct_prefixes 3894
PREFIX 178 uNb9QFRL6hY-56 effective_history automatic N 24 distinct_prefixes 4100
PREFIX 182 uNb9QFRL6hY-66 effective_history automatic N 5 distinct_prefixes 31
PREFIX 183 uNb9QFRL6hY-67 effective_history automatic N 5 distinct_prefixes 31
PREFIX 184 uNb9QFRL6hY-68 effective_history automatic N 5 distinct_prefixes 31
PREFIX 185 uNb9QFRL6hY-68 effective_history automatic N 5 distinct_prefixes 31
PREFIX 186 uNb9QFRL6hY-69 effective_history automatic N 5 distinct_prefixes 31
PREFIX 187 uNb9QFRL6hY-69 effective_history automatic N 4 distinct_prefixes 15
PREFIX 180 uNb9QFRL6hY-63 effective_history automatic N 24 distinct_prefixes 4100
PREFIX 189 uNb9QFRL6hY-82 effective_history automatic N 5 distinct_prefixes 31
PREFIX 190 uNb9QFRL6hY-83 effective_history automatic N 5 distinct_prefixes 31
PREFIX 179 uNb9QFRL6hY-60 effective_history automatic N 21 distinct_prefixes 3457
PREFIX 191 uNb9QFRL6hY-88 effective_history automatic N 4 distinct_prefixes 15
PREFIX 192 wc2JMjhGNzB-03 effective_history automatic N 5 distinct_prefixes 31
PREFIX 193 wc2JMjhGNzB-14 effective_history automatic N 5 distinct_prefixes 31
PREFIX 181 uNb9QFRL6hY-65 effective_history automatic N 24 distinct_prefixes 4100
PREFIX 188 uNb9QFRL6hY-70 effective_history automatic N 24 distinct_prefixes 4100
PREFIX 197 wc2JMjhGNzB-26 effective_history automatic N 6 distinct_prefixes 63
PREFIX 198 wc2JMjhGNzB-30 effective_history automatic N 6 distinct_prefixes 63
PREFIX 199 wc2JMjhGNzB-30 effective_history automatic N 4 distinct_prefixes 15
PREFIX 195 wc2JMjhGNzB-18 effective_history automatic N 24 distinct_prefixes 4100
PREFIX 194 wc2JMjhGNzB-15 effective_history automatic N 24 distinct_prefixes 4100
PREFIX 202 wc2JMjhGNzB-46 effective_history automatic N 4 distinct_prefixes 15
PREFIX 201 wc2JMjhGNzB-46 effective_history automatic N 6 distinct_prefixes 63
PREFIX 204 wc2JMjhGNzB-54 effective_history automatic N 5 distinct_prefixes 31
PREFIX 205 wc2JMjhGNzB-54 effective_history automatic N 4 distinct_prefixes 15
PREFIX 196 wc2JMjhGNzB-20 effective_history automatic N 24 distinct_prefixes 4100
PREFIX 200 wc2JMjhGNzB-40 effective_history automatic N 24 distinct_prefixes 4100
PREFIX 206 wc2JMjhGNzB-56 effective_history automatic N 23 distinct_prefixes 3894
PREFIX 209 wc2JMjhGNzB-67 effective_history automatic N 5 distinct_prefixes 31
PREFIX 210 wc2JMjhGNzB-67 effective_history automatic N 4 distinct_prefixes 15
PREFIX 211 x8F5xyUWy9e-01 effective_history automatic N 5 distinct_prefixes 31
PREFIX 212 x8F5xyUWy9e-03 effective_history automatic N 5 distinct_prefixes 31
PREFIX 213 x8F5xyUWy9e-08 effective_history automatic N 5 distinct_prefixes 31
PREFIX 207 wc2JMjhGNzB-59 effective_history automatic N 24 distinct_prefixes 4100
PREFIX 203 wc2JMjhGNzB-53 effective_history automatic N 23 distinct_prefixes 3889
PREFIX 215 yqstnuAEVhm-01 effective_history automatic N 5 distinct_prefixes 31
PREFIX 216 yqstnuAEVhm-01 effective_history automatic N 5 distinct_prefixes 31
PREFIX 218 yqstnuAEVhm-06 effective_history automatic N 6 distinct_prefixes 63
PREFIX 219 yqstnuAEVhm-07 effective_history automatic N 6 distinct_prefixes 63
PREFIX 220 yqstnuAEVhm-08 effective_history automatic N 5 distinct_prefixes 31
PREFIX 221 yqstnuAEVhm-09 effective_history automatic N 6 distinct_prefixes 63
PREFIX 208 wc2JMjhGNzB-60 effective_history automatic N 23 distinct_prefixes 3889
PREFIX 223 yqstnuAEVhm-24 effective_history automatic N 5 distinct_prefixes 31
PREFIX 214 x8F5xyUWy9e-09 effective_history automatic N 24 distinct_prefixes 4100
PREFIX 217 yqstnuAEVhm-04 effective_history automatic N 23 distinct_prefixes 3889
PREFIX 226 yqstnuAEVhm-27 effective_history automatic N 5 distinct_prefixes 31
PREFIX 227 yqstnuAEVhm-27 effective_history automatic N 4 distinct_prefixes 15
PREFIX 228 yqstnuAEVhm-29 effective_history automatic N 5 distinct_prefixes 31
PREFIX 222 yqstnuAEVhm-15 effective_history automatic N 24 distinct_prefixes 4100
PREFIX 224 yqstnuAEVhm-25 effective_history automatic N 23 distinct_prefixes 3889
PREFIX 225 yqstnuAEVhm-26 effective_history automatic N 24 distinct_prefixes 4100
PREFIX 232 zsNo4HB9uLZ-02 effective_history automatic N 1 distinct_prefixes 1
PREFIX 233 zsNo4HB9uLZ-05 effective_history automatic N 4 distinct_prefixes 15
PREFIX 234 zsNo4HB9uLZ-09 effective_history automatic N 4 distinct_prefixes 15
PREFIX 235 zsNo4HB9uLZ-11 effective_history automatic N 2 distinct_prefixes 3
PREFIX 236 zsNo4HB9uLZ-13 effective_history automatic N 4 distinct_prefixes 15
PREFIX 237 zsNo4HB9uLZ-16 effective_history automatic N 2 distinct_prefixes 3
PREFIX 229 yqstnuAEVhm-31 effective_history automatic N 20 distinct_prefixes 3230
PREFIX 231 yqstnuAEVhm-34 effective_history automatic N 24 distinct_prefixes 4100
PREFIX 230 yqstnuAEVhm-32 effective_history automatic N 24 distinct_prefixes 4100
