2t7WUuJeko7-07: n=8, subsets=82, failures=0
7y3sRwLe3Va-06: n=7, subsets=63, failures=0
7y3sRwLe3Va-08: n=24, subsets=359, failures=0
7y3sRwLe3Va-12: n=24, subsets=360, failures=0
7y3sRwLe3Va-26: n=5, subsets=25, failures=0
B6ByNegPMKs-40: n=22, subsets=328, failures=0
B6ByNegPMKs-42: n=8, subsets=88, failures=0
e9zR4mvMWw7-16: n=24, subsets=360, failures=0
e9zR4mvMWw7-19: n=24, subsets=361, failures=0
jtcxE69GiFV-12: n=9, subsets=100, failures=0
jtcxE69GiFV-30: n=1, subsets=1, failures=0
yqstnuAEVhm-31: n=21, subsets=312, failures=0
{
  "environment": {
    "python": "3.12.14 (main, Aug 25 2026, 14:00:49) [Clang 22.1.3 ]",
    "numpy": "1.26.4",
    "shapely": "2.0.4",
    "geos": "3.11.3"
  },
  "warning_records": 97,
  "operand_pairs": 95
}
